ARM Linker, 5.02 [Build 28] [MDK-ARM Lite]

==============================================================================

Section Cross References

    stm32f4xx_adc.o(.text) refers to stm32f4xx_rcc.o(.text) for RCC_APB2PeriphResetCmd
    stm32f4xx_gpio.o(.text) refers to stm32f4xx_rcc.o(.text) for RCC_AHB1PeriphResetCmd
    stm32f4xx_rcc.o(.text) refers to stm32f4xx_rcc.o(.data) for .data
    stm32f4xx_spi.o(.text) refers to stm32f4xx_rcc.o(.text) for RCC_APB2PeriphResetCmd
    stm32f4xx_syscfg.o(.text) refers to stm32f4xx_rcc.o(.text) for RCC_APB2PeriphResetCmd
    stm32f4xx_tim.o(.text) refers to stm32f4xx_rcc.o(.text) for RCC_APB2PeriphResetCmd
    stm32f4xx_usart.o(.text) refers to stm32f4xx_rcc.o(.text) for RCC_APB2PeriphResetCmd
    main.o(.text) refers to _printf_pad.o(.text) for _printf_pre_padding
    main.o(.text) refers to _printf_percent.o(.ARM.Collect$$_printf_percent$$00000000) for _printf_percent
    main.o(.text) refers to _printf_d.o(.ARM.Collect$$_printf_percent$$00000009) for _printf_d
    main.o(.text) refers to _printf_dec.o(.text) for _printf_int_dec
    main.o(.text) refers to sensor_function.o(.text) for lowBatCheck
    main.o(.text) refers to speedprofile.o(.text) for speedProfile
    main.o(.text) refers to delay.o(.text) for Systick_Configuration
    main.o(.text) refers to led.o(.text) for LED_Configuration
    main.o(.text) refers to button.o(.text) for button_Configuration
    main.o(.text) refers to usart.o(.text) for usart1_Configuration
    main.o(.text) refers to pwm.o(.text) for TIM4_PWM_Init
    main.o(.text) refers to encoder.o(.text) for Encoder_Configuration
    main.o(.text) refers to buzzer.o(.text) for buzzer_Configuration
    main.o(.text) refers to adc.o(.text) for ADC_Config
    main.o(.text) refers to stm32f4xx_gpio.o(.text) for GPIO_ResetBits
    main.o(.text) refers to noretval__2printf.o(.text) for __2printf
    main.o(.text) refers to initializegrid.o(.text) for initializeGrid
    main.o(.text) refers to graphics.o(.text) for visualizeGrid
    main.o(.text) refers to floodsearch.o(.text) for floodCenter
    main.o(.text) refers to test.o(.text) for speedRun
    main.o(.text) refers to main.o(.data) for .data
    main.o(.text) refers to speedprofile.o(.data) for sensorScale
    main.o(.text) refers to sensor_function.o(.data) for angle
    main.o(.text) refers to main.o(.constdata) for .constdata
    main.o(.text) refers to main.o(.bss) for .bss
    stm32f4xx_it.o(.text) refers to main.o(.text) for systick
    stm32f4xx_it.o(.text) refers to stm32f4xx_exti.o(.text) for EXTI_GetITStatus
    stm32f4xx_it.o(.text) refers to delay.o(.text) for delay_ms
    stm32f4xx_it.o(.text) refers to delay.o(.data) for Millis
    stm32f4xx_it.o(.text) refers to buzzer.o(.data) for buzzerTime
    delay.o(.text) refers to system_stm32f4xx.o(.text) for SystemInit
    delay.o(.text) refers to misc.o(.text) for NVIC_PriorityGroupConfig
    delay.o(.text) refers to system_stm32f4xx.o(.data) for SystemCoreClock
    delay.o(.text) refers to delay.o(.data) for .data
    led.o(.text) refers to stm32f4xx_rcc.o(.text) for RCC_AHB1PeriphClockCmd
    led.o(.text) refers to stm32f4xx_gpio.o(.text) for GPIO_Init
    button.o(.text) refers to stm32f4xx_rcc.o(.text) for RCC_APB2PeriphClockCmd
    button.o(.text) refers to stm32f4xx_gpio.o(.text) for GPIO_Init
    button.o(.text) refers to stm32f4xx_syscfg.o(.text) for SYSCFG_EXTILineConfig
    button.o(.text) refers to stm32f4xx_exti.o(.text) for EXTI_Init
    button.o(.text) refers to misc.o(.text) for NVIC_Init
    usart.o(.rev16_text) refers (Special) to use_no_semi_2.o(.text) for __use_no_semihosting
    usart.o(.revsh_text) refers (Special) to use_no_semi_2.o(.text) for __use_no_semihosting
    usart.o(.text) refers (Special) to use_no_semi_2.o(.text) for __use_no_semihosting
    usart.o(.text) refers to _printf_percent.o(.ARM.Collect$$_printf_percent$$00000000) for _printf_percent
    usart.o(.text) refers to _printf_c.o(.ARM.Collect$$_printf_percent$$00000013) for _printf_c
    usart.o(.text) refers to _printf_str.o(.text) for _printf_str
    usart.o(.text) refers to _printf_d.o(.ARM.Collect$$_printf_percent$$00000009) for _printf_d
    usart.o(.text) refers to _printf_dec.o(.text) for _printf_int_dec
    usart.o(.text) refers to _printf_s.o(.ARM.Collect$$_printf_percent$$00000014) for _printf_s
    usart.o(.text) refers to _scanf_str.o(.text) for _scanf_string
    usart.o(.text) refers to _scanf_int.o(.text) for _scanf_int
    usart.o(.text) refers to stm32f4xx_rcc.o(.text) for RCC_AHB1PeriphClockCmd
    usart.o(.text) refers to stm32f4xx_gpio.o(.text) for GPIO_PinAFConfig
    usart.o(.text) refers to stm32f4xx_usart.o(.text) for USART_OverSampling8Cmd
    usart.o(.text) refers to noretval__2printf.o(.text) for __2printf
    usart.o(.text) refers to __0scanf.o(.text) for __0scanf
    usart.o(.text) refers to strcmpv7m.o(.text) for strcmp
    usart.o(.data) refers (Special) to use_no_semi_2.o(.text) for __use_no_semihosting
[...]
    .data                                    0x2000017c   Section       20  system_stm32f4xx.o(.data)
    .bss                                     0x20000190   Section     2304  main.o(.bss)
    .bss                                     0x20000a90   Section      400  main.o(.bss)
    .bss                                     0x20000c20   Section       96  libspace.o(.bss)
    HEAP                                     0x20000c80   Section      512  startup_stm32f4xx.o(HEAP)
    Heap_Mem                                 0x20000c80   Data         512  startup_stm32f4xx.o(HEAP)
    STACK                                    0x20000e80   Section     1024  startup_stm32f4xx.o(STACK)
    Stack_Mem                                0x20000e80   Data        1024  startup_stm32f4xx.o(STACK)
    __initial_sp                             0x20001280   Data           0  startup_stm32f4xx.o(STACK)

    Global Symbols

    Symbol Name                              Value     Ov Type        Size  Object(Section)

    BuildAttributes$$THM_ISAv4$E$P$D$K$B$S$7EM$VFPi3$EXTD16$VFPS$VFMA$PE$A:L22UL41UL21$X:L11$S22US41US21$IEEE1$IW$USESV6$~STKCKD$USESV7$~SHL$OSPACE$ROPI$EBA8$UX$STANDARDLIB$REQ8$PRES8$EABIv2 0x00000000   Number         0  anon$$obj.o ABSOLUTE
    __ARM_use_no_argv                        0x00000000   Number         0  main.o ABSOLUTE
    _printf_flags                            0x00000000   Number         0  printf_stubs.o ABSOLUTE
    _printf_return_value                     0x00000000   Number         0  printf_stubs.o ABSOLUTE
    _printf_sizespec                         0x00000000   Number         0  printf_stubs.o ABSOLUTE
    _printf_widthprec                        0x00000000   Number         0  printf_stubs.o ABSOLUTE
    __ARM_exceptions_init                     - Undefined Weak Reference
    __alloca_initialize                       - Undefined Weak Reference
    __cpp_initialize__aeabi_                  - Undefined Weak Reference
    __cxa_finalize                            - Undefined Weak Reference
    __sigvec_lookup                           - Undefined Weak Reference
    _atexit_init                              - Undefined Weak Reference
    _call_atexit_fns                          - Undefined Weak Reference
    _clock_init                               - Undefined Weak Reference
    _fp_trap_init                             - Undefined Weak Reference
    _fp_trap_shutdown                         - Undefined Weak Reference
    _get_lc_collate                           - Undefined Weak Reference
    _get_lc_monetary                          - Undefined Weak Reference
    _get_lc_numeric                           - Undefined Weak Reference
    _get_lc_time                              - Undefined Weak Reference
    _getenv_init                              - Undefined Weak Reference
    _handle_redirection                       - Undefined Weak Reference
    _init_alloc                               - Undefined Weak Reference
    _init_user_alloc                          - Undefined Weak Reference
    _initio                                   - Undefined Weak Reference
    _mutex_acquire                            - Undefined Weak Reference
    _mutex_release                            - Undefined Weak Reference
    _printf_mbtowc                            - Undefined Weak Reference
    _printf_truncate_signed                   - Undefined Weak Reference
    _printf_truncate_unsigned                 - Undefined Weak Reference
    _rand_init                                - Undefined Weak Reference
    _scanf_longlong                           - Undefined Weak Reference
    _scanf_mbtowc                             - Undefined Weak Reference
    _scanf_real                               - Undefined Weak Reference
    _scanf_wctomb                             - Undefined Weak Reference
    _scanf_wstring                            - Undefined Weak Reference
    _signal_finish                            - Undefined Weak Reference
    _signal_init                              - Undefined Weak Reference
    _terminate_alloc                          - Undefined Weak Reference
    _terminate_user_alloc                     - Undefined Weak Reference
    _terminateio                              - Undefined Weak Reference
    __Vectors_Size                           0x00000188   Number         0  startup_stm32f4xx.o ABSOLUTE
    __Vectors                                0x08000000   Data           4  startup_stm32f4xx.o(RESET)
    __Vectors_End                            0x08000188   Data           0  startup_stm32f4xx.o(RESET)
    __main                                   0x08000189   Thumb Code     8  __main.o(!!!main)
    __scatterload                            0x08000191   Thumb Code     0  __scatter.o(!!!scatter)
    __scatterload_rt2                        0x08000191   Thumb Code    44  __scatter.o(!!!scatter)
    __scatterload_rt2_thumb_only             0x08000191   Thumb Code     0  __scatter.o(!!!scatter)
    __scatterload_null                       0x0800019f   Thumb Code     0  __scatter.o(!!!scatter)
    __decompress                             0x080001c5   Thumb Code    90  __dczerorl2.o(!!dczerorl2)
    __decompress1                            0x080001c5   Thumb Code     0  __dczerorl2.o(!!dczerorl2)
    __scatterload_zeroinit                   0x08000221   Thumb Code    28  __scatter_zi.o(!!handler_zi)
    _printf_d                                0x0800023d   Thumb Code     0  _printf_d.o(.ARM.Collect$$_printf_percent$$00000009)
    _printf_percent                          0x0800023d   Thumb Code     0  _printf_percent.o(.ARM.Collect$$_printf_percent$$00000000)
    _printf_c                                0x08000243   Thumb Code     0  _printf_c.o(.ARM.Collect$$_printf_percent$$00000013)
    _printf_s                                0x08000249   Thumb Code     0  _printf_s.o(.ARM.Collect$$_printf_percent$$00000014)
    _printf_percent_end                      0x0800024f   Thumb Code     0  _printf_percent_end.o(.ARM.Collect$$_printf_percent$$00000017)
    __rt_lib_init                            0x08000253   Thumb Code     0  libinit.o(.ARM.Collect$$libinit$$00000000)
    __rt_lib_init_fp_1                       0x08000255   Thumb Code     0  libinit2.o(.ARM.Collect$$libinit$$00000001)
    __rt_lib_init_heap_1                     0x08000259   Thumb Code     0  libinit2.o(.ARM.Collect$$libinit$$00000008)
    __rt_lib_init_lc_common                  0x08000259   Thumb Code     0  libinit2.o(.ARM.Collect$$libinit$$0000000D)
    __rt_lib_init_rand_1                     0x08000259   Thumb Code     0  libinit2.o(.ARM.Collect$$libinit$$0000000C)
    __rt_lib_init_user_alloc_1               0x08000259   Thumb Code     0  libinit2.o(.ARM.Collect$$libinit$$0000000A)
    __rt_lib_init_lc_collate_1               0x0800025f   Thumb Code     0  libinit2.o(.ARM.Collect$$libinit$$0000000F)
    __rt_lib_init_lc_ctype_2                 0x0800025f   Thumb Code     0  libinit2.o(.ARM.Collect$$libinit$$00000010)
    __rt_lib_init_alloca_1                   0x0800026b   Thumb Code     0  libinit2.o(.ARM.Collect$$libinit$$0000002C)
    __rt_lib_init_argv_1                     0x0800026b   Thumb Code     0  libinit2.o(.ARM.Collect$$libinit$$0000002A)
    __rt_lib_init_atexit_1                   0x0800026b   Thumb Code     0  libinit2.o(.ARM.Collect$$libinit$$00000019)
    __rt_lib_init_clock_1                    0x0800026b   Thumb Code     0  libinit2.o(.ARM.Collect$$libinit$$0000001F)
    __rt_lib_init_cpp_1                      0x0800026b   Thumb Code     0  libinit2.o(.ARM.Collect$$libinit$$00000030)
    __rt_lib_init_exceptions_1               0x0800026b   Thumb Code     0  libinit2.o(.ARM.Collect$$libinit$$0000002E)
    __rt_lib_init_fp_trap_1                  0x0800026b   Thumb Code     0  libinit2.o(.ARM.Collect$$libinit$$0000001D)
    __rt_lib_init_getenv_1                   0x0800026b   Thumb Code     0  libinit2.o(.ARM.Collect$$libinit$$00000021)
    __rt_lib_init_lc_ctype_1                 0x0800026b   Thumb Code     0  libinit2.o(.ARM.Collect$$libinit$$00000011)
    __rt_lib_init_lc_monetary_1              0x0800026b   Thumb Code     0  libinit2.o(.ARM.Collect$$libinit$$00000013)
    __rt_lib_init_lc_numeric_1               0x0800026b   Thumb Code     0  libinit2.o(.ARM.Collect$$libinit$$00000015)
    __rt_lib_init_lc_time_1                  0x0800026b   Thumb Code     0  libinit2.o(.ARM.Collect$$libinit$$00000017)
    __rt_lib_init_return                     0x0800026b   Thumb Code     0  libinit2.o(.ARM.Collect$$libinit$$00000031)
    __rt_lib_init_signal_1                   0x0800026b   Thumb Code     0  libinit2.o(.ARM.Collect$$libinit$$0000001B)
    __rt_lib_init_stdio_1                    0x0800026b   Thumb Code     0  libinit2.o(.ARM.Collect$$libinit$$00000023)
    __rt_lib_shutdown                        0x0800026d   Thumb Code     0  libshutdown.o(.ARM.Collect$$libshutdown$$00000000)
    __rt_lib_shutdown_fp_trap_1              0x0800026f   Thumb Code     0  libshutdown2.o(.ARM.Collect$$libshutdown$$00000006)
    __rt_lib_shutdown_heap_1                 0x0800026f   Thumb Code     0  libshutdown2.o(.ARM.Collect$$libshutdown$$0000000E)
    __rt_lib_shutdown_return                 0x0800026f   Thumb Code     0  libshutdown2.o(.ARM.Collect$$libshutdown$$0000000F)
    __rt_lib_shutdown_signal_1               0x0800026f   Thumb Code     0  libshutdown2.o(.ARM.Collect$$libshutdown$$00000009)
    __rt_lib_shutdown_stdio_1                0x0800026f   Thumb Code     0  libshutdown2.o(.ARM.Collect$$libshutdown$$00000003)
    __rt_lib_shutdown_user_alloc_1           0x0800026f   Thumb Code     0  libshutdown2.o(.ARM.Collect$$libshutdown$$0000000B)
    __rt_entry                               0x08000271   Thumb Code     0  rtentry.o(.ARM.Collect$$rtentry$$00000000)
    __rt_entry_presh_1                       0x08000271   Thumb Code     0  rtentry2.o(.ARM.Collect$$rtentry$$00000002)
    __rt_entry_sh                            0x08000271   Thumb Code     0  rtentry4.o(.ARM.Collect$$rtentry$$00000004)
    __rt_entry_li                            0x08000277   Thumb Code     0  rtentry2.o(.ARM.Collect$$rtentry$$0000000A)
    __rt_entry_postsh_1                      0x08000277   Thumb Code     0  rtentry2.o(.ARM.Collect$$rtentry$$00000009)
    __rt_entry_main                          0x0800027b   Thumb Code     0  rtentry2.o(.ARM.Collect$$rtentry$$0000000D)
    __rt_entry_postli_1                      0x0800027b   Thumb Code     0  rtentry2.o(.ARM.Collect$$rtentry$$0000000C)
    __rt_exit                                0x08000283   Thumb Code     0  rtexit.o(.ARM.Collect$$rtexit$$00000000)
    __rt_exit_ls                             0x08000285   Thumb Code     0  rtexit2.o(.ARM.Collect$$rtexit$$00000003)
    __rt_exit_prels_1                        0x08000285   Thumb Code     0  rtexit2.o(.ARM.Collect$$rtexit$$00000002)
    __rt_exit_exit                           0x08000289   Thumb Code     0  rtexit2.o(.ARM.Collect$$rtexit$$00000004)
    NVIC_PriorityGroupConfig                 0x08000291   Thumb Code    10  misc.o(.text)
    NVIC_Init                                0x0800029b   Thumb Code    92  misc.o(.text)
    NVIC_SetVectorTable                      0x080002f7   Thumb Code    14  misc.o(.text)
    NVIC_SystemLPConfig                      0x08000305   Thumb Code    20  misc.o(.text)
    SysTick_CLKSourceConfig                  0x08000319   Thumb Code    24  misc.o(.text)
    ADC_DeInit                               0x08000341   Thumb Code    24  stm32f4xx_adc.o(.text)
    ADC_Init                                 0x08000359   Thumb Code    66  stm32f4xx_adc.o(.text)
    ADC_StructInit                           0x0800039b   Thumb Code    20  stm32f4xx_adc.o(.text)
    ADC_CommonInit                           0x080003af   Thumb Code    30  stm32f4xx_adc.o(.text)
    ADC_CommonStructInit                     0x080003cd   Thumb Code    12  stm32f4xx_adc.o(.text)
    ADC_Cmd                                  0x080003d9   Thumb Code    20  stm32f4xx_adc.o(.text)
    ADC_AnalogWatchdogCmd                    0x080003ed   Thumb Code    12  stm32f4xx_adc.o(.text)
    ADC_AnalogWatchdogThresholdsConfig       0x080003f9   Thumb Code     6  stm32f4xx_adc.o(.text)
    ADC_AnalogWatchdogSingleChannelConfig    0x080003ff   Thumb Code    12  stm32f4xx_adc.o(.text)
    ADC_TempSensorVrefintCmd                 0x0800040b   Thumb Code    26  stm32f4xx_adc.o(.text)
    ADC_VBATCmd                              0x08000425   Thumb Code    26  stm32f4xx_adc.o(.text)
    ADC_RegularChannelConfig                 0x0800043f   Thumb Code   116  stm32f4xx_adc.o(.text)
    ADC_SoftwareStartConv                    0x080004b3   Thumb Code    10  stm32f4xx_adc.o(.text)
    ADC_GetSoftwareStartConvStatus           0x080004bd   Thumb Code    14  stm32f4xx_adc.o(.text)
    ADC_EOCOnEachRegularChannelCmd           0x080004cb   Thumb Code    20  stm32f4xx_adc.o(.text)
    ADC_ContinuousModeCmd                    0x080004df   Thumb Code    20  stm32f4xx_adc.o(.text)
    ADC_DiscModeChannelCountConfig           0x080004f3   Thumb Code    16  stm32f4xx_adc.o(.text)
    ADC_DiscModeCmd                          0x08000503   Thumb Code    20  stm32f4xx_adc.o(.text)
    ADC_GetConversionValue                   0x08000517   Thumb Code     6  stm32f4xx_adc.o(.text)
    ADC_GetMultiModeConversionValue          0x0800051d   Thumb Code     8  stm32f4xx_adc.o(.text)
    ADC_DMACmd                               0x08000525   Thumb Code    20  stm32f4xx_adc.o(.text)
    ADC_DMARequestAfterLastTransferCmd       0x08000539   Thumb Code    20  stm32f4xx_adc.o(.text)
    ADC_MultiModeDMARequestAfterLastTransferCmd 0x0800054d   Thumb Code    26  stm32f4xx_adc.o(.text)
    ADC_InjectedChannelConfig                0x08000567   Thumb Code    74  stm32f4xx_adc.o(.text)
    ADC_InjectedSequencerLengthConfig        0x080005b1   Thumb Code    16  stm32f4xx_adc.o(.text)
    ADC_SetInjectedOffset                    0x080005c1   Thumb Code     4  stm32f4xx_adc.o(.text)
    ADC_ExternalTrigInjectedConvConfig       0x080005c5   Thumb Code    12  stm32f4xx_adc.o(.text)
    ADC_ExternalTrigInjectedConvEdgeConfig   0x080005d1   Thumb Code    12  stm32f4xx_adc.o(.text)
    ADC_SoftwareStartInjectedConv            0x080005dd   Thumb Code    10  stm32f4xx_adc.o(.text)
    ADC_GetSoftwareStartInjectedConvCmdStatus 0x080005e7   Thumb Code    14  stm32f4xx_adc.o(.text)
    ADC_AutoInjectedConvCmd                  0x080005f5   Thumb Code    20  stm32f4xx_adc.o(.text)
    ADC_InjectedDiscModeCmd                  0x08000609   Thumb Code    20  stm32f4xx_adc.o(.text)
    ADC_GetInjectedConversionValue           0x0800061d   Thumb Code     8  stm32f4xx_adc.o(.text)
    ADC_ITConfig                             0x08000625   Thumb Code    18  stm32f4xx_adc.o(.text)
    ADC_GetFlagStatus                        0x08000637   Thumb Code    14  stm32f4xx_adc.o(.text)
    ADC_ClearFlag                            0x08000645   Thumb Code     6  stm32f4xx_adc.o(.text)
    ADC_GetITStatus                          0x0800064b   Thumb Code    30  stm32f4xx_adc.o(.text)
    ADC_ClearITPendingBit                    0x08000669   Thumb Code     8  stm32f4xx_adc.o(.text)
    EXTI_DeInit                              0x08000689   Thumb Code    28  stm32f4xx_exti.o(.text)
    EXTI_Init                                0x080006a5   Thumb Code   108  stm32f4xx_exti.o(.text)
    EXTI_StructInit                          0x08000711   Thumb Code    14  stm32f4xx_exti.o(.text)
    EXTI_GenerateSWInterrupt                 0x0800071f   Thumb Code    12  stm32f4xx_exti.o(.text)
    EXTI_GetFlagStatus                       0x0800072b   Thumb Code    18  stm32f4xx_exti.o(.text)
    EXTI_ClearFlag                           0x0800073d   Thumb Code     8  stm32f4xx_exti.o(.text)
    EXTI_GetITStatus                         0x08000745   Thumb Code    28  stm32f4xx_exti.o(.text)
    EXTI_ClearITPendingBit                   0x08000761   Thumb Code     8  stm32f4xx_exti.o(.text)
    GPIO_DeInit                              0x08000771   Thumb Code   192  stm32f4xx_gpio.o(.text)
    GPIO_Init                                0x08000831   Thumb Code   162  stm32f4xx_gpio.o(.text)
    GPIO_StructInit                          0x080008d3   Thumb Code    18  stm32f4xx_gpio.o(.text)
    GPIO_PinLockConfig                       0x080008e5   Thumb Code    16  stm32f4xx_gpio.o(.text)
    GPIO_ReadInputDataBit                    0x080008f5   Thumb Code    14  stm32f4xx_gpio.o(.text)
    GPIO_ReadInputData                       0x08000903   Thumb Code     6  stm32f4xx_gpio.o(.text)
    GPIO_ReadOutputDataBit                   0x08000909   Thumb Code    14  stm32f4xx_gpio.o(.text)
    GPIO_ReadOutputData                      0x08000917   Thumb Code     6  stm32f4xx_gpio.o(.text)
    GPIO_SetBits                             0x0800091d   Thumb Code     4  stm32f4xx_gpio.o(.text)
    GPIO_ResetBits                           0x08000921   Thumb Code     4  stm32f4xx_gpio.o(.text)
    GPIO_WriteBit                            0x08000925   Thumb Code    10  stm32f4xx_gpio.o(.text)
    GPIO_Write                               0x0800092f   Thumb Code     4  stm32f4xx_gpio.o(.text)
    GPIO_ToggleBits                          0x08000933   Thumb Code     8  stm32f4xx_gpio.o(.text)
    GPIO_PinAFConfig                         0x0800093b   Thumb Code    32  stm32f4xx_gpio.o(.text)
    RCC_DeInit                               0x08000981   Thumb Code    48  stm32f4xx_rcc.o(.text)
    RCC_HSEConfig                            0x080009b1   Thumb Code    12  stm32f4xx_rcc.o(.text)
    RCC_GetFlagStatus                        0x080009bd   Thumb Code    46  stm32f4xx_rcc.o(.text)
    RCC_WaitForHSEStartUp                    0x080009eb   Thumb Code    38  stm32f4xx_rcc.o(.text)
    RCC_AdjustHSICalibrationValue            0x08000a11   Thumb Code    16  stm32f4xx_rcc.o(.text)
    RCC_HSICmd                               0x08000a21   Thumb Code     6  stm32f4xx_rcc.o(.text)
    RCC_LSEConfig                            0x08000a27   Thumb Code    24  stm32f4xx_rcc.o(.text)
    RCC_LSICmd                               0x08000a3f   Thumb Code     6  stm32f4xx_rcc.o(.text)
    RCC_PLLConfig                            0x08000a45   Thumb Code    32  stm32f4xx_rcc.o(.text)
    RCC_PLLCmd                               0x08000a65   Thumb Code     6  stm32f4xx_rcc.o(.text)
    RCC_PLLI2SConfig                         0x08000a6b   Thumb Code    14  stm32f4xx_rcc.o(.text)
    RCC_PLLI2SCmd                            0x08000a79   Thumb Code     6  stm32f4xx_rcc.o(.text)
    RCC_ClockSecuritySystemCmd               0x08000a7f   Thumb Code     6  stm32f4xx_rcc.o(.text)
    RCC_MCO1Config                           0x08000a85   Thumb Code    18  stm32f4xx_rcc.o(.text)
    RCC_MCO2Config                           0x08000a97   Thumb Code    18  stm32f4xx_rcc.o(.text)
    RCC_SYSCLKConfig                         0x08000aa9   Thumb Code    16  stm32f4xx_rcc.o(.text)
    RCC_GetSYSCLKSource                      0x08000ab9   Thumb Code    12  stm32f4xx_rcc.o(.text)
    RCC_HCLKConfig                           0x08000ac5   Thumb Code    16  stm32f4xx_rcc.o(.text)
    RCC_PCLK1Config                          0x08000ad5   Thumb Code    16  stm32f4xx_rcc.o(.text)
    RCC_PCLK2Config                          0x08000ae5   Thumb Code    18  stm32f4xx_rcc.o(.text)
    RCC_GetClocksFreq                        0x08000af7   Thumb Code   136  stm32f4xx_rcc.o(.text)
    RCC_RTCCLKConfig                         0x08000b7f   Thumb Code    42  stm32f4xx_rcc.o(.text)
    RCC_RTCCLKCmd                            0x08000ba9   Thumb Code     8  stm32f4xx_rcc.o(.text)
    RCC_BackupResetCmd                       0x08000bb1   Thumb Code     8  stm32f4xx_rcc.o(.text)
    RCC_I2SCLKConfig                         0x08000bb9   Thumb Code     6  stm32f4xx_rcc.o(.text)
    RCC_AHB1PeriphClockCmd                   0x08000bbf   Thumb Code    20  stm32f4xx_rcc.o(.text)
    RCC_AHB2PeriphClockCmd                   0x08000bd3   Thumb Code    20  stm32f4xx_rcc.o(.text)
    RCC_AHB3PeriphClockCmd                   0x08000be7   Thumb Code    20  stm32f4xx_rcc.o(.text)
    RCC_APB1PeriphClockCmd                   0x08000bfb   Thumb Code    20  stm32f4xx_rcc.o(.text)
    RCC_APB2PeriphClockCmd                   0x08000c0f   Thumb Code    20  stm32f4xx_rcc.o(.text)
    RCC_AHB1PeriphResetCmd                   0x08000c23   Thumb Code    20  stm32f4xx_rcc.o(.text)
    RCC_AHB2PeriphResetCmd                   0x08000c37   Thumb Code    20  stm32f4xx_rcc.o(.text)
    RCC_AHB3PeriphResetCmd                   0x08000c4b   Thumb Code    20  stm32f4xx_rcc.o(.text)
    RCC_APB1PeriphResetCmd                   0x08000c5f   Thumb Code    20  stm32f4xx_rcc.o(.text)
    RCC_APB2PeriphResetCmd                   0x08000c73   Thumb Code    20  stm32f4xx_rcc.o(.text)
    RCC_AHB1PeriphClockLPModeCmd             0x08000c87   Thumb Code    20  stm32f4xx_rcc.o(.text)
    RCC_AHB2PeriphClockLPModeCmd             0x08000c9b   Thumb Code    20  stm32f4xx_rcc.o(.text)
    RCC_AHB3PeriphClockLPModeCmd             0x08000caf   Thumb Code    20  stm32f4xx_rcc.o(.text)
    RCC_APB1PeriphClockLPModeCmd             0x08000cc3   Thumb Code    20  stm32f4xx_rcc.o(.text)
    RCC_APB2PeriphClockLPModeCmd             0x08000cd7   Thumb Code    20  stm32f4xx_rcc.o(.text)
    RCC_ITConfig                             0x08000ceb   Thumb Code    20  stm32f4xx_rcc.o(.text)
    RCC_ClearFlag                            0x08000cff   Thumb Code    14  stm32f4xx_rcc.o(.text)
    RCC_GetITStatus                          0x08000d0d   Thumb Code    18  stm32f4xx_rcc.o(.text)
    RCC_ClearITPendingBit                    0x08000d1f   Thumb Code     8  stm32f4xx_rcc.o(.text)
    SYSCFG_DeInit                            0x08000d51   Thumb Code    24  stm32f4xx_syscfg.o(.text)
    SYSCFG_MemoryRemapConfig                 0x08000d69   Thumb Code     6  stm32f4xx_syscfg.o(.text)
    SYSCFG_EXTILineConfig                    0x08000d6f   Thumb Code    36  stm32f4xx_syscfg.o(.text)
    SYSCFG_ETH_MediaInterfaceConfig          0x08000d93   Thumb Code     6  stm32f4xx_syscfg.o(.text)
    SYSCFG_CompensationCellCmd               0x08000d99   Thumb Code     6  stm32f4xx_syscfg.o(.text)
    SYSCFG_GetCompensationCellStatus         0x08000d9f   Thumb Code    16  stm32f4xx_syscfg.o(.text)
    TIM_DeInit                               0x08000dbd   Thumb Code   284  stm32f4xx_tim.o(.text)
    TIM_TimeBaseInit                         0x08000ed9   Thumb Code    96  stm32f4xx_tim.o(.text)
    TIM_TimeBaseStructInit                   0x08000f39   Thumb Code    18  stm32f4xx_tim.o(.text)
    TIM_PrescalerConfig                      0x08000f4b   Thumb Code     6  stm32f4xx_tim.o(.text)
    TIM_CounterModeConfig                    0x08000f51   Thumb Code    12  stm32f4xx_tim.o(.text)
    TIM_SetCounter                           0x08000f5d   Thumb Code     4  stm32f4xx_tim.o(.text)
    TIM_SetAutoreload                        0x08000f61   Thumb Code     4  stm32f4xx_tim.o(.text)
    TIM_GetCounter                           0x08000f65   Thumb Code     4  stm32f4xx_tim.o(.text)
    TIM_GetPrescaler                         0x08000f69   Thumb Code     4  stm32f4xx_tim.o(.text)
    TIM_UpdateDisableConfig                  0x08000f6d   Thumb Code    20  stm32f4xx_tim.o(.text)
    TIM_UpdateRequestConfig                  0x08000f81   Thumb Code    20  stm32f4xx_tim.o(.text)
    TIM_ARRPreloadConfig                     0x08000f95   Thumb Code    20  stm32f4xx_tim.o(.text)
    TIM_SelectOnePulseMode                   0x08000fa9   Thumb Code    16  stm32f4xx_tim.o(.text)
    TIM_SetClockDivision                     0x08000fb9   Thumb Code    16  stm32f4xx_tim.o(.text)
    TIM_Cmd                                  0x08000fc9   Thumb Code    20  stm32f4xx_tim.o(.text)
    TIM_OC1Init                              0x08000fdd   Thumb Code    88  stm32f4xx_tim.o(.text)
    TIM_OC2Init                              0x08001035   Thumb Code   120  stm32f4xx_tim.o(.text)
    TIM_OC3Init                              0x080010ad   Thumb Code   116  stm32f4xx_tim.o(.text)
    TIM_OC4Init                              0x08001121   Thumb Code    88  stm32f4xx_tim.o(.text)
    TIM_OCStructInit                         0x08001179   Thumb Code    20  stm32f4xx_tim.o(.text)
    TIM_SelectOCxM                           0x0800118d   Thumb Code   130  stm32f4xx_tim.o(.text)
    TIM_SetCompare1                          0x0800120f   Thumb Code     4  stm32f4xx_tim.o(.text)
    TIM_SetCompare2                          0x08001213   Thumb Code     4  stm32f4xx_tim.o(.text)
    TIM_SetCompare3                          0x08001217   Thumb Code     4  stm32f4xx_tim.o(.text)
    TIM_SetCompare4                          0x0800121b   Thumb Code     4  stm32f4xx_tim.o(.text)
    TIM_ForcedOC1Config                      0x0800121f   Thumb Code    12  stm32f4xx_tim.o(.text)
    TIM_ForcedOC2Config                      0x0800122b   Thumb Code    20  stm32f4xx_tim.o(.text)
    TIM_ForcedOC3Config                      0x0800123f   Thumb Code    12  stm32f4xx_tim.o(.text)
    TIM_ForcedOC4Config                      0x0800124b   Thumb Code    20  stm32f4xx_tim.o(.text)
    TIM_OC1PreloadConfig                     0x0800125f   Thumb Code    12  stm32f4xx_tim.o(.text)
    TIM_OC2PreloadConfig                     0x0800126b   Thumb Code    20  stm32f4xx_tim.o(.text)
    TIM_OC3PreloadConfig                     0x0800127f   Thumb Code    12  stm32f4xx_tim.o(.text)
    TIM_OC4PreloadConfig                     0x0800128b   Thumb Code    20  stm32f4xx_tim.o(.text)
    TIM_OC1FastConfig                        0x0800129f   Thumb Code    12  stm32f4xx_tim.o(.text)
    TIM_OC2FastConfig                        0x080012ab   Thumb Code    20  stm32f4xx_tim.o(.text)
    TIM_OC3FastConfig                        0x080012bf   Thumb Code    12  stm32f4xx_tim.o(.text)
    TIM_OC4FastConfig                        0x080012cb   Thumb Code    20  stm32f4xx_tim.o(.text)
    TIM_ClearOC1Ref                          0x080012df   Thumb Code    12  stm32f4xx_tim.o(.text)
    TIM_ClearOC2Ref                          0x080012eb   Thumb Code    20  stm32f4xx_tim.o(.text)
    TIM_ClearOC3Ref                          0x080012ff   Thumb Code    12  stm32f4xx_tim.o(.text)
    TIM_ClearOC4Ref                          0x0800130b   Thumb Code    20  stm32f4xx_tim.o(.text)
    TIM_OC1PolarityConfig                    0x0800131f   Thumb Code    12  stm32f4xx_tim.o(.text)
    TIM_OC1NPolarityConfig                   0x0800132b   Thumb Code    12  stm32f4xx_tim.o(.text)
    TIM_OC2PolarityConfig                    0x08001337   Thumb Code    20  stm32f4xx_tim.o(.text)
    TIM_OC2NPolarityConfig                   0x0800134b   Thumb Code    20  stm32f4xx_tim.o(.text)
    TIM_OC3PolarityConfig                    0x0800135f   Thumb Code    20  stm32f4xx_tim.o(.text)
    TIM_OC3NPolarityConfig                   0x08001373   Thumb Code    20  stm32f4xx_tim.o(.text)
    TIM_OC4PolarityConfig                    0x08001387   Thumb Code    20  stm32f4xx_tim.o(.text)
    TIM_CCxCmd                               0x0800139b   Thumb Code    22  stm32f4xx_tim.o(.text)
    TIM_CCxNCmd                              0x080013b1   Thumb Code    22  stm32f4xx_tim.o(.text)
    TIM_SetIC4Prescaler                      0x080013c7   Thumb Code    24  stm32f4xx_tim.o(.text)
    TIM_SetIC3Prescaler                      0x080013df   Thumb Code    16  stm32f4xx_tim.o(.text)
    TIM_SetIC2Prescaler                      0x080013ef   Thumb Code    24  stm32f4xx_tim.o(.text)
    TIM_SetIC1Prescaler                      0x0800143d   Thumb Code    16  stm32f4xx_tim.o(.text)
    TIM_ICInit                               0x0800144d   Thumb Code   164  stm32f4xx_tim.o(.text)
    TIM_ICStructInit                         0x080014f1   Thumb Code    16  stm32f4xx_tim.o(.text)
    TIM_PWMIConfig                           0x08001501   Thumb Code   104  stm32f4xx_tim.o(.text)
    TIM_GetCapture1                          0x08001569   Thumb Code     4  stm32f4xx_tim.o(.text)
    TIM_GetCapture2                          0x0800156d   Thumb Code     4  stm32f4xx_tim.o(.text)
    TIM_GetCapture3                          0x08001571   Thumb Code     4  stm32f4xx_tim.o(.text)
    TIM_GetCapture4                          0x08001575   Thumb Code     4  stm32f4xx_tim.o(.text)
    TIM_BDTRConfig                           0x08001579   Thumb Code    34  stm32f4xx_tim.o(.text)
    TIM_BDTRStructInit                       0x0800159b   Thumb Code    18  stm32f4xx_tim.o(.text)
    TIM_CtrlPWMOutputs                       0x080015ad   Thumb Code    22  stm32f4xx_tim.o(.text)
    TIM_SelectCOM                            0x080015c3   Thumb Code    20  stm32f4xx_tim.o(.text)
    TIM_CCPreloadControl                     0x080015d7   Thumb Code    20  stm32f4xx_tim.o(.text)
    TIM_ITConfig                             0x080015eb   Thumb Code    16  stm32f4xx_tim.o(.text)
    TIM_GenerateEvent                        0x080015fb   Thumb Code     4  stm32f4xx_tim.o(.text)
    TIM_GetFlagStatus                        0x080015ff   Thumb Code    14  stm32f4xx_tim.o(.text)
    TIM_ClearFlag                            0x0800160d   Thumb Code     6  stm32f4xx_tim.o(.text)
    TIM_GetITStatus                          0x08001613   Thumb Code    24  stm32f4xx_tim.o(.text)
    TIM_ClearITPendingBit                    0x0800162b   Thumb Code     6  stm32f4xx_tim.o(.text)
    TIM_DMAConfig                            0x08001631   Thumb Code     8  stm32f4xx_tim.o(.text)
    TIM_DMACmd                               0x08001639   Thumb Code    16  stm32f4xx_tim.o(.text)
    TIM_SelectCCDMA                          0x08001649   Thumb Code    20  stm32f4xx_tim.o(.text)
    TIM_InternalClockConfig                  0x0800165d   Thumb Code    10  stm32f4xx_tim.o(.text)
    TIM_SelectInputTrigger                   0x08001667   Thumb Code    12  stm32f4xx_tim.o(.text)
    TIM_ITRxExternalClockConfig              0x08001673   Thumb Code    18  stm32f4xx_tim.o(.text)
    TIM_TIxExternalClockConfig               0x08001685   Thumb Code    44  stm32f4xx_tim.o(.text)
    TIM_ETRConfig                            0x080016b1   Thumb Code    24  stm32f4xx_tim.o(.text)
    TIM_ETRClockMode1Config                  0x080016c9   Thumb Code    18  stm32f4xx_tim.o(.text)
    TIM_ETRClockMode2Config                  0x080016db   Thumb Code    18  stm32f4xx_tim.o(.text)
    TIM_SelectOutputTrigger                  0x080016ed   Thumb Code    16  stm32f4xx_tim.o(.text)
    TIM_SelectSlaveMode                      0x080016fd   Thumb Code    16  stm32f4xx_tim.o(.text)
    TIM_SelectMasterSlaveMode                0x0800170d   Thumb Code    16  stm32f4xx_tim.o(.text)
    TIM_EncoderInterfaceConfig               0x0800171d   Thumb Code    50  stm32f4xx_tim.o(.text)
    TIM_SelectHallSensor                     0x0800174f   Thumb Code    20  stm32f4xx_tim.o(.text)
    TIM_RemapConfig                          0x08001763   Thumb Code     6  stm32f4xx_tim.o(.text)
    USART_DeInit                             0x08001799   Thumb Code   114  stm32f4xx_usart.o(.text)
    USART_Init                               0x0800180b   Thumb Code   174  stm32f4xx_usart.o(.text)
    USART_StructInit                         0x080018b9   Thumb Code    22  stm32f4xx_usart.o(.text)
    USART_ClockInit                          0x080018cf   Thumb Code    28  stm32f4xx_usart.o(.text)
    USART_ClockStructInit                    0x080018eb   Thumb Code    12  stm32f4xx_usart.o(.text)
    USART_Cmd                                0x080018f7   Thumb Code    20  stm32f4xx_usart.o(.text)
    USART_SetPrescaler                       0x0800190b   Thumb Code    16  stm32f4xx_usart.o(.text)
    USART_OverSampling8Cmd                   0x0800191b   Thumb Code    20  stm32f4xx_usart.o(.text)
    USART_OneBitMethodCmd                    0x0800192f   Thumb Code    20  stm32f4xx_usart.o(.text)
    USART_SendData                           0x08001943   Thumb Code     8  stm32f4xx_usart.o(.text)
    USART_ReceiveData                        0x0800194b   Thumb Code     8  stm32f4xx_usart.o(.text)
    USART_SetAddress                         0x08001953   Thumb Code    16  stm32f4xx_usart.o(.text)
    USART_ReceiverWakeUpCmd                  0x08001963   Thumb Code    20  stm32f4xx_usart.o(.text)
    USART_WakeUpConfig                       0x08001977   Thumb Code    16  stm32f4xx_usart.o(.text)
    USART_LINBreakDetectLengthConfig         0x08001987   Thumb Code    16  stm32f4xx_usart.o(.text)
    USART_LINCmd                             0x08001997   Thumb Code    20  stm32f4xx_usart.o(.text)
    USART_SendBreak                          0x080019ab   Thumb Code    10  stm32f4xx_usart.o(.text)
    USART_HalfDuplexCmd                      0x080019b5   Thumb Code    20  stm32f4xx_usart.o(.text)
    USART_SetGuardTime                       0x080019c9   Thumb Code    16  stm32f4xx_usart.o(.text)
    USART_SmartCardCmd                       0x080019d9   Thumb Code    20  stm32f4xx_usart.o(.text)
    USART_SmartCardNACKCmd                   0x080019ed   Thumb Code    20  stm32f4xx_usart.o(.text)
    USART_IrDAConfig                         0x08001a01   Thumb Code    16  stm32f4xx_usart.o(.text)
    USART_IrDACmd                            0x08001a11   Thumb Code    20  stm32f4xx_usart.o(.text)
    USART_DMACmd                             0x08001a25   Thumb Code    16  stm32f4xx_usart.o(.text)
    USART_ITConfig                           0x08001a35   Thumb Code    48  stm32f4xx_usart.o(.text)
    USART_GetFlagStatus                      0x08001a65   Thumb Code    14  stm32f4xx_usart.o(.text)
    USART_ClearFlag                          0x08001a73   Thumb Code     6  stm32f4xx_usart.o(.text)
    USART_GetITStatus                        0x08001a79   Thumb Code    62  stm32f4xx_usart.o(.text)
    USART_ClearITPendingBit                  0x08001ab7   Thumb Code    12  stm32f4xx_usart.o(.text)
    systick                                  0x08001add   Thumb Code    36  main.o(.text)
    main                                     0x08001b01   Thumb Code   342  main.o(.text)
    button0_interrupt                        0x08001c57   Thumb Code   226  main.o(.text)
    button1_interrupt                        0x08001d39   Thumb Code   172  main.o(.text)
    button2_interrupt                        0x08001de5   Thumb Code   202  main.o(.text)
    printInfo                                0x08001eaf   Thumb Code   288  main.o(.text)
    button3_interrupt                        0x08001fcf   Thumb Code   326  main.o(.text)
    NMI_Handler                              0x08002171   Thumb Code     2  stm32f4xx_it.o(.text)
    HardFault_Handler                        0x08002173   Thumb Code     2  stm32f4xx_it.o(.text)
    MemManage_Handler                        0x08002175   Thumb Code     2  stm32f4xx_it.o(.text)
    BusFault_Handler                         0x08002177   Thumb Code     2  stm32f4xx_it.o(.text)
    UsageFault_Handler                       0x08002179   Thumb Code     2  stm32f4xx_it.o(.text)
    SVC_Handler                              0x0800217b   Thumb Code     2  stm32f4xx_it.o(.text)
    DebugMon_Handler                         0x0800217d   Thumb Code     2  stm32f4xx_it.o(.text)
    PendSV_Handler                           0x0800217f   Thumb Code     2  stm32f4xx_it.o(.text)
    SysTick_Handler                          0x08002181   Thumb Code    30  stm32f4xx_it.o(.text)
    EXTI9_5_IRQHandler                       0x0800219f   Thumb Code    92  stm32f4xx_it.o(.text)
    EXTI15_10_IRQHandler                     0x080021fb   Thumb Code   100  stm32f4xx_it.o(.text)
    Systick_Configuration                    0x0800226d   Thumb Code    78  delay.o(.text)
    micros                                   0x080022bb   Thumb Code    38  delay.o(.text)
    millis                                   0x080022e1   Thumb Code     6  delay.o(.text)
    delay_ms                                 0x080022e7   Thumb Code    14  delay.o(.text)
    delay_us                                 0x080022f5   Thumb Code    24  delay.o(.text)
    elapseMicros                             0x0800230d   Thumb Code    20  delay.o(.text)
    elapseMillis                             0x08002321   Thumb Code    12  delay.o(.text)
    LED_Configuration                        0x08002355   Thumb Code   146  led.o(.text)
    button_Configuration                     0x080023f5   Thumb Code   330  button.o(.text)
    usart1_Configuration                     0x08002549   Thumb Code   160  usart.o(.text)
    _sys_exit                                0x080025e9   Thumb Code     4  usart.o(.text)
    fputc                                    0x080025ed   Thumb Code    30  usart.o(.text)
    fgetc                                    0x0800260b   Thumb Code    16  usart.o(.text)
    PutChar                                  0x0800261b   Thumb Code    30  usart.o(.text)
    GetChar                                  0x08002639   Thumb Code    32  usart.o(.text)
    inputChar                                0x08002659   Thumb Code    46  usart.o(.text)
    inputDigit                               0x08002687   Thumb Code    48  usart.o(.text)
    inputString                              0x080026b7   Thumb Code    52  usart.o(.text)
    inputDigits                              0x080026eb   Thumb Code    42  usart.o(.text)
    TIM4_GPIO_Config                         0x0800282d   Thumb Code    90  pwm.o(.text)
    TIM4_Mode_Config                         0x08002887   Thumb Code   166  pwm.o(.text)
    TIM4_PWM_Init                            0x0800292d   Thumb Code    12  pwm.o(.text)
    setLeftPwm                               0x08002939   Thumb Code    44  pwm.o(.text)
    setRightPwm                              0x08002965   Thumb Code    44  pwm.o(.text)
    buzzer_Configuration                     0x080029a1   Thumb Code   140  buzzer.o(.text)
    beep                                     0x08002a2d   Thumb Code    66  buzzer.o(.text)
    shortBeep                                0x08002a6f   Thumb Code    40  buzzer.o(.text)
    Encoder_Configuration                    0x08002aa9   Thumb Code   160  encoder.o(.text)
    getRightEncCount                         0x08002b49   Thumb Code     8  encoder.o(.text)
    getLeftEncCount                          0x08002b51   Thumb Code     8  encoder.o(.text)
    resetRightEncCount                       0x08002b59   Thumb Code    10  encoder.o(.text)
    resetLeftEncCount                        0x08002b63   Thumb Code    10  encoder.o(.text)
    setRightEncCount                         0x08002b6d   Thumb Code     8  encoder.o(.text)
    setLeftEncCount                          0x08002b75   Thumb Code     8  encoder.o(.text)
    ADC_Config                               0x08002b89   Thumb Code   184  adc.o(.text)
    readADC                                  0x08002c41   Thumb Code    40  adc.o(.text)
    readSensor                               0x08002c7d   Thumb Code   316  sensor_function.o(.text)
    readGyro                                 0x08002db9   Thumb Code    72  sensor_function.o(.text)
    readVolMeter                             0x08002e01   Thumb Code    40  sensor_function.o(.text)
    lowBatCheck                              0x08002e29   Thumb Code    70  sensor_function.o(.text)
    hugFrontWall                             0x08002e91   Thumb Code    54  test.o(.text)
    ledTest                                  0x08002ec7   Thumb Code   124  test.o(.text)
    wheelOffsetTest                          0x08002f43   Thumb Code    64  test.o(.text)
    randomMovement                           0x08002f83   Thumb Code   480  test.o(.text)
    getNextDirection                         0x08003163   Thumb Code   262  test.o(.text)
    closeUntracedCells                       0x08003269   Thumb Code   270  test.o(.text)
    speedRun                                 0x08003377   Thumb Code   560  test.o(.text)
    speedRunCurve                            0x080035a7   Thumb Code   650  test.o(.text)
    hasFrontWallInMem                        0x08003831   Thumb Code    90  test.o(.text)
    pivotTurn                                0x080038a9   Thumb Code   140  turn.o(.text)
    curveTurnRight                           0x08003935   Thumb Code   106  turn.o(.text)
    curveTurnLeft                            0x0800399f   Thumb Code    98  turn.o(.text)
    alignFrontWall                           0x08003a21   Thumb Code   132  align.o(.text)
    getSensorError                           0x08003ac5   Thumb Code    60  speedprofile.o(.text)
    calculateMotorPwm                        0x08003b01   Thumb Code   248  speedprofile.o(.text)
    updateCurrentSpeed                       0x08003bf9   Thumb Code   228  speedprofile.o(.text)
    getEncoderStatus                         0x08003cdd   Thumb Code    72  speedprofile.o(.text)
    speedProfile                             0x08003d25   Thumb Code    16  speedprofile.o(.text)
    resetSpeedProfile                        0x08003d35   Thumb Code   100  speedprofile.o(.text)
    getDecNeeded                             0x08003d99   Thumb Code    50  speedprofile.o(.text)
    counts_to_mm                             0x08003dcb   Thumb Code    20  speedprofile.o(.text)
    mm_to_counts                             0x08003ddf   Thumb Code    12  speedprofile.o(.text)
    abs                                      0x08003deb   Thumb Code    16  speedprofile.o(.text)
    moveForward                              0x08003dfb   Thumb Code   144  speedprofile.o(.text)
    moveForwardHalf                          0x08003e8b   Thumb Code   164  speedprofile.o(.text)
    moveN                                    0x08003f31   Thumb Code    66  move.o(.text)
    moveE                                    0x08003f73   Thumb Code    66  move.o(.text)
    moveS                                    0x08003fb5   Thumb Code    62  move.o(.text)
    moveW                                    0x08003ff3   Thumb Code    66  move.o(.text)
    moveBack                                 0x08004035   Thumb Code    30  move.o(.text)
    hasNorth                                 0x08004069   Thumb Code     6  lookup.o(.text)
    hasEast                                  0x0800406f   Thumb Code     6  lookup.o(.text)
    hasSouth                                 0x08004075   Thumb Code     6  lookup.o(.text)
    hasWest                                  0x0800407b   Thumb Code     6  lookup.o(.text)
    hasTrace                                 0x08004081   Thumb Code     6  lookup.o(.text)
    isDeadEnd                                0x08004087   Thumb Code     6  lookup.o(.text)
    atCenter                                 0x0800408d   Thumb Code   180  lookup.o(.text)
    atStart                                  0x08004141   Thumb Code    20  lookup.o(.text)
    getMin                                   0x08004155   Thumb Code    94  lookup.o(.text)
    printGrid                                0x080041c5   Thumb Code    50  graphics.o(.text)
    visualizeGrid                            0x080041f7   Thumb Code   240  graphics.o(.text)
    initializeGrid                           0x08004335   Thumb Code   182  initializegrid.o(.text)
    willTurn                                 0x080043f5   Thumb Code    56  floodsearch.o(.text)
    updateDistanceToCenter                   0x0800442d   Thumb Code    86  floodsearch.o(.text)
    detectWalls                              0x08004483   Thumb Code   406  floodsearch.o(.text)
    floodCenter                              0x08004619   Thumb Code  1734  floodsearch.o(.text)
    updateDistanceToStart                    0x08004cdf   Thumb Code    62  floodsearch.o(.text)
    floodStart                               0x08004d1d   Thumb Code  1872  floodsearch.o(.text)
    isolateDeadEnds                          0x0800546d   Thumb Code   284  floodsearch.o(.text)
    Reset_Handler                            0x08005589   Thumb Code     8  startup_stm32f4xx.o(.text)
    ADC_IRQHandler                           0x080055a3   Thumb Code     0  startup_stm32f4xx.o(.text)
    CAN1_RX0_IRQHandler                      0x080055a3   Thumb Code     0  startup_stm32f4xx.o(.text)
    CAN1_RX1_IRQHandler                      0x080055a3   Thumb Code     0  startup_stm32f4xx.o(.text)
    CAN1_SCE_IRQHandler                      0x080055a3   Thumb Code     0  startup_stm32f4xx.o(.text)
    CAN1_TX_IRQHandler                       0x080055a3   Thumb Code     0  startup_stm32f4xx.o(.text)
    CAN2_RX0_IRQHandler                      0x080055a3   Thumb Code     0  startup_stm32f4xx.o(.text)
    CAN2_RX1_IRQHandler                      0x080055a3   Thumb Code     0  startup_stm32f4xx.o(.text)
    CAN2_SCE_IRQHandler                      0x080055a3   Thumb Code     0  startup_stm32f4xx.o(.text)
    CAN2_TX_IRQHandler                       0x080055a3   Thumb Code     0  startup_stm32f4xx.o(.text)
    CRYP_IRQHandler                          0x080055a3   Thumb Code     0  startup_stm32f4xx.o(.text)
    DCMI_IRQHandler                          0x080055a3   Thumb Code     0  startup_stm32f4xx.o(.text)
    DMA1_Stream0_IRQHandler                  0x080055a3   Thumb Code     0  startup_stm32f4xx.o(.text)
    DMA1_Stream1_IRQHandler                  0x080055a3   Thumb Code     0  startup_stm32f4xx.o(.text)
    DMA1_Stream2_IRQHandler                  0x080055a3   Thumb Code     0  startup_stm32f4xx.o(.text)
    DMA1_Stream3_IRQHandler                  0x080055a3   Thumb Code     0  startup_stm32f4xx.o(.text)
    DMA1_Stream4_IRQHandler                  0x080055a3   Thumb Code     0  startup_stm32f4xx.o(.text)
    DMA1_Stream5_IRQHandler                  0x080055a3   Thumb Code     0  startup_stm32f4xx.o(.text)
    DMA1_Stream6_IRQHandler                  0x080055a3   Thumb Code     0  startup_stm32f4xx.o(.text)
    DMA1_Stream7_IRQHandler                  0x080055a3   Thumb Code     0  startup_stm32f4xx.o(.text)
    DMA2_Stream0_IRQHandler                  0x080055a3   Thumb Code     0  startup_stm32f4xx.o(.text)
    DMA2_Stream1_IRQHandler                  0x080055a3   Thumb Code     0  startup_stm32f4xx.o(.text)
    DMA2_Stream2_IRQHandler                  0x080055a3   Thumb Code     0  startup_stm32f4xx.o(.text)
    DMA2_Stream3_IRQHandler                  0x080055a3   Thumb Code     0  startup_stm32f4xx.o(.text)
    DMA2_Stream4_IRQHandler                  0x080055a3   Thumb Code     0  startup_stm32f4xx.o(.text)
    DMA2_Stream5_IRQHandler                  0x080055a3   Thumb Code     0  startup_stm32f4xx.o(.text)
    DMA2_Stream6_IRQHandler                  0x080055a3   Thumb Code     0  startup_stm32f4xx.o(.text)
    DMA2_Stream7_IRQHandler                  0x080055a3   Thumb Code     0  startup_stm32f4xx.o(.text)
    ETH_IRQHandler                           0x080055a3   Thumb Code     0  startup_stm32f4xx.o(.text)
    ETH_WKUP_IRQHandler                      0x080055a3   Thumb Code     0  startup_stm32f4xx.o(.text)
    EXTI0_IRQHandler                         0x080055a3   Thumb Code     0  startup_stm32f4xx.o(.text)
    EXTI1_IRQHandler                         0x080055a3   Thumb Code     0  startup_stm32f4xx.o(.text)
    EXTI2_IRQHandler                         0x080055a3   Thumb Code     0  startup_stm32f4xx.o(.text)
    EXTI3_IRQHandler                         0x080055a3   Thumb Code     0  startup_stm32f4xx.o(.text)
    EXTI4_IRQHandler                         0x080055a3   Thumb Code     0  startup_stm32f4xx.o(.text)
    FLASH_IRQHandler                         0x080055a3   Thumb Code     0  startup_stm32f4xx.o(.text)
    FPU_IRQHandler                           0x080055a3   Thumb Code     0  startup_stm32f4xx.o(.text)
    FSMC_IRQHandler                          0x080055a3   Thumb Code     0  startup_stm32f4xx.o(.text)
    HASH_RNG_IRQHandler                      0x080055a3   Thumb Code     0  startup_stm32f4xx.o(.text)
    I2C1_ER_IRQHandler                       0x080055a3   Thumb Code     0  startup_stm32f4xx.o(.text)
    I2C1_EV_IRQHandler                       0x080055a3   Thumb Code     0  startup_stm32f4xx.o(.text)
    I2C2_ER_IRQHandler                       0x080055a3   Thumb Code     0  startup_stm32f4xx.o(.text)
    I2C2_EV_IRQHandler                       0x080055a3   Thumb Code     0  startup_stm32f4xx.o(.text)
    I2C3_ER_IRQHandler                       0x080055a3   Thumb Code     0  startup_stm32f4xx.o(.text)
    I2C3_EV_IRQHandler                       0x080055a3   Thumb Code     0  startup_stm32f4xx.o(.text)
    OTG_FS_IRQHandler                        0x080055a3   Thumb Code     0  startup_stm32f4xx.o(.text)
    OTG_FS_WKUP_IRQHandler                   0x080055a3   Thumb Code     0  startup_stm32f4xx.o(.text)
    OTG_HS_EP1_IN_IRQHandler                 0x080055a3   Thumb Code     0  startup_stm32f4xx.o(.text)
    OTG_HS_EP1_OUT_IRQHandler                0x080055a3   Thumb Code     0  startup_stm32f4xx.o(.text)
    OTG_HS_IRQHandler                        0x080055a3   Thumb Code     0  startup_stm32f4xx.o(.text)
    OTG_HS_WKUP_IRQHandler                   0x080055a3   Thumb Code     0  startup_stm32f4xx.o(.text)
    PVD_IRQHandler                           0x080055a3   Thumb Code     0  startup_stm32f4xx.o(.text)
    RCC_IRQHandler                           0x080055a3   Thumb Code     0  startup_stm32f4xx.o(.text)
    RTC_Alarm_IRQHandler                     0x080055a3   Thumb Code     0  startup_stm32f4xx.o(.text)
    RTC_WKUP_IRQHandler                      0x080055a3   Thumb Code     0  startup_stm32f4xx.o(.text)
    SDIO_IRQHandler                          0x080055a3   Thumb Code     0  startup_stm32f4xx.o(.text)
    SPI1_IRQHandler                          0x080055a3   Thumb Code     0  startup_stm32f4xx.o(.text)
    SPI2_IRQHandler                          0x080055a3   Thumb Code     0  startup_stm32f4xx.o(.text)
    SPI3_IRQHandler                          0x080055a3   Thumb Code     0  startup_stm32f4xx.o(.text)
    TAMP_STAMP_IRQHandler                    0x080055a3   Thumb Code     0  startup_stm32f4xx.o(.text)
    TIM1_BRK_TIM9_IRQHandler                 0x080055a3   Thumb Code     0  startup_stm32f4xx.o(.text)
    TIM1_CC_IRQHandler                       0x080055a3   Thumb Code     0  startup_stm32f4xx.o(.text)
    TIM1_TRG_COM_TIM11_IRQHandler            0x080055a3   Thumb Code     0  startup_stm32f4xx.o(.text)
    TIM1_UP_TIM10_IRQHandler                 0x080055a3   Thumb Code     0  startup_stm32f4xx.o(.text)
    TIM2_IRQHandler                          0x080055a3   Thumb Code     0  startup_stm32f4xx.o(.text)
    TIM3_IRQHandler                          0x080055a3   Thumb Code     0  startup_stm32f4xx.o(.text)
    TIM4_IRQHandler                          0x080055a3   Thumb Code     0  startup_stm32f4xx.o(.text)
    TIM5_IRQHandler                          0x080055a3   Thumb Code     0  startup_stm32f4xx.o(.text)
    TIM6_DAC_IRQHandler                      0x080055a3   Thumb Code     0  startup_stm32f4xx.o(.text)
    TIM7_IRQHandler                          0x080055a3   Thumb Code     0  startup_stm32f4xx.o(.text)
    TIM8_BRK_TIM12_IRQHandler                0x080055a3   Thumb Code     0  startup_stm32f4xx.o(.text)
    TIM8_CC_IRQHandler                       0x080055a3   Thumb Code     0  startup_stm32f4xx.o(.text)
    TIM8_TRG_COM_TIM14_IRQHandler            0x080055a3   Thumb Code     0  startup_stm32f4xx.o(.text)
    TIM8_UP_TIM13_IRQHandler                 0x080055a3   Thumb Code     0  startup_stm32f4xx.o(.text)
    UART4_IRQHandler                         0x080055a3   Thumb Code     0  startup_stm32f4xx.o(.text)
    UART5_IRQHandler                         0x080055a3   Thumb Code     0  startup_stm32f4xx.o(.text)
    USART1_IRQHandler                        0x080055a3   Thumb Code     0  startup_stm32f4xx.o(.text)
    USART2_IRQHandler                        0x080055a3   Thumb Code     0  startup_stm32f4xx.o(.text)
    USART3_IRQHandler                        0x080055a3   Thumb Code     0  startup_stm32f4xx.o(.text)
    USART6_IRQHandler                        0x080055a3   Thumb Code     0  startup_stm32f4xx.o(.text)
    WWDG_IRQHandler                          0x080055a3   Thumb Code     0  startup_stm32f4xx.o(.text)
    __user_initial_stackheap                 0x080055a5   Thumb Code     0  startup_stm32f4xx.o(.text)
    SystemInit                               0x080056cd   Thumb Code    74  system_stm32f4xx.o(.text)
    SystemCoreClockUpdate                    0x08005717   Thumb Code   106  system_stm32f4xx.o(.text)
    __use_no_semihosting                     0x080057ad   Thumb Code     2  use_no_semi_2.o(.text)
    __2printf                                0x080057b1   Thumb Code    20  noretval__2printf.o(.text)
    _printf_pre_padding                      0x080057c9   Thumb Code    46  _printf_pad.o(.text)
    _printf_post_padding                     0x080057f7   Thumb Code    36  _printf_pad.o(.text)
    _printf_str                              0x0800581b   Thumb Code    82  _printf_str.o(.text)
    _printf_int_dec                          0x0800586d   Thumb Code   102  _printf_dec.o(.text)
    __printf                                 0x080058e5   Thumb Code   270  __printf_wp.o(.text)
    __0scanf                                 0x080059f5   Thumb Code    26  __0scanf.o(.text)
    _scanf_int                               0x08005a15   Thumb Code   336  _scanf_int.o(.text)
    _scanf_string                            0x08005b65   Thumb Code   218  _scanf_str.o(.text)
    __aeabi_memclr4                          0x08005c3f   Thumb Code     0  rt_memclr_w.o(.text)
    __aeabi_memclr8                          0x08005c3f   Thumb Code     0  rt_memclr_w.o(.text)
    __rt_memclr_w                            0x08005c3f   Thumb Code    78  rt_memclr_w.o(.text)
    _memset_w                                0x08005c43   Thumb Code     0  rt_memclr_w.o(.text)
    strcmp                                   0x08005c8d   Thumb Code   128  strcmpv7m.o(.text)
    __use_two_region_memory                  0x08005d0d   Thumb Code     2  heapauxi.o(.text)
    __rt_heap_escrow$2region                 0x08005d0f   Thumb Code     2  heapauxi.o(.text)
    __rt_heap_expand$2region                 0x08005d11   Thumb Code     2  heapauxi.o(.text)
    __I$use$semihosting                      0x08005d13   Thumb Code     0  use_no_semi.o(.text)
    __use_no_semihosting_swi                 0x08005d13   Thumb Code     2  use_no_semi.o(.text)
    _printf_int_common                       0x08005d15   Thumb Code   184  _printf_intcommon.o(.text)
    _printf_cs_common                        0x08005dcd   Thumb Code    20  _printf_char.o(.text)
    _printf_char                             0x08005de1   Thumb Code    16  _printf_char.o(.text)
    _printf_string                           0x08005df1   Thumb Code     8  _printf_char.o(.text)
    _printf_char_file                        0x08005df9   Thumb Code    32  _printf_char_file.o(.text)
    _chval                                   0x08005e1d   Thumb Code    28  _chval.o(.text)
    __vfscanf_char_file                      0x08005e39   Thumb Code    16  scanf_char_file.o(.text)
    _printf_char_common                      0x08005e5b   Thumb Code    32  _printf_char_common.o(.text)
    __vfscanf_char                           0x08005e8d   Thumb Code    24  scanf_char.o(.text)
    ___backspace$unlocked                    0x08005ead   Thumb Code     2  backspace.o(.text)
    __backspace                              0x08005eaf   Thumb Code    70  backspace.o(.text)
    ferror                                   0x08005ef5   Thumb Code     8  ferror.o(.text)
    __user_setup_stackheap                   0x08005efd   Thumb Code    74  sys_stackheap_outer.o(.text)
    isspace                                  0x08005f47   Thumb Code    18  isspace.o(.text)
    __vfscanf                                0x08005f59   Thumb Code   876  _scanf.o(.text)
    _ungetc_internal                         0x080062c9   Thumb Code    60  ungetc.o(.text)
    ungetc                                   0x080062c9   Thumb Code     0  ungetc.o(.text)
    exit                                     0x08006311   Thumb Code    12  exit.o(.text)
    __user_libspace                          0x0800631d   Thumb Code     8  libspace.o(.text)
    __user_perproc_libspace                  0x0800631d   Thumb Code     0  libspace.o(.text)
    __user_perthread_libspace                0x0800631d   Thumb Code     0  libspace.o(.text)
    __rt_ctype_table                         0x08006325   Thumb Code    16  rt_ctype_table.o(.text)
    __rt_locale                              0x08006335   Thumb Code     8  rt_locale_intlibspace.o(.text)
    _is_digit                                0x0800633d   Thumb Code    14  __printf_wp.o(i._is_digit)
    _get_lc_ctype                            0x0800634d   Thumb Code    44  lc_ctype_c.o(locale$$code)
    __aeabi_ddiv                             0x08006379   Thumb Code     0  ddiv.o(x$fpl$ddiv)
    _ddiv                                    0x08006379   Thumb Code   552  ddiv.o(x$fpl$ddiv)
    __aeabi_d2iz                             0x08006629   Thumb Code     0  dfix.o(x$fpl$dfix)
    _dfix                                    0x08006629   Thumb Code    94  dfix.o(x$fpl$dfix)
    __aeabi_i2d                              0x08006687   Thumb Code     0  dflt_clz.o(x$fpl$dflt)
    _dflt                                    0x08006687   Thumb Code    46  dflt_clz.o(x$fpl$dflt)
    __fpl_dnaninf                            0x080066b5   Thumb Code   156  dnaninf.o(x$fpl$dnaninf)
    __fpl_dretinf                            0x08006751   Thumb Code    12  dretinf.o(x$fpl$dretinf)
    _fp_init                                 0x0800675d   Thumb Code    10  fpinit.o(x$fpl$fpinit)
    __fplib_config_fpu_vfp                   0x08006765   Thumb Code     0  fpinit.o(x$fpl$fpinit)
    __fplib_config_pureend_doubles           0x08006765   Thumb Code     0  fpinit.o(x$fpl$fpinit)
    __I$use$fp                               0x08006766   Number         0  usenofp.o(x$fpl$usenofp)
    Region$$Table$$Base                      0x080067cc   Number         0  anon$$obj.o(Region$$Table)
    Region$$Table$$Limit                     0x080067ec   Number         0  anon$$obj.o(Region$$Table)
    __ctype                                  0x080067f9   Data           0  lc_ctype_c.o(locale$$data)
    xPos                                     0x20000010   Data           4  main.o(.data)
    yPos                                     0x20000014   Data           4  main.o(.data)
    traceCount                               0x20000018   Data           4  main.o(.data)
    hasFrontWall                             0x2000001c   Data           1  main.o(.data)
    hasLeftWall                              0x2000001d   Data           1  main.o(.data)
    hasRightWall                             0x2000001e   Data           1  main.o(.data)
    nextMove                                 0x20000020   Data           4  main.o(.data)
    orientation                              0x20000024   Data           1  main.o(.data)
    useIRSensors                             0x20000028   Data           1  main.o(.data)
    useSpeedProfile                          0x20000029   Data           1  main.o(.data)
    isWaiting                                0x2000002a   Data           1  main.o(.data)
    encResolution                            0x2000002c   Data           4  main.o(.data)
    select                                   0x20000030   Data           4  main.o(.data)
    maxPwm                                   0x20000034   Data           4  main.o(.data)
    alignPwm                                 0x20000038   Data           4  main.o(.data)
    alignTime                                0x2000003c   Data           4  main.o(.data)
    turnDelay                                0x20000040   Data           4  main.o(.data)
    moveSpeed                                0x20000044   Data           4  main.o(.data)
    maxSpeed                                 0x20000048   Data           4  main.o(.data)
    turnSpeed                                0x2000004c   Data           4  main.o(.data)
    searchSpeed                              0x20000050   Data           4  main.o(.data)
    stopSpeed                                0x20000054   Data           4  main.o(.data)
    turnLeft90                               0x20000058   Data           4  main.o(.data)
    turnRight90                              0x2000005c   Data           4  main.o(.data)
    turnLeft180                              0x20000060   Data           4  main.o(.data)
    turnRight180                             0x20000064   Data           4  main.o(.data)
    cellDistance                             0x20000068   Data           4  main.o(.data)
    countspermm                              0x2000006c   Data           4  main.o(.data)
    useGyro                                  0x20000070   Data           1  main.o(.data)
    useOnlyGyroFeedback                      0x20000071   Data           1  main.o(.data)
    useOnlyEncoderFeedback                   0x20000072   Data           1  main.o(.data)
    isSearching                              0x20000073   Data           1  main.o(.data)
    isSpeedRunning                           0x20000074   Data           1  main.o(.data)
    isCurveTurning                           0x20000075   Data           1  main.o(.data)
    frontWallThresholdL                      0x20000078   Data           4  main.o(.data)
    frontWallThresholdR                      0x2000007c   Data           4  main.o(.data)
    leftWallThreshold                        0x20000080   Data           4  main.o(.data)
    rightWallThreshold                       0x20000084   Data           4  main.o(.data)
    LDMiddleValue                            0x20000088   Data           4  main.o(.data)
    RDMiddleValue                            0x2000008c   Data           4  main.o(.data)
    LFvalue1                                 0x20000090   Data           4  main.o(.data)
    RFvalue1                                 0x20000094   Data           4  main.o(.data)
    LFvalue2                                 0x20000098   Data           4  main.o(.data)
    RFvalue2                                 0x2000009c   Data           4  main.o(.data)
    LDvalue1                                 0x200000a0   Data           4  main.o(.data)
    RDvalue1                                 0x200000a4   Data           4  main.o(.data)
    Micros                                   0x200000a8   Data           4  delay.o(.data)
    Millis                                   0x200000ac   Data           4  delay.o(.data)
    __stdout                                 0x200000b0   Data           4  usart.o(.data)
    __stdin                                  0x200000b4   Data           4  usart.o(.data)
    CCR1_Val                                 0x200000b8   Data           2  pwm.o(.data)
    CCR2_Val                                 0x200000ba   Data           2  pwm.o(.data)
    CCR3_Val                                 0x200000bc   Data           2  pwm.o(.data)
    CCR4_Val                                 0x200000be   Data           2  pwm.o(.data)
    buzzerTime                               0x200000c0   Data           4  buzzer.o(.data)
    reflectionRate                           0x200000c4   Data           4  sensor_function.o(.data)
    volMeter                                 0x200000c8   Data           4  sensor_function.o(.data)
    voltage                                  0x200000cc   Data           4  sensor_function.o(.data)
    LFSensor                                 0x200000d0   Data           4  sensor_function.o(.data)
    RFSensor                                 0x200000d4   Data           4  sensor_function.o(.data)
    LDSensor                                 0x200000d8   Data           4  sensor_function.o(.data)
    RDSensor                                 0x200000dc   Data           4  sensor_function.o(.data)
    aSpeed                                   0x200000e0   Data           4  sensor_function.o(.data)
    angle                                    0x200000e4   Data           4  sensor_function.o(.data)
    curSpeedX                                0x200000e8   Data           4  speedprofile.o(.data)
    curSpeedW                                0x200000ec   Data           4  speedprofile.o(.data)
    targetSpeedX                             0x200000f0   Data           4  speedprofile.o(.data)
    targetSpeedW                             0x200000f4   Data           4  speedprofile.o(.data)
    encoderFeedbackX                         0x200000f8   Data           4  speedprofile.o(.data)
    encoderFeedbackW                         0x200000fc   Data           4  speedprofile.o(.data)
    pidInputX                                0x20000100   Data           4  speedprofile.o(.data)
    pidInputW                                0x20000104   Data           4  speedprofile.o(.data)
    posErrorX                                0x20000108   Data           4  speedprofile.o(.data)
    posErrorW                                0x2000010c   Data           4  speedprofile.o(.data)
    oldPosErrorX                             0x20000110   Data           4  speedprofile.o(.data)
    oldPosErrorW                             0x20000114   Data           4  speedprofile.o(.data)
    posPwmX                                  0x20000118   Data           4  speedprofile.o(.data)
    posPwmW                                  0x2000011c   Data           4  speedprofile.o(.data)
    kpX                                      0x20000120   Data           4  speedprofile.o(.data)
    kdX                                      0x20000124   Data           4  speedprofile.o(.data)
    kpW                                      0x20000128   Data           4  speedprofile.o(.data)
    kdW                                      0x2000012c   Data           4  speedprofile.o(.data)
    accX                                     0x20000130   Data           4  speedprofile.o(.data)
    decX                                     0x20000134   Data           4  speedprofile.o(.data)
    accW                                     0x20000138   Data           4  speedprofile.o(.data)
    decW                                     0x2000013c   Data           4  speedprofile.o(.data)
    leftBaseSpeed                            0x20000140   Data           4  speedprofile.o(.data)
    rightBaseSpeed                           0x20000144   Data           4  speedprofile.o(.data)
    leftEncCount                             0x20000148   Data           4  speedprofile.o(.data)
    rightEncCount                            0x2000014c   Data           4  speedprofile.o(.data)
    leftEncOld                               0x20000150   Data           4  speedprofile.o(.data)
    rightEncOld                              0x20000154   Data           4  speedprofile.o(.data)
    leftEncChange                            0x20000158   Data           4  speedprofile.o(.data)
    rightEncChange                           0x2000015c   Data           4  speedprofile.o(.data)
    encChange                                0x20000160   Data           4  speedprofile.o(.data)
    distanceLeft                             0x20000164   Data           4  speedprofile.o(.data)
    encCount                                 0x20000168   Data           4  speedprofile.o(.data)
    oldEncCount                              0x2000016c   Data           4  speedprofile.o(.data)
    sensorError                              0x20000170   Data           4  speedprofile.o(.data)
    sensorScale                              0x20000174   Data           4  speedprofile.o(.data)
    gyroFeedbackRatio                        0x20000178   Data           4  speedprofile.o(.data)
    SystemCoreClock                          0x2000017c   Data           4  system_stm32f4xx.o(.data)
    AHBPrescTable                            0x20000180   Data          16  system_stm32f4xx.o(.data)
    block                                    0x20000190   Data         576  main.o(.bss)
    distance                                 0x200003d0   Data         576  main.o(.bss)
    tempBlock                                0x20000610   Data         576  main.o(.bss)
    tempDistance                             0x20000850   Data         576  main.o(.bss)
    distances                                0x20000a90   Data         400  main.o(.bss)
    __libspace_start                         0x20000c20   Data          96  libspace.o(.bss)
    __temporary_stack_top$libspace           0x20000c80   Data           0  libspace.o(.bss)



==============================================================================

Memory Map of the image

  Image Entry point : 0x08000189

  Load Region LR_IROM1 (Base: 0x08000000, Size: 0x00006a8c, Max: 0x00100000, ABSOLUTE, COMPRESSED[0x0000695c])

    Execution Region ER_IROM1 (Base: 0x08000000, Size: 0x000068fc, Max: 0x00100000, ABSOLUTE)

    Base Addr    Size         Type   Attr      Idx    E Section Name        Object

    0x08000000   0x00000188   Data   RO          871    RESET               startup_stm32f4xx.o
    0x08000188   0x00000008   Code   RO          955  * !!!main             c_w.l(__main.o)
    0x08000190   0x00000034   Code   RO         1211    !!!scatter          c_w.l(__scatter.o)
    0x080001c4   0x0000005a   Code   RO         1209    !!dczerorl2         c_w.l(__dczerorl2.o)
    0x0800021e   0x00000002   PAD
    0x08000220   0x0000001c   Code   RO         1213    !!handler_zi        c_w.l(__scatter_zi.o)
    0x0800023c   0x00000000   Code   RO          942    .ARM.Collect$$_printf_percent$$00000000  c_w.l(_printf_percent.o)
    0x0800023c   0x00000006   Code   RO          941    .ARM.Collect$$_printf_percent$$00000009  c_w.l(_printf_d.o)
    0x08000242   0x00000006   Code   RO          939    .ARM.Collect$$_printf_percent$$00000013  c_w.l(_printf_c.o)
    0x08000248   0x00000006   Code   RO          940    .ARM.Collect$$_printf_percent$$00000014  c_w.l(_printf_s.o)
    0x0800024e   0x00000004   Code   RO          980    .ARM.Collect$$_printf_percent$$00000017  c_w.l(_printf_percent_end.o)
    0x08000252   0x00000002   Code   RO         1034    .ARM.Collect$$libinit$$00000000  c_w.l(libinit.o)
    0x08000254   0x00000004   Code   RO         1042    .ARM.Collect$$libinit$$00000001  c_w.l(libinit2.o)
    0x08000258   0x00000000   Code   RO         1046    .ARM.Collect$$libinit$$00000008  c_w.l(libinit2.o)
    0x08000258   0x00000000   Code   RO         1048    .ARM.Collect$$libinit$$0000000A  c_w.l(libinit2.o)
    0x08000258   0x00000000   Code   RO         1050    .ARM.Collect$$libinit$$0000000C  c_w.l(libinit2.o)
    0x08000258   0x00000006   Code   RO         1051    .ARM.Collect$$libinit$$0000000D  c_w.l(libinit2.o)
    0x0800025e   0x00000000   Code   RO         1053    .ARM.Collect$$libinit$$0000000F  c_w.l(libinit2.o)
    0x0800025e   0x0000000c   Code   RO         1054    .ARM.Collect$$libinit$$00000010  c_w.l(libinit2.o)
    0x0800026a   0x00000000   Code   RO         1055    .ARM.Collect$$libinit$$00000011  c_w.l(libinit2.o)
    0x0800026a   0x00000000   Code   RO         1057    .ARM.Collect$$libinit$$00000013  c_w.l(libinit2.o)
    0x0800026a   0x00000000   Code   RO         1059    .ARM.Collect$$libinit$$00000015  c_w.l(libinit2.o)
    0x0800026a   0x00000000   Code   RO         1061    .ARM.Collect$$libinit$$00000017  c_w.l(libinit2.o)
    0x0800026a   0x00000000   Code   RO         1063    .ARM.Collect$$libinit$$00000019  c_w.l(libinit2.o)
    0x0800026a   0x00000000   Code   RO         1065    .ARM.Collect$$libinit$$0000001B  c_w.l(libinit2.o)
    0x0800026a   0x00000000   Code   RO         1067    .ARM.Collect$$libinit$$0000001D  c_w.l(libinit2.o)
    0x0800026a   0x00000000   Code   RO         1069    .ARM.Collect$$libinit$$0000001F  c_w.l(libinit2.o)
    0x0800026a   0x00000000   Code   RO         1071    .ARM.Collect$$libinit$$00000021  c_w.l(libinit2.o)
    0x0800026a   0x00000000   Code   RO         1073    .ARM.Collect$$libinit$$00000023  c_w.l(libinit2.o)
    0x0800026a   0x00000000   Code   RO         1077    .ARM.Collect$$libinit$$0000002A  c_w.l(libinit2.o)
    0x0800026a   0x00000000   Code   RO         1079    .ARM.Collect$$libinit$$0000002C  c_w.l(libinit2.o)
    0x0800026a   0x00000000   Code   RO         1081    .ARM.Collect$$libinit$$0000002E  c_w.l(libinit2.o)
    0x0800026a   0x00000000   Code   RO         1083    .ARM.Collect$$libinit$$00000030  c_w.l(libinit2.o)
    0x0800026a   0x00000002   Code   RO         1084    .ARM.Collect$$libinit$$00000031  c_w.l(libinit2.o)
    0x0800026c   0x00000002   Code   RO         1148    .ARM.Collect$$libshutdown$$00000000  c_w.l(libshutdown.o)
    0x0800026e   0x00000000   Code   RO         1163    .ARM.Collect$$libshutdown$$00000003  c_w.l(libshutdown2.o)
    0x0800026e   0x00000000   Code   RO         1166    .ARM.Collect$$libshutdown$$00000006  c_w.l(libshutdown2.o)
    0x0800026e   0x00000000   Code   RO         1169    .ARM.Collect$$libshutdown$$00000009  c_w.l(libshutdown2.o)
    0x0800026e   0x00000000   Code   RO         1171    .ARM.Collect$$libshutdown$$0000000B  c_w.l(libshutdown2.o)
    0x0800026e   0x00000000   Code   RO         1174    .ARM.Collect$$libshutdown$$0000000E  c_w.l(libshutdown2.o)
    0x0800026e   0x00000002   Code   RO         1175    .ARM.Collect$$libshutdown$$0000000F  c_w.l(libshutdown2.o)
    0x08000270   0x00000000   Code   RO          973    .ARM.Collect$$rtentry$$00000000  c_w.l(rtentry.o)
    0x08000270   0x00000000   Code   RO          991    .ARM.Collect$$rtentry$$00000002  c_w.l(rtentry2.o)
    0x08000270   0x00000006   Code   RO         1003    .ARM.Collect$$rtentry$$00000004  c_w.l(rtentry4.o)
    0x08000276   0x00000000   Code   RO          993    .ARM.Collect$$rtentry$$00000009  c_w.l(rtentry2.o)
    0x08000276   0x00000004   Code   RO          994    .ARM.Collect$$rtentry$$0000000A  c_w.l(rtentry2.o)
    0x0800027a   0x00000000   Code   RO          996    .ARM.Collect$$rtentry$$0000000C  c_w.l(rtentry2.o)
    0x0800027a   0x00000008   Code   RO          997    .ARM.Collect$$rtentry$$0000000D  c_w.l(rtentry2.o)
    0x08000282   0x00000002   Code   RO         1038    .ARM.Collect$$rtexit$$00000000  c_w.l(rtexit.o)
    0x08000284   0x00000000   Code   RO         1086    .ARM.Collect$$rtexit$$00000002  c_w.l(rtexit2.o)
    0x08000284   0x00000004   Code   RO         1087    .ARM.Collect$$rtexit$$00000003  c_w.l(rtexit2.o)
    0x08000288   0x00000006   Code   RO         1088    .ARM.Collect$$rtexit$$00000004  c_w.l(rtexit2.o)
    0x0800028e   0x00000002   PAD
    0x08000290   0x000000b0   Code   RO            3    .text               misc.o
    0x08000340   0x00000348   Code   RO          130    .text               stm32f4xx_adc.o
    0x08000688   0x000000e8   Code   RO          170    .text               stm32f4xx_exti.o
    0x08000770   0x00000210   Code   RO          211    .text               stm32f4xx_gpio.o
    0x08000980   0x000003d0   Code   RO          231    .text               stm32f4xx_rcc.o
    0x08000d50   0x0000006c   Code   RO          273    .text               stm32f4xx_syscfg.o
    0x08000dbc   0x000009da   Code   RO          293    .text               stm32f4xx_tim.o
    0x08001796   0x00000002   PAD
    0x08001798   0x00000344   Code   RO          314    .text               stm32f4xx_usart.o
    0x08001adc   0x00000694   Code   RO          334    .text               main.o
    0x08002170   0x000000fc   Code   RO          459    .text               stm32f4xx_it.o
    0x0800226c   0x000000e8   Code   RO          490    .text               delay.o
    0x08002354   0x000000a0   Code   RO          521    .text               led.o
    0x080023f4   0x00000154   Code   RO          541    .text               button.o
    0x08002548   0x000002e4   Code   RO          561    .text               usart.o
    0x0800282c   0x00000174   Code   RO          592    .text               pwm.o
    0x080029a0   0x00000108   Code   RO          615    .text               buzzer.o
    0x08002aa8   0x000000e0   Code   RO          641    .text               encoder.o
    0x08002b88   0x000000f4   Code   RO          661    .text               adc.o
    0x08002c7c   0x00000214   Code   RO          681    .text               sensor_function.o
    0x08002e90   0x00000a18   Code   RO          711    .text               test.o
    0x080038a8   0x00000178   Code   RO          731    .text               turn.o
    0x08003a20   0x000000a4   Code   RO          751    .text               align.o
    0x08003ac4   0x0000046a   Code   RO          771    .text               speedprofile.o
    0x08003f2e   0x00000002   PAD
    0x08003f30   0x00000138   Code   RO          801    .text               move.o
    0x08004068   0x0000015c   Code   RO          813    .text               lookup.o
    0x080041c4   0x00000170   Code   RO          825    .text               graphics.o
    0x08004334   0x000000c0   Code   RO          837    .text               initializegrid.o
    0x080043f4   0x00001194   Code   RO          851    .text               floodsearch.o
    0x08005588   0x00000040   Code   RO          872    .text               startup_stm32f4xx.o
    0x080055c8   0x000001e4   Code   RO          878    .text               system_stm32f4xx.o
    0x080057ac   0x00000002   Code   RO          905    .text               c_w.l(use_no_semi_2.o)
    0x080057ae   0x00000002   PAD
    0x080057b0   0x00000018   Code   RO          909    .text               c_w.l(noretval__2printf.o)
    0x080057c8   0x00000052   Code   RO          913    .text               c_w.l(_printf_pad.o)
    0x0800581a   0x00000052   Code   RO          915    .text               c_w.l(_printf_str.o)
    0x0800586c   0x00000078   Code   RO          917    .text               c_w.l(_printf_dec.o)
    0x080058e4   0x0000010e   Code   RO          927    .text               c_w.l(__printf_wp.o)
    0x080059f2   0x00000002   PAD
    0x080059f4   0x00000020   Code   RO          943    .text               c_w.l(__0scanf.o)
    0x08005a14   0x00000150   Code   RO          945    .text               c_w.l(_scanf_int.o)
    0x08005b64   0x000000da   Code   RO          947    .text               c_w.l(_scanf_str.o)
    0x08005c3e   0x0000004e   Code   RO          949    .text               c_w.l(rt_memclr_w.o)
    0x08005c8c   0x00000080   Code   RO          951    .text               c_w.l(strcmpv7m.o)
    0x08005d0c   0x00000006   Code   RO          953    .text               c_w.l(heapauxi.o)
    0x08005d12   0x00000002   Code   RO          971    .text               c_w.l(use_no_semi.o)
    0x08005d14   0x000000b8   Code   RO          974    .text               c_w.l(_printf_intcommon.o)
    0x08005dcc   0x0000002c   Code   RO          976    .text               c_w.l(_printf_char.o)
    0x08005df8   0x00000024   Code   RO          978    .text               c_w.l(_printf_char_file.o)
    0x08005e1c   0x0000001c   Code   RO          981    .text               c_w.l(_chval.o)
    0x08005e38   0x00000018   Code   RO          983    .text               c_w.l(scanf_char_file.o)
    0x08005e50   0x00000030   Code   RO         1005    .text               c_w.l(_printf_char_common.o)
    0x08005e80   0x0000002c   Code   RO         1007    .text               c_w.l(scanf_char.o)
    0x08005eac   0x00000048   Code   RO         1009    .text               c_w.l(backspace.o)
    0x08005ef4   0x00000008   Code   RO         1011    .text               c_w.l(ferror.o)
    0x08005efc   0x0000004a   Code   RO         1017    .text               c_w.l(sys_stackheap_outer.o)
    0x08005f46   0x00000012   Code   RO         1019    .text               c_w.l(isspace.o)
    0x08005f58   0x00000370   Code   RO         1023    .text               c_w.l(_scanf.o)
    0x080062c8   0x00000048   Code   RO         1025    .text               c_w.l(ungetc.o)
    0x08006310   0x0000000c   Code   RO         1027    .text               c_w.l(exit.o)
    0x0800631c   0x00000008   Code   RO         1035    .text               c_w.l(libspace.o)
    0x08006324   0x00000010   Code   RO         1040    .text               c_w.l(rt_ctype_table.o)
    0x08006334   0x00000008   Code   RO         1095    .text               c_w.l(rt_locale_intlibspace.o)
    0x0800633c   0x0000000e   Code   RO          929    i._is_digit         c_w.l(__printf_wp.o)
    0x0800634a   0x00000002   PAD
    0x0800634c   0x0000002c   Code   RO         1107    locale$$code        c_w.l(lc_ctype_c.o)
    0x08006378   0x000002b0   Code   RO          958    x$fpl$ddiv          fz_wm.l(ddiv.o)
    0x08006628   0x0000005e   Code   RO          961    x$fpl$dfix          fz_wm.l(dfix.o)
    0x08006686   0x0000002e   Code   RO          966    x$fpl$dflt          fz_wm.l(dflt_clz.o)
    0x080066b4   0x0000009c   Code   RO          985    x$fpl$dnaninf       fz_wm.l(dnaninf.o)
    0x08006750   0x0000000c   Code   RO          987    x$fpl$dretinf       fz_wm.l(dretinf.o)
    0x0800675c   0x0000000a   Code   RO         1114    x$fpl$fpinit        fz_wm.l(fpinit.o)
    0x08006766   0x00000000   Code   RO          989    x$fpl$usenofp       fz_wm.l(usenofp.o)
    0x08006766   0x00000002   PAD
    0x08006768   0x00000061   Data   RO          338    .constdata          main.o
    0x080067c9   0x00000003   PAD
    0x080067cc   0x00000020   Data   RO         1207    Region$$Table       anon$$obj.o
    0x080067ec   0x00000110   Data   RO         1106    locale$$data        c_w.l(lc_ctype_c.o)


    Execution Region RW_IRAM1 (Base: 0x20000000, Size: 0x00001280, Max: 0x00020000, ABSOLUTE, COMPRESSED[0x00000060])

    Base Addr    Size         Type   Attr      Idx    E Section Name        Object

    0x20000000   0x00000010   Data   RW          232    .data               stm32f4xx_rcc.o
    0x20000010   0x00000004   Data   RW          339    .data               main.o
    0x20000014   0x00000004   Data   RW          340    .data               main.o
    0x20000018   0x00000004   Data   RW          342    .data               main.o
    0x2000001c   0x00000001   Data   RW          343    .data               main.o
    0x2000001d   0x00000001   Data   RW          344    .data               main.o
    0x2000001e   0x00000001   Data   RW          345    .data               main.o
    0x2000001f   0x00000001   PAD
    0x20000020   0x00000004   Data   RW          346    .data               main.o
    0x20000024   0x00000001   Data   RW          347    .data               main.o
    0x20000025   0x00000003   PAD
    0x20000028   0x00000040   Data   RW          348    .data               main.o
    0x20000068   0x00000004   Data   RW          352    .data               main.o
    0x2000006c   0x00000004   Data   RW          353    .data               main.o
    0x20000070   0x00000001   Data   RW          354    .data               main.o
    0x20000071   0x00000001   Data   RW          356    .data               main.o
    0x20000072   0x00000001   Data   RW          357    .data               main.o
    0x20000073   0x00000001   Data   RW          358    .data               main.o
    0x20000074   0x00000001   Data   RW          359    .data               main.o
    0x20000075   0x00000001   Data   RW          360    .data               main.o
    0x20000076   0x00000002   PAD
    0x20000078   0x00000004   Data   RW          361    .data               main.o
    0x2000007c   0x00000004   Data   RW          362    .data               main.o
    0x20000080   0x00000004   Data   RW          363    .data               main.o
    0x20000084   0x00000004   Data   RW          364    .data               main.o
    0x20000088   0x00000004   Data   RW          365    .data               main.o
    0x2000008c   0x00000004   Data   RW          366    .data               main.o
    0x20000090   0x00000004   Data   RW          367    .data               main.o
    0x20000094   0x00000004   Data   RW          368    .data               main.o
    0x20000098   0x00000004   Data   RW          369    .data               main.o
    0x2000009c   0x00000004   Data   RW          370    .data               main.o
    0x200000a0   0x00000004   Data   RW          371    .data               main.o
    0x200000a4   0x00000004   Data   RW          372    .data               main.o
    0x200000a8   0x00000008   Data   RW          491    .data               delay.o
    0x200000b0   0x00000004   Data   RW          562    .data               usart.o
    0x200000b4   0x00000004   Data   RW          563    .data               usart.o
    0x200000b8   0x00000008   Data   RW          593    .data               pwm.o
    0x200000c0   0x00000004   Data   RW          616    .data               buzzer.o
    0x200000c4   0x00000024   Data   RW          682    .data               sensor_function.o
    0x200000e8   0x00000094   Data   RW          772    .data               speedprofile.o
    0x2000017c   0x00000014   Data   RW          880    .data               system_stm32f4xx.o
    0x20000190   0x00000900   Zero   RW          335    .bss                main.o
    0x20000a90   0x00000190   Zero   RW          336    .bss                main.o
    0x20000c20   0x00000060   Zero   RW         1036    .bss                c_w.l(libspace.o)
    0x20000c80   0x00000200   Zero   RW          870    HEAP                startup_stm32f4xx.o
    0x20000e80   0x00000400   Zero   RW          869    STACK               startup_stm32f4xx.o


==============================================================================

Image component sizes


      Code (inc. data)   RO Data    RW Data    ZI Data      Debug   Object Name

       244         20          0          0          0       1185   adc.o
       164         32          0          0          0        677   align.o
       340         10          0          0          0        899   button.o
       264         18          0          4          0       1335   buzzer.o
       232         18          0          8          0      28631   delay.o
       224         12          0          0          0       1479   encoder.o
      4500        370          0          0          0       5859   floodsearch.o
       368         78          0          0          0       1054   graphics.o
       192         10          0          0          0        813   initializegrid.o
       160         14          0          0          0        572   led.o
       348         18          0          0          0       2039   lookup.o
      1684        280         97        146       2704       5211   main.o
       176         16          0          0          0     275933   misc.o
       312         22          0          0          0       1155   move.o
       372         16          0          8          0       1699   pwm.o
       532         34          0         36          0       1765   sensor_function.o
      1130         72          0        148          0       5413   speedprofile.o
        64         26        392          0       1536        820   startup_stm32f4xx.o
       840         24          0          0          0       9162   stm32f4xx_adc.o
       232          8          0          0          0       2203   stm32f4xx_exti.o
       528         38          0          0          0       3757   stm32f4xx_gpio.o
       252         14          0          0          0       1806   stm32f4xx_it.o
       976         42          0         16          0       9879   stm32f4xx_rcc.o
       108         14          0          0          0       1615   stm32f4xx_syscfg.o
      2522         52          0          0          0      18770   stm32f4xx_tim.o
       836         26          0          0          0       6768   stm32f4xx_usart.o
       484         44          0         20          0       2037   system_stm32f4xx.o
      2584        236          0          0          0       4463   test.o
       376         32          0          0          0       1029   turn.o
       740        280          0          8          0       4124   usart.o

    ----------------------------------------------------------------------
     21788       1876        524        400       4240     402152   Object Totals
         0          0         32          0          0          0   (incl. Generated)
         4          0          3          6          0          0   (incl. Padding)

    ----------------------------------------------------------------------

      Code (inc. data)   RO Data    RW Data    ZI Data      Debug   Library Member Name

        32          6          0          0          0         84   __0scanf.o
        90          0          0          0          0          0   __dczerorl2.o
         8          0          0          0          0         68   __main.o
       284          0          0          0          0        156   __printf_wp.o
        52          8          0          0          0          0   __scatter.o
        28          0          0          0          0          0   __scatter_zi.o
        28          0          0          0          0         68   _chval.o
         6          0          0          0          0          0   _printf_c.o
        44          0          0          0          0        108   _printf_char.o
        48          6          0          0          0         96   _printf_char_common.o
        36          4          0          0          0         80   _printf_char_file.o
         6          0          0          0          0          0   _printf_d.o
       120         18          0          0          0         92   _printf_dec.o
       184          0          0          0          0         88   _printf_intcommon.o
        82          0          0          0          0        108   _printf_pad.o
         0          0          0          0          0          0   _printf_percent.o
         4          0          0          0          0          0   _printf_percent_end.o
         6          0          0          0          0          0   _printf_s.o
        82          0          0          0          0         80   _printf_str.o
       880          4          0          0          0        100   _scanf.o
       336          0          0          0          0         92   _scanf_int.o
       218          0          0          0          0         92   _scanf_str.o
        72          0          0          0          0         92   backspace.o
        12          0          0          0          0         72   exit.o
         8          0          0          0          0         68   ferror.o
         6          0          0          0          0        152   heapauxi.o
        18          0          0          0          0         76   isspace.o
        44         10        272          0          0         76   lc_ctype_c.o
         2          0          0          0          0          0   libinit.o
        24          0          0          0          0          0   libinit2.o
         2          0          0          0          0          0   libshutdown.o
         2          0          0          0          0          0   libshutdown2.o
         8          4          0          0         96         68   libspace.o
        24          4          0          0          0         84   noretval__2printf.o
        16          4          0          0          0         76   rt_ctype_table.o
         8          4          0          0          0         68   rt_locale_intlibspace.o
        78          0          0          0          0         80   rt_memclr_w.o
         0          0          0          0          0          0   rtentry.o
        12          0          0          0          0          0   rtentry2.o
         6          0          0          0          0          0   rtentry4.o
         2          0          0          0          0          0   rtexit.o
        10          0          0          0          0          0   rtexit2.o
        44          8          0          0          0         84   scanf_char.o
        24          8          0          0          0         68   scanf_char_file.o
       128          0          0          0          0         68   strcmpv7m.o
        74          0          0          0          0         80   sys_stackheap_outer.o
        72         12          0          0          0         68   ungetc.o
         2          0          0          0          0         68   use_no_semi.o
         2          0          0          0          0         68   use_no_semi_2.o
       688        140          0          0          0        260   ddiv.o
        94          4          0          0          0        140   dfix.o
        46          0          0          0          0        116   dflt_clz.o
       156          4          0          0          0        140   dnaninf.o
        12          0          0          0          0        116   dretinf.o
        10          0          0          0          0        116   fpinit.o
         0          0          0          0          0          0   usenofp.o

    ----------------------------------------------------------------------
      4292        248        272          0         96       3616   Library Totals
        12          0          0          0          0          0   (incl. Padding)

    ----------------------------------------------------------------------

      Code (inc. data)   RO Data    RW Data    ZI Data      Debug   Library Name

      3274        100        272          0         96       2728   c_w.l
      1006        148          0          0          0        888   fz_wm.l

    ----------------------------------------------------------------------
      4292        248        272          0         96       3616   Library Totals

    ----------------------------------------------------------------------

==============================================================================


      Code (inc. data)   RO Data    RW Data    ZI Data      Debug   

     26080       2124        796        400       4336     397256   Grand Totals
     26080       2124        796         96       4336     397256   ELF Image Totals (compressed)
     26080       2124        796         96          0          0   ROM Totals

==============================================================================

    Total RO  Size (Code + RO Data)                26876 (  26.25kB)
    Total RW  Size (RW Data + ZI Data)              4736 (   4.63kB)
    Total ROM Size (Code + RO Data + RW Data)      26972 (  26.34kB)

==============================================================================

