ARM Linker, 5.02 [Build 28] [MDK-ARM Lite]

==============================================================================

Section Cross References

    stm32f4xx_adc.o(.text) refers to stm32f4xx_rcc.o(.text) for RCC_APB2PeriphResetCmd
    stm32f4xx_gpio.o(.text) refers to stm32f4xx_rcc.o(.text) for RCC_AHB1PeriphResetCmd
    stm32f4xx_rcc.o(.text) refers to stm32f4xx_rcc.o(.data) for .data
    stm32f4xx_spi.o(.text) refers to stm32f4xx_rcc.o(.text) for RCC_APB2PeriphResetCmd
    stm32f4xx_syscfg.o(.text) refers to stm32f4xx_rcc.o(.text) for RCC_APB2PeriphResetCmd
    stm32f4xx_tim.o(.text) refers to stm32f4xx_rcc.o(.text) for RCC_APB2PeriphResetCmd
    stm32f4xx_usart.o(.text) refers to stm32f4xx_rcc.o(.text) for RCC_APB2PeriphResetCmd
    main.o(.text) refers to _printf_pad.o(.text) for _printf_pre_padding
    main.o(.text) refers to _printf_percent.o(.ARM.Collect$$_printf_percent$$00000000) for _printf_percent
    main.o(.text) refers to _printf_d.o(.ARM.Collect$$_printf_percent$$00000009) for _printf_d
    main.o(.text) refers to _printf_dec.o(.text) for _printf_int_dec
    main.o(.text) refers to sensor_function.o(.text) for lowBatCheck
    main.o(.text) refers to speedprofile.o(.text) for speedProfile
    main.o(.text) refers to delay.o(.text) for Systick_Configuration
    main.o(.text) refers to led.o(.text) for LED_Configuration
    main.o(.text) refers to button.o(.text) for button_Configuration
    main.o(.text) refers to usart.o(.text) for usart1_Configuration
    main.o(.text) refers to pwm.o(.text) for TIM4_PWM_Init
    main.o(.text) refers to encoder.o(.text) for Encoder_Configuration
    main.o(.text) refers to buzzer.o(.text) for buzzer_Configuration
    main.o(.text) refers to adc.o(.text) for ADC_Config
    main.o(.text) refers to stm32f4xx_gpio.o(.text) for GPIO_ResetBits
    main.o(.text) refers to noretval__2printf.o(.text) for __2printf
    main.o(.text) refers to test.o(.text) for waitForSignal
    main.o(.text) refers to initializegrid.o(.text) for initializeGrid
    main.o(.text) refers to graphics.o(.text) for visualizeGrid
    main.o(.text) refers to floodsearch.o(.text) for floodCenter
    main.o(.text) refers to main.o(.data) for .data
    main.o(.text) refers to sensor_function.o(.data) for angle
    main.o(.text) refers to speedprofile.o(.data) for sensorScale
    main.o(.text) refers to move.o(.text) for moveE
    main.o(.text) refers to main.o(.constdata) for .constdata
    stm32f4xx_it.o(.text) refers to main.o(.text) for systick
    stm32f4xx_it.o(.text) refers to stm32f4xx_exti.o(.text) for EXTI_GetITStatus
    stm32f4xx_it.o(.text) refers to delay.o(.text) for delay_ms
    stm32f4xx_it.o(.text) refers to delay.o(.data) for Millis
    stm32f4xx_it.o(.text) refers to buzzer.o(.data) for buzzerTime
    delay.o(.text) refers to system_stm32f4xx.o(.text) for SystemInit
    delay.o(.text) refers to misc.o(.text) for NVIC_PriorityGroupConfig
    delay.o(.text) refers to system_stm32f4xx.o(.data) for SystemCoreClock
    delay.o(.text) refers to delay.o(.data) for .data
    led.o(.text) refers to stm32f4xx_rcc.o(.text) for RCC_AHB1PeriphClockCmd
    led.o(.text) refers to stm32f4xx_gpio.o(.text) for GPIO_Init
    button.o(.text) refers to stm32f4xx_rcc.o(.text) for RCC_APB2PeriphClockCmd
    button.o(.text) refers to stm32f4xx_gpio.o(.text) for GPIO_Init
    button.o(.text) refers to stm32f4xx_syscfg.o(.text) for SYSCFG_EXTILineConfig
    button.o(.text) refers to stm32f4xx_exti.o(.text) for EXTI_Init
    button.o(.text) refers to misc.o(.text) for NVIC_Init
    usart.o(.rev16_text) refers (Special) to use_no_semi_2.o(.text) for __use_no_semihosting
    usart.o(.revsh_text) refers (Special) to use_no_semi_2.o(.text) for __use_no_semihosting
    usart.o(.text) refers (Special) to use_no_semi_2.o(.text) for __use_no_semihosting
    usart.o(.text) refers to _printf_percent.o(.ARM.Collect$$_printf_percent$$00000000) for _printf_percent
    usart.o(.text) refers to _printf_c.o(.ARM.Collect$$_printf_percent$$00000013) for _printf_c
    usart.o(.text) refers to _printf_str.o(.text) for _printf_str
    usart.o(.text) refers to _printf_d.o(.ARM.Collect$$_printf_percent$$00000009) for _printf_d
    usart.o(.text) refers to _printf_dec.o(.text) for _printf_int_dec
    usart.o(.text) refers to _printf_s.o(.ARM.Collect$$_printf_percent$$00000014) for _printf_s
    usart.o(.text) refers to _scanf_str.o(.text) for _scanf_string
    usart.o(.text) refers to _scanf_int.o(.text) for _scanf_int
    usart.o(.text) refers to stm32f4xx_rcc.o(.text) for RCC_AHB1PeriphClockCmd
    usart.o(.text) refers to stm32f4xx_gpio.o(.text) for GPIO_PinAFConfig
    usart.o(.text) refers to stm32f4xx_usart.o(.text) for USART_OverSampling8Cmd
    usart.o(.text) refers to noretval__2printf.o(.text) for __2printf
    usart.o(.text) refers to __0scanf.o(.text) for __0scanf
    usart.o(.text) refers to strcmpv7m.o(.text) for strcmp
    usart.o(.data) refers (Special) to use_no_semi_2.o(.text) for __use_no_semihosting
[...]
    __rt_lib_init_getenv_1                   0x0800024b   Thumb Code     0  libinit2.o(.ARM.Collect$$libinit$$00000021)
    __rt_lib_init_lc_ctype_1                 0x0800024b   Thumb Code     0  libinit2.o(.ARM.Collect$$libinit$$00000011)
    __rt_lib_init_lc_monetary_1              0x0800024b   Thumb Code     0  libinit2.o(.ARM.Collect$$libinit$$00000013)
    __rt_lib_init_lc_numeric_1               0x0800024b   Thumb Code     0  libinit2.o(.ARM.Collect$$libinit$$00000015)
    __rt_lib_init_lc_time_1                  0x0800024b   Thumb Code     0  libinit2.o(.ARM.Collect$$libinit$$00000017)
    __rt_lib_init_return                     0x0800024b   Thumb Code     0  libinit2.o(.ARM.Collect$$libinit$$00000031)
    __rt_lib_init_signal_1                   0x0800024b   Thumb Code     0  libinit2.o(.ARM.Collect$$libinit$$0000001B)
    __rt_lib_init_stdio_1                    0x0800024b   Thumb Code     0  libinit2.o(.ARM.Collect$$libinit$$00000023)
    __rt_lib_shutdown                        0x0800024d   Thumb Code     0  libshutdown.o(.ARM.Collect$$libshutdown$$00000000)
    __rt_lib_shutdown_fp_trap_1              0x0800024f   Thumb Code     0  libshutdown2.o(.ARM.Collect$$libshutdown$$00000006)
    __rt_lib_shutdown_heap_1                 0x0800024f   Thumb Code     0  libshutdown2.o(.ARM.Collect$$libshutdown$$0000000E)
    __rt_lib_shutdown_return                 0x0800024f   Thumb Code     0  libshutdown2.o(.ARM.Collect$$libshutdown$$0000000F)
    __rt_lib_shutdown_signal_1               0x0800024f   Thumb Code     0  libshutdown2.o(.ARM.Collect$$libshutdown$$00000009)
    __rt_lib_shutdown_stdio_1                0x0800024f   Thumb Code     0  libshutdown2.o(.ARM.Collect$$libshutdown$$00000003)
    __rt_lib_shutdown_user_alloc_1           0x0800024f   Thumb Code     0  libshutdown2.o(.ARM.Collect$$libshutdown$$0000000B)
    __rt_entry                               0x08000251   Thumb Code     0  rtentry.o(.ARM.Collect$$rtentry$$00000000)
    __rt_entry_presh_1                       0x08000251   Thumb Code     0  rtentry2.o(.ARM.Collect$$rtentry$$00000002)
    __rt_entry_sh                            0x08000251   Thumb Code     0  rtentry4.o(.ARM.Collect$$rtentry$$00000004)
    __rt_entry_li                            0x08000257   Thumb Code     0  rtentry2.o(.ARM.Collect$$rtentry$$0000000A)
    __rt_entry_postsh_1                      0x08000257   Thumb Code     0  rtentry2.o(.ARM.Collect$$rtentry$$00000009)
    __rt_entry_main                          0x0800025b   Thumb Code     0  rtentry2.o(.ARM.Collect$$rtentry$$0000000D)
    __rt_entry_postli_1                      0x0800025b   Thumb Code     0  rtentry2.o(.ARM.Collect$$rtentry$$0000000C)
    __rt_exit                                0x08000263   Thumb Code     0  rtexit.o(.ARM.Collect$$rtexit$$00000000)
    __rt_exit_ls                             0x08000265   Thumb Code     0  rtexit2.o(.ARM.Collect$$rtexit$$00000003)
    __rt_exit_prels_1                        0x08000265   Thumb Code     0  rtexit2.o(.ARM.Collect$$rtexit$$00000002)
    __rt_exit_exit                           0x08000269   Thumb Code     0  rtexit2.o(.ARM.Collect$$rtexit$$00000004)
    NVIC_PriorityGroupConfig                 0x08000271   Thumb Code    10  misc.o(.text)
    NVIC_Init                                0x0800027b   Thumb Code    92  misc.o(.text)
    NVIC_SetVectorTable                      0x080002d7   Thumb Code    14  misc.o(.text)
    NVIC_SystemLPConfig                      0x080002e5   Thumb Code    20  misc.o(.text)
    SysTick_CLKSourceConfig                  0x080002f9   Thumb Code    24  misc.o(.text)
    ADC_DeInit                               0x08000321   Thumb Code    24  stm32f4xx_adc.o(.text)
    ADC_Init                                 0x08000339   Thumb Code    66  stm32f4xx_adc.o(.text)
    ADC_StructInit                           0x0800037b   Thumb Code    20  stm32f4xx_adc.o(.text)
    ADC_CommonInit                           0x0800038f   Thumb Code    30  stm32f4xx_adc.o(.text)
    ADC_CommonStructInit                     0x080003ad   Thumb Code    12  stm32f4xx_adc.o(.text)
    ADC_Cmd                                  0x080003b9   Thumb Code    20  stm32f4xx_adc.o(.text)
    ADC_AnalogWatchdogCmd                    0x080003cd   Thumb Code    12  stm32f4xx_adc.o(.text)
    ADC_AnalogWatchdogThresholdsConfig       0x080003d9   Thumb Code     6  stm32f4xx_adc.o(.text)
    ADC_AnalogWatchdogSingleChannelConfig    0x080003df   Thumb Code    12  stm32f4xx_adc.o(.text)
    ADC_TempSensorVrefintCmd                 0x080003eb   Thumb Code    26  stm32f4xx_adc.o(.text)
    ADC_VBATCmd                              0x08000405   Thumb Code    26  stm32f4xx_adc.o(.text)
    ADC_RegularChannelConfig                 0x0800041f   Thumb Code   116  stm32f4xx_adc.o(.text)
    ADC_SoftwareStartConv                    0x08000493   Thumb Code    10  stm32f4xx_adc.o(.text)
    ADC_GetSoftwareStartConvStatus           0x0800049d   Thumb Code    14  stm32f4xx_adc.o(.text)
    ADC_EOCOnEachRegularChannelCmd           0x080004ab   Thumb Code    20  stm32f4xx_adc.o(.text)
    ADC_ContinuousModeCmd                    0x080004bf   Thumb Code    20  stm32f4xx_adc.o(.text)
    ADC_DiscModeChannelCountConfig           0x080004d3   Thumb Code    16  stm32f4xx_adc.o(.text)
    ADC_DiscModeCmd                          0x080004e3   Thumb Code    20  stm32f4xx_adc.o(.text)
    ADC_GetConversionValue                   0x080004f7   Thumb Code     6  stm32f4xx_adc.o(.text)
    ADC_GetMultiModeConversionValue          0x080004fd   Thumb Code     8  stm32f4xx_adc.o(.text)
    ADC_DMACmd                               0x08000505   Thumb Code    20  stm32f4xx_adc.o(.text)
    ADC_DMARequestAfterLastTransferCmd       0x08000519   Thumb Code    20  stm32f4xx_adc.o(.text)
    ADC_MultiModeDMARequestAfterLastTransferCmd 0x0800052d   Thumb Code    26  stm32f4xx_adc.o(.text)
    ADC_InjectedChannelConfig                0x08000547   Thumb Code    74  stm32f4xx_adc.o(.text)
    ADC_InjectedSequencerLengthConfig        0x08000591   Thumb Code    16  stm32f4xx_adc.o(.text)
    ADC_SetInjectedOffset                    0x080005a1   Thumb Code     4  stm32f4xx_adc.o(.text)
    ADC_ExternalTrigInjectedConvConfig       0x080005a5   Thumb Code    12  stm32f4xx_adc.o(.text)
    ADC_ExternalTrigInjectedConvEdgeConfig   0x080005b1   Thumb Code    12  stm32f4xx_adc.o(.text)
    ADC_SoftwareStartInjectedConv            0x080005bd   Thumb Code    10  stm32f4xx_adc.o(.text)
    ADC_GetSoftwareStartInjectedConvCmdStatus 0x080005c7   Thumb Code    14  stm32f4xx_adc.o(.text)
    ADC_AutoInjectedConvCmd                  0x080005d5   Thumb Code    20  stm32f4xx_adc.o(.text)
    ADC_InjectedDiscModeCmd                  0x080005e9   Thumb Code    20  stm32f4xx_adc.o(.text)
    ADC_GetInjectedConversionValue           0x080005fd   Thumb Code     8  stm32f4xx_adc.o(.text)
    ADC_ITConfig                             0x08000605   Thumb Code    18  stm32f4xx_adc.o(.text)
    ADC_GetFlagStatus                        0x08000617   Thumb Code    14  stm32f4xx_adc.o(.text)
    ADC_ClearFlag                            0x08000625   Thumb Code     6  stm32f4xx_adc.o(.text)
    ADC_GetITStatus                          0x0800062b   Thumb Code    30  stm32f4xx_adc.o(.text)
    ADC_ClearITPendingBit                    0x08000649   Thumb Code     8  stm32f4xx_adc.o(.text)
    EXTI_DeInit                              0x08000669   Thumb Code    28  stm32f4xx_exti.o(.text)
    EXTI_Init                                0x08000685   Thumb Code   108  stm32f4xx_exti.o(.text)
    EXTI_StructInit                          0x080006f1   Thumb Code    14  stm32f4xx_exti.o(.text)
    EXTI_GenerateSWInterrupt                 0x080006ff   Thumb Code    12  stm32f4xx_exti.o(.text)
    EXTI_GetFlagStatus                       0x0800070b   Thumb Code    18  stm32f4xx_exti.o(.text)
    EXTI_ClearFlag                           0x0800071d   Thumb Code     8  stm32f4xx_exti.o(.text)
    EXTI_GetITStatus                         0x08000725   Thumb Code    28  stm32f4xx_exti.o(.text)
    EXTI_ClearITPendingBit                   0x08000741   Thumb Code     8  stm32f4xx_exti.o(.text)
    FLASH_SetLatency                         0x08000751   Thumb Code     6  stm32f4xx_flash.o(.text)
    FLASH_PrefetchBufferCmd                  0x08000757   Thumb Code    22  stm32f4xx_flash.o(.text)
    FLASH_InstructionCacheCmd                0x0800076d   Thumb Code    22  stm32f4xx_flash.o(.text)
    FLASH_DataCacheCmd                       0x08000783   Thumb Code    22  stm32f4xx_flash.o(.text)
    FLASH_InstructionCacheReset              0x08000799   Thumb Code    12  stm32f4xx_flash.o(.text)
    FLASH_DataCacheReset                     0x080007a5   Thumb Code    12  stm32f4xx_flash.o(.text)
    FLASH_Unlock                             0x080007b1   Thumb Code    24  stm32f4xx_flash.o(.text)
    FLASH_Lock                               0x080007c9   Thumb Code    14  stm32f4xx_flash.o(.text)
    FLASH_GetStatus                          0x080007d7   Thumb Code    48  stm32f4xx_flash.o(.text)
    FLASH_WaitForLastOperation               0x08000807   Thumb Code    12  stm32f4xx_flash.o(.text)
    FLASH_EraseSector                        0x08000813   Thumb Code   106  stm32f4xx_flash.o(.text)
    FLASH_EraseAllSectors                    0x0800087d   Thumb Code    88  stm32f4xx_flash.o(.text)
    FLASH_ProgramDoubleWord                  0x080008d5   Thumb Code    60  stm32f4xx_flash.o(.text)
    FLASH_ProgramWord                        0x08000911   Thumb Code    58  stm32f4xx_flash.o(.text)
    FLASH_ProgramHalfWord                    0x0800094b   Thumb Code    58  stm32f4xx_flash.o(.text)
    FLASH_ProgramByte                        0x08000985   Thumb Code    54  stm32f4xx_flash.o(.text)
    FLASH_OB_Unlock                          0x080009bb   Thumb Code    24  stm32f4xx_flash.o(.text)
    FLASH_OB_Lock                            0x080009d3   Thumb Code    14  stm32f4xx_flash.o(.text)
    FLASH_OB_WRPConfig                       0x080009e1   Thumb Code    32  stm32f4xx_flash.o(.text)
    FLASH_OB_RDPConfig                       0x08000a01   Thumb Code    20  stm32f4xx_flash.o(.text)
    FLASH_OB_UserConfig                      0x08000a15   Thumb Code    36  stm32f4xx_flash.o(.text)
    FLASH_OB_BORConfig                       0x08000a39   Thumb Code    20  stm32f4xx_flash.o(.text)
    FLASH_OB_Launch                          0x08000a4d   Thumb Code    14  stm32f4xx_flash.o(.text)
    FLASH_OB_GetUser                         0x08000a5b   Thumb Code    12  stm32f4xx_flash.o(.text)
    FLASH_OB_GetWRP                          0x08000a67   Thumb Code     8  stm32f4xx_flash.o(.text)
    FLASH_OB_GetRDP                          0x08000a6f   Thumb Code    16  stm32f4xx_flash.o(.text)
    FLASH_OB_GetBOR                          0x08000a7f   Thumb Code    12  stm32f4xx_flash.o(.text)
    FLASH_ITConfig                           0x08000a8b   Thumb Code    20  stm32f4xx_flash.o(.text)
    FLASH_GetFlagStatus                      0x08000a9f   Thumb Code    18  stm32f4xx_flash.o(.text)
    FLASH_ClearFlag                          0x08000ab1   Thumb Code     8  stm32f4xx_flash.o(.text)
    GPIO_DeInit                              0x08000acd   Thumb Code   192  stm32f4xx_gpio.o(.text)
    GPIO_Init                                0x08000b8d   Thumb Code   162  stm32f4xx_gpio.o(.text)
    GPIO_StructInit                          0x08000c2f   Thumb Code    18  stm32f4xx_gpio.o(.text)
    GPIO_PinLockConfig                       0x08000c41   Thumb Code    16  stm32f4xx_gpio.o(.text)
    GPIO_ReadInputDataBit                    0x08000c51   Thumb Code    14  stm32f4xx_gpio.o(.text)
    GPIO_ReadInputData                       0x08000c5f   Thumb Code     6  stm32f4xx_gpio.o(.text)
    GPIO_ReadOutputDataBit                   0x08000c65   Thumb Code    14  stm32f4xx_gpio.o(.text)
    GPIO_ReadOutputData                      0x08000c73   Thumb Code     6  stm32f4xx_gpio.o(.text)
    GPIO_SetBits                             0x08000c79   Thumb Code     4  stm32f4xx_gpio.o(.text)
    GPIO_ResetBits                           0x08000c7d   Thumb Code     4  stm32f4xx_gpio.o(.text)
    GPIO_WriteBit                            0x08000c81   Thumb Code    10  stm32f4xx_gpio.o(.text)
    GPIO_Write                               0x08000c8b   Thumb Code     4  stm32f4xx_gpio.o(.text)
    GPIO_ToggleBits                          0x08000c8f   Thumb Code     8  stm32f4xx_gpio.o(.text)
    GPIO_PinAFConfig                         0x08000c97   Thumb Code    32  stm32f4xx_gpio.o(.text)
    RCC_DeInit                               0x08000cdd   Thumb Code    48  stm32f4xx_rcc.o(.text)
    RCC_HSEConfig                            0x08000d0d   Thumb Code    12  stm32f4xx_rcc.o(.text)
    RCC_GetFlagStatus                        0x08000d19   Thumb Code    46  stm32f4xx_rcc.o(.text)
    RCC_WaitForHSEStartUp                    0x08000d47   Thumb Code    38  stm32f4xx_rcc.o(.text)
    RCC_AdjustHSICalibrationValue            0x08000d6d   Thumb Code    16  stm32f4xx_rcc.o(.text)
    RCC_HSICmd                               0x08000d7d   Thumb Code     6  stm32f4xx_rcc.o(.text)
    RCC_LSEConfig                            0x08000d83   Thumb Code    24  stm32f4xx_rcc.o(.text)
    RCC_LSICmd                               0x08000d9b   Thumb Code     6  stm32f4xx_rcc.o(.text)
    RCC_PLLConfig                            0x08000da1   Thumb Code    32  stm32f4xx_rcc.o(.text)
    RCC_PLLCmd                               0x08000dc1   Thumb Code     6  stm32f4xx_rcc.o(.text)
    RCC_PLLI2SConfig                         0x08000dc7   Thumb Code    14  stm32f4xx_rcc.o(.text)
    RCC_PLLI2SCmd                            0x08000dd5   Thumb Code     6  stm32f4xx_rcc.o(.text)
    RCC_ClockSecuritySystemCmd               0x08000ddb   Thumb Code     6  stm32f4xx_rcc.o(.text)
    RCC_MCO1Config                           0x08000de1   Thumb Code    18  stm32f4xx_rcc.o(.text)
    RCC_MCO2Config                           0x08000df3   Thumb Code    18  stm32f4xx_rcc.o(.text)
    RCC_SYSCLKConfig                         0x08000e05   Thumb Code    16  stm32f4xx_rcc.o(.text)
    RCC_GetSYSCLKSource                      0x08000e15   Thumb Code    12  stm32f4xx_rcc.o(.text)
    RCC_HCLKConfig                           0x08000e21   Thumb Code    16  stm32f4xx_rcc.o(.text)
    RCC_PCLK1Config                          0x08000e31   Thumb Code    16  stm32f4xx_rcc.o(.text)
    RCC_PCLK2Config                          0x08000e41   Thumb Code    18  stm32f4xx_rcc.o(.text)
    RCC_GetClocksFreq                        0x08000e53   Thumb Code   136  stm32f4xx_rcc.o(.text)
    RCC_RTCCLKConfig                         0x08000edb   Thumb Code    42  stm32f4xx_rcc.o(.text)
    RCC_RTCCLKCmd                            0x08000f05   Thumb Code     8  stm32f4xx_rcc.o(.text)
    RCC_BackupResetCmd                       0x08000f0d   Thumb Code     8  stm32f4xx_rcc.o(.text)
    RCC_I2SCLKConfig                         0x08000f15   Thumb Code     6  stm32f4xx_rcc.o(.text)
    RCC_AHB1PeriphClockCmd                   0x08000f1b   Thumb Code    20  stm32f4xx_rcc.o(.text)
    RCC_AHB2PeriphClockCmd                   0x08000f2f   Thumb Code    20  stm32f4xx_rcc.o(.text)
    RCC_AHB3PeriphClockCmd                   0x08000f43   Thumb Code    20  stm32f4xx_rcc.o(.text)
    RCC_APB1PeriphClockCmd                   0x08000f57   Thumb Code    20  stm32f4xx_rcc.o(.text)
    RCC_APB2PeriphClockCmd                   0x08000f6b   Thumb Code    20  stm32f4xx_rcc.o(.text)
    RCC_AHB1PeriphResetCmd                   0x08000f7f   Thumb Code    20  stm32f4xx_rcc.o(.text)
    RCC_AHB2PeriphResetCmd                   0x08000f93   Thumb Code    20  stm32f4xx_rcc.o(.text)
    RCC_AHB3PeriphResetCmd                   0x08000fa7   Thumb Code    20  stm32f4xx_rcc.o(.text)
    RCC_APB1PeriphResetCmd                   0x08000fbb   Thumb Code    20  stm32f4xx_rcc.o(.text)
    RCC_APB2PeriphResetCmd                   0x08000fcf   Thumb Code    20  stm32f4xx_rcc.o(.text)
    RCC_AHB1PeriphClockLPModeCmd             0x08000fe3   Thumb Code    20  stm32f4xx_rcc.o(.text)
    RCC_AHB2PeriphClockLPModeCmd             0x08000ff7   Thumb Code    20  stm32f4xx_rcc.o(.text)
    RCC_AHB3PeriphClockLPModeCmd             0x0800100b   Thumb Code    20  stm32f4xx_rcc.o(.text)
    RCC_APB1PeriphClockLPModeCmd             0x0800101f   Thumb Code    20  stm32f4xx_rcc.o(.text)
    RCC_APB2PeriphClockLPModeCmd             0x08001033   Thumb Code    20  stm32f4xx_rcc.o(.text)
    RCC_ITConfig                             0x08001047   Thumb Code    20  stm32f4xx_rcc.o(.text)
    RCC_ClearFlag                            0x0800105b   Thumb Code    14  stm32f4xx_rcc.o(.text)
    RCC_GetITStatus                          0x08001069   Thumb Code    18  stm32f4xx_rcc.o(.text)
    RCC_ClearITPendingBit                    0x0800107b   Thumb Code     8  stm32f4xx_rcc.o(.text)
    SYSCFG_DeInit                            0x080010ad   Thumb Code    24  stm32f4xx_syscfg.o(.text)
    SYSCFG_MemoryRemapConfig                 0x080010c5   Thumb Code     6  stm32f4xx_syscfg.o(.text)
    SYSCFG_EXTILineConfig                    0x080010cb   Thumb Code    36  stm32f4xx_syscfg.o(.text)
    SYSCFG_ETH_MediaInterfaceConfig          0x080010ef   Thumb Code     6  stm32f4xx_syscfg.o(.text)
    SYSCFG_CompensationCellCmd               0x080010f5   Thumb Code     6  stm32f4xx_syscfg.o(.text)
    SYSCFG_GetCompensationCellStatus         0x080010fb   Thumb Code    16  stm32f4xx_syscfg.o(.text)
    TIM_DeInit                               0x08001119   Thumb Code   284  stm32f4xx_tim.o(.text)
    TIM_TimeBaseInit                         0x08001235   Thumb Code    96  stm32f4xx_tim.o(.text)
    TIM_TimeBaseStructInit                   0x08001295   Thumb Code    18  stm32f4xx_tim.o(.text)
    TIM_PrescalerConfig                      0x080012a7   Thumb Code     6  stm32f4xx_tim.o(.text)
    TIM_CounterModeConfig                    0x080012ad   Thumb Code    12  stm32f4xx_tim.o(.text)
    TIM_SetCounter                           0x080012b9   Thumb Code     4  stm32f4xx_tim.o(.text)
    TIM_SetAutoreload                        0x080012bd   Thumb Code     4  stm32f4xx_tim.o(.text)
    TIM_GetCounter                           0x080012c1   Thumb Code     4  stm32f4xx_tim.o(.text)
    TIM_GetPrescaler                         0x080012c5   Thumb Code     4  stm32f4xx_tim.o(.text)
    TIM_UpdateDisableConfig                  0x080012c9   Thumb Code    20  stm32f4xx_tim.o(.text)
    TIM_UpdateRequestConfig                  0x080012dd   Thumb Code    20  stm32f4xx_tim.o(.text)
    TIM_ARRPreloadConfig                     0x080012f1   Thumb Code    20  stm32f4xx_tim.o(.text)
    TIM_SelectOnePulseMode                   0x08001305   Thumb Code    16  stm32f4xx_tim.o(.text)
    TIM_SetClockDivision                     0x08001315   Thumb Code    16  stm32f4xx_tim.o(.text)
    TIM_Cmd                                  0x08001325   Thumb Code    20  stm32f4xx_tim.o(.text)
    TIM_OC1Init                              0x08001339   Thumb Code    88  stm32f4xx_tim.o(.text)
    TIM_OC2Init                              0x08001391   Thumb Code   120  stm32f4xx_tim.o(.text)
    TIM_OC3Init                              0x08001409   Thumb Code   116  stm32f4xx_tim.o(.text)
    TIM_OC4Init                              0x0800147d   Thumb Code    88  stm32f4xx_tim.o(.text)
    TIM_OCStructInit                         0x080014d5   Thumb Code    20  stm32f4xx_tim.o(.text)
    TIM_SelectOCxM                           0x080014e9   Thumb Code   130  stm32f4xx_tim.o(.text)
    TIM_SetCompare1                          0x0800156b   Thumb Code     4  stm32f4xx_tim.o(.text)
    TIM_SetCompare2                          0x0800156f   Thumb Code     4  stm32f4xx_tim.o(.text)
    TIM_SetCompare3                          0x08001573   Thumb Code     4  stm32f4xx_tim.o(.text)
    TIM_SetCompare4                          0x08001577   Thumb Code     4  stm32f4xx_tim.o(.text)
    TIM_ForcedOC1Config                      0x0800157b   Thumb Code    12  stm32f4xx_tim.o(.text)
    TIM_ForcedOC2Config                      0x08001587   Thumb Code    20  stm32f4xx_tim.o(.text)
    TIM_ForcedOC3Config                      0x0800159b   Thumb Code    12  stm32f4xx_tim.o(.text)
    TIM_ForcedOC4Config                      0x080015a7   Thumb Code    20  stm32f4xx_tim.o(.text)
    TIM_OC1PreloadConfig                     0x080015bb   Thumb Code    12  stm32f4xx_tim.o(.text)
    TIM_OC2PreloadConfig                     0x080015c7   Thumb Code    20  stm32f4xx_tim.o(.text)
    TIM_OC3PreloadConfig                     0x080015db   Thumb Code    12  stm32f4xx_tim.o(.text)
    TIM_OC4PreloadConfig                     0x080015e7   Thumb Code    20  stm32f4xx_tim.o(.text)
    TIM_OC1FastConfig                        0x080015fb   Thumb Code    12  stm32f4xx_tim.o(.text)
    TIM_OC2FastConfig                        0x08001607   Thumb Code    20  stm32f4xx_tim.o(.text)
    TIM_OC3FastConfig                        0x0800161b   Thumb Code    12  stm32f4xx_tim.o(.text)
    TIM_OC4FastConfig                        0x08001627   Thumb Code    20  stm32f4xx_tim.o(.text)
    TIM_ClearOC1Ref                          0x0800163b   Thumb Code    12  stm32f4xx_tim.o(.text)
    TIM_ClearOC2Ref                          0x08001647   Thumb Code    20  stm32f4xx_tim.o(.text)
    TIM_ClearOC3Ref                          0x0800165b   Thumb Code    12  stm32f4xx_tim.o(.text)
    TIM_ClearOC4Ref                          0x08001667   Thumb Code    20  stm32f4xx_tim.o(.text)
    TIM_OC1PolarityConfig                    0x0800167b   Thumb Code    12  stm32f4xx_tim.o(.text)
    TIM_OC1NPolarityConfig                   0x08001687   Thumb Code    12  stm32f4xx_tim.o(.text)
    TIM_OC2PolarityConfig                    0x08001693   Thumb Code    20  stm32f4xx_tim.o(.text)
    TIM_OC2NPolarityConfig                   0x080016a7   Thumb Code    20  stm32f4xx_tim.o(.text)
    TIM_OC3PolarityConfig                    0x080016bb   Thumb Code    20  stm32f4xx_tim.o(.text)
    TIM_OC3NPolarityConfig                   0x080016cf   Thumb Code    20  stm32f4xx_tim.o(.text)
    TIM_OC4PolarityConfig                    0x080016e3   Thumb Code    20  stm32f4xx_tim.o(.text)
    TIM_CCxCmd                               0x080016f7   Thumb Code    22  stm32f4xx_tim.o(.text)
    TIM_CCxNCmd                              0x0800170d   Thumb Code    22  stm32f4xx_tim.o(.text)
    TIM_SetIC4Prescaler                      0x08001723   Thumb Code    24  stm32f4xx_tim.o(.text)
    TIM_SetIC3Prescaler                      0x0800173b   Thumb Code    16  stm32f4xx_tim.o(.text)
    TIM_SetIC2Prescaler                      0x0800174b   Thumb Code    24  stm32f4xx_tim.o(.text)
    TIM_SetIC1Prescaler                      0x08001799   Thumb Code    16  stm32f4xx_tim.o(.text)
    TIM_ICInit                               0x080017a9   Thumb Code   164  stm32f4xx_tim.o(.text)
    TIM_ICStructInit                         0x0800184d   Thumb Code    16  stm32f4xx_tim.o(.text)
    TIM_PWMIConfig                           0x0800185d   Thumb Code   104  stm32f4xx_tim.o(.text)
    TIM_GetCapture1                          0x080018c5   Thumb Code     4  stm32f4xx_tim.o(.text)
    TIM_GetCapture2                          0x080018c9   Thumb Code     4  stm32f4xx_tim.o(.text)
    TIM_GetCapture3                          0x080018cd   Thumb Code     4  stm32f4xx_tim.o(.text)
    TIM_GetCapture4                          0x080018d1   Thumb Code     4  stm32f4xx_tim.o(.text)
    TIM_BDTRConfig                           0x080018d5   Thumb Code    34  stm32f4xx_tim.o(.text)
    TIM_BDTRStructInit                       0x080018f7   Thumb Code    18  stm32f4xx_tim.o(.text)
    TIM_CtrlPWMOutputs                       0x08001909   Thumb Code    22  stm32f4xx_tim.o(.text)
    TIM_SelectCOM                            0x0800191f   Thumb Code    20  stm32f4xx_tim.o(.text)
    TIM_CCPreloadControl                     0x08001933   Thumb Code    20  stm32f4xx_tim.o(.text)
    TIM_ITConfig                             0x08001947   Thumb Code    16  stm32f4xx_tim.o(.text)
    TIM_GenerateEvent                        0x08001957   Thumb Code     4  stm32f4xx_tim.o(.text)
    TIM_GetFlagStatus                        0x0800195b   Thumb Code    14  stm32f4xx_tim.o(.text)
    TIM_ClearFlag                            0x08001969   Thumb Code     6  stm32f4xx_tim.o(.text)
    TIM_GetITStatus                          0x0800196f   Thumb Code    24  stm32f4xx_tim.o(.text)
    TIM_ClearITPendingBit                    0x08001987   Thumb Code     6  stm32f4xx_tim.o(.text)
    TIM_DMAConfig                            0x0800198d   Thumb Code     8  stm32f4xx_tim.o(.text)
    TIM_DMACmd                               0x08001995   Thumb Code    16  stm32f4xx_tim.o(.text)
    TIM_SelectCCDMA                          0x080019a5   Thumb Code    20  stm32f4xx_tim.o(.text)
    TIM_InternalClockConfig                  0x080019b9   Thumb Code    10  stm32f4xx_tim.o(.text)
    TIM_SelectInputTrigger                   0x080019c3   Thumb Code    12  stm32f4xx_tim.o(.text)
    TIM_ITRxExternalClockConfig              0x080019cf   Thumb Code    18  stm32f4xx_tim.o(.text)
    TIM_TIxExternalClockConfig               0x080019e1   Thumb Code    44  stm32f4xx_tim.o(.text)
    TIM_ETRConfig                            0x08001a0d   Thumb Code    24  stm32f4xx_tim.o(.text)
    TIM_ETRClockMode1Config                  0x08001a25   Thumb Code    18  stm32f4xx_tim.o(.text)
    TIM_ETRClockMode2Config                  0x08001a37   Thumb Code    18  stm32f4xx_tim.o(.text)
    TIM_SelectOutputTrigger                  0x08001a49   Thumb Code    16  stm32f4xx_tim.o(.text)
    TIM_SelectSlaveMode                      0x08001a59   Thumb Code    16  stm32f4xx_tim.o(.text)
    TIM_SelectMasterSlaveMode                0x08001a69   Thumb Code    16  stm32f4xx_tim.o(.text)
    TIM_EncoderInterfaceConfig               0x08001a79   Thumb Code    50  stm32f4xx_tim.o(.text)
    TIM_SelectHallSensor                     0x08001aab   Thumb Code    20  stm32f4xx_tim.o(.text)
    TIM_RemapConfig                          0x08001abf   Thumb Code     6  stm32f4xx_tim.o(.text)
    USART_DeInit                             0x08001af5   Thumb Code   114  stm32f4xx_usart.o(.text)
    USART_Init                               0x08001b67   Thumb Code   174  stm32f4xx_usart.o(.text)
    USART_StructInit                         0x08001c15   Thumb Code    22  stm32f4xx_usart.o(.text)
    USART_ClockInit                          0x08001c2b   Thumb Code    28  stm32f4xx_usart.o(.text)
    USART_ClockStructInit                    0x08001c47   Thumb Code    12  stm32f4xx_usart.o(.text)
    USART_Cmd                                0x08001c53   Thumb Code    20  stm32f4xx_usart.o(.text)
    USART_SetPrescaler                       0x08001c67   Thumb Code    16  stm32f4xx_usart.o(.text)
    USART_OverSampling8Cmd                   0x08001c77   Thumb Code    20  stm32f4xx_usart.o(.text)
    USART_OneBitMethodCmd                    0x08001c8b   Thumb Code    20  stm32f4xx_usart.o(.text)
    USART_SendData                           0x08001c9f   Thumb Code     8  stm32f4xx_usart.o(.text)
    USART_ReceiveData                        0x08001ca7   Thumb Code     8  stm32f4xx_usart.o(.text)
    USART_SetAddress                         0x08001caf   Thumb Code    16  stm32f4xx_usart.o(.text)
    USART_ReceiverWakeUpCmd                  0x08001cbf   Thumb Code    20  stm32f4xx_usart.o(.text)
    USART_WakeUpConfig                       0x08001cd3   Thumb Code    16  stm32f4xx_usart.o(.text)
    USART_LINBreakDetectLengthConfig         0x08001ce3   Thumb Code    16  stm32f4xx_usart.o(.text)
    USART_LINCmd                             0x08001cf3   Thumb Code    20  stm32f4xx_usart.o(.text)
    USART_SendBreak                          0x08001d07   Thumb Code    10  stm32f4xx_usart.o(.text)
    USART_HalfDuplexCmd                      0x08001d11   Thumb Code    20  stm32f4xx_usart.o(.text)
    USART_SetGuardTime                       0x08001d25   Thumb Code    16  stm32f4xx_usart.o(.text)
    USART_SmartCardCmd                       0x08001d35   Thumb Code    20  stm32f4xx_usart.o(.text)
    USART_SmartCardNACKCmd                   0x08001d49   Thumb Code    20  stm32f4xx_usart.o(.text)
    USART_IrDAConfig                         0x08001d5d   Thumb Code    16  stm32f4xx_usart.o(.text)
    USART_IrDACmd                            0x08001d6d   Thumb Code    20  stm32f4xx_usart.o(.text)
    USART_DMACmd                             0x08001d81   Thumb Code    16  stm32f4xx_usart.o(.text)
    USART_ITConfig                           0x08001d91   Thumb Code    48  stm32f4xx_usart.o(.text)
    USART_GetFlagStatus                      0x08001dc1   Thumb Code    14  stm32f4xx_usart.o(.text)
    USART_ClearFlag                          0x08001dcf   Thumb Code     6  stm32f4xx_usart.o(.text)
    USART_GetITStatus                        0x08001dd5   Thumb Code    62  stm32f4xx_usart.o(.text)
    USART_ClearITPendingBit                  0x08001e13   Thumb Code    12  stm32f4xx_usart.o(.text)
    systick                                  0x08001e39   Thumb Code    36  main.o(.text)
    main                                     0x08001e5d   Thumb Code   390  main.o(.text)
    button0_interrupt                        0x08001fe3   Thumb Code   270  main.o(.text)
    button1_interrupt                        0x080020f1   Thumb Code   462  main.o(.text)
    button2_interrupt                        0x080022bf   Thumb Code   300  main.o(.text)
    printInfo                                0x080023eb   Thumb Code    98  main.o(.text)
    button3_interrupt                        0x0800244d   Thumb Code   352  main.o(.text)
    NMI_Handler                              0x08002611   Thumb Code     2  stm32f4xx_it.o(.text)
    HardFault_Handler                        0x08002613   Thumb Code     2  stm32f4xx_it.o(.text)
    MemManage_Handler                        0x08002615   Thumb Code     2  stm32f4xx_it.o(.text)
    BusFault_Handler                         0x08002617   Thumb Code     2  stm32f4xx_it.o(.text)
    UsageFault_Handler                       0x08002619   Thumb Code     2  stm32f4xx_it.o(.text)
    SVC_Handler                              0x0800261b   Thumb Code     2  stm32f4xx_it.o(.text)
    DebugMon_Handler                         0x0800261d   Thumb Code     2  stm32f4xx_it.o(.text)
    PendSV_Handler                           0x0800261f   Thumb Code     2  stm32f4xx_it.o(.text)
    SysTick_Handler                          0x08002621   Thumb Code    30  stm32f4xx_it.o(.text)
    EXTI9_5_IRQHandler                       0x0800263f   Thumb Code    92  stm32f4xx_it.o(.text)
    EXTI15_10_IRQHandler                     0x0800269b   Thumb Code   100  stm32f4xx_it.o(.text)
    Systick_Configuration                    0x0800270d   Thumb Code    78  delay.o(.text)
    micros                                   0x0800275b   Thumb Code    38  delay.o(.text)
    millis                                   0x08002781   Thumb Code     6  delay.o(.text)
    delay_ms                                 0x08002787   Thumb Code    14  delay.o(.text)
    delay_us                                 0x08002795   Thumb Code    24  delay.o(.text)
    elapseMicros                             0x080027ad   Thumb Code    20  delay.o(.text)
    elapseMillis                             0x080027c1   Thumb Code    12  delay.o(.text)
    LED_Configuration                        0x080027f5   Thumb Code   146  led.o(.text)
    button_Configuration                     0x08002895   Thumb Code   330  button.o(.text)
    usart1_Configuration                     0x080029e9   Thumb Code   160  usart.o(.text)
    _sys_exit                                0x08002a89   Thumb Code     4  usart.o(.text)
    fputc                                    0x08002a8d   Thumb Code    30  usart.o(.text)
    fgetc                                    0x08002aab   Thumb Code    16  usart.o(.text)
    PutChar                                  0x08002abb   Thumb Code    30  usart.o(.text)
    GetChar                                  0x08002ad9   Thumb Code    32  usart.o(.text)
    inputChar                                0x08002af9   Thumb Code    46  usart.o(.text)
    inputDigit                               0x08002b27   Thumb Code    48  usart.o(.text)
    inputString                              0x08002b57   Thumb Code    52  usart.o(.text)
    inputDigits                              0x08002b8b   Thumb Code    42  usart.o(.text)
    TIM4_GPIO_Config                         0x08002ccd   Thumb Code    90  pwm.o(.text)
    TIM4_Mode_Config                         0x08002d27   Thumb Code   166  pwm.o(.text)
    TIM4_PWM_Init                            0x08002dcd   Thumb Code    12  pwm.o(.text)
    setLeftPwm                               0x08002dd9   Thumb Code    44  pwm.o(.text)
    setRightPwm                              0x08002e05   Thumb Code    44  pwm.o(.text)
    buzzer_Configuration                     0x08002e41   Thumb Code   140  buzzer.o(.text)
    beep                                     0x08002ecd   Thumb Code    66  buzzer.o(.text)
    shortBeep                                0x08002f0f   Thumb Code    40  buzzer.o(.text)
    Encoder_Configuration                    0x08002f49   Thumb Code   160  encoder.o(.text)
    getRightEncCount                         0x08002fe9   Thumb Code     8  encoder.o(.text)
    getLeftEncCount                          0x08002ff1   Thumb Code     8  encoder.o(.text)
    resetRightEncCount                       0x08002ff9   Thumb Code    10  encoder.o(.text)
    resetLeftEncCount                        0x08003003   Thumb Code    10  encoder.o(.text)
    setRightEncCount                         0x0800300d   Thumb Code     8  encoder.o(.text)
    setLeftEncCount                          0x08003015   Thumb Code     8  encoder.o(.text)
    ADC_Config                               0x08003029   Thumb Code   184  adc.o(.text)
    readADC                                  0x080030e1   Thumb Code    40  adc.o(.text)
    readSensor                               0x0800311d   Thumb Code   316  sensor_function.o(.text)
    readGyro                                 0x08003259   Thumb Code    80  sensor_function.o(.text)
    readVolMeter                             0x080032a9   Thumb Code    40  sensor_function.o(.text)
    lowBatCheck                              0x080032d1   Thumb Code    60  sensor_function.o(.text)
    setGyroRef                               0x0800330d   Thumb Code    98  sensor_function.o(.text)
    randomMovement                           0x080033a9   Thumb Code     2  test.o(.text)
    getNextDirection                         0x080033ab   Thumb Code   252  test.o(.text)
    speedRun                                 0x080034a7   Thumb Code   830  test.o(.text)
    closeUntracedCells                       0x080037e5   Thumb Code   110  test.o(.text)
    speedRunCurve                            0x08003853   Thumb Code   742  test.o(.text)
    saveData                                 0x08003b39   Thumb Code     4  test.o(.text)
    loadData                                 0x08003b3d   Thumb Code     4  test.o(.text)
    waitForSignal                            0x08003b41   Thumb Code    66  test.o(.text)
    pivotTurn                                0x08003bc9   Thumb Code   232  turn.o(.text)
    curveTurnRight                           0x08003cb1   Thumb Code   216  turn.o(.text)
    curveTurnLeft                            0x08003d89   Thumb Code   212  turn.o(.text)
    alignFrontWall                           0x08003ec5   Thumb Code   144  align.o(.text)
    getSensorError                           0x08003f71   Thumb Code   130  speedprofile.o(.text)
    calculateMotorPwm                        0x08003ff3   Thumb Code   232  speedprofile.o(.text)
    updateCurrentSpeed                       0x080040db   Thumb Code   226  speedprofile.o(.text)
    getEncoderStatus                         0x080041bd   Thumb Code    72  speedprofile.o(.text)
    speedProfile                             0x08004205   Thumb Code    16  speedprofile.o(.text)
    resetSpeedProfile                        0x08004215   Thumb Code   100  speedprofile.o(.text)
    getDecNeeded                             0x08004279   Thumb Code    50  speedprofile.o(.text)
    counts_to_mm                             0x080042ab   Thumb Code    20  speedprofile.o(.text)
    mm_to_counts                             0x080042bf   Thumb Code    12  speedprofile.o(.text)
    moveForward                              0x080042cb   Thumb Code   286  speedprofile.o(.text)
    moveForwardHalf                          0x080043e9   Thumb Code   108  speedprofile.o(.text)
    moveN                                    0x08004471   Thumb Code    66  move.o(.text)
    moveE                                    0x080044b3   Thumb Code    66  move.o(.text)
    moveS                                    0x080044f5   Thumb Code    62  move.o(.text)
    moveW                                    0x08004533   Thumb Code    66  move.o(.text)
    moveBack                                 0x08004575   Thumb Code    30  move.o(.text)
    hasNorth                                 0x080045a9   Thumb Code     6  lookup.o(.text)
    hasEast                                  0x080045af   Thumb Code     6  lookup.o(.text)
    hasSouth                                 0x080045b5   Thumb Code     6  lookup.o(.text)
    hasWest                                  0x080045bb   Thumb Code     6  lookup.o(.text)
    hasTrace                                 0x080045c1   Thumb Code     6  lookup.o(.text)
    isDeadEnd                                0x080045c7   Thumb Code     6  lookup.o(.text)
    atCenter                                 0x080045cd   Thumb Code   364  lookup.o(.text)
    atStart                                  0x08004739   Thumb Code    20  lookup.o(.text)
    getMin                                   0x0800474d   Thumb Code    94  lookup.o(.text)
    visualizeGrid                            0x080047c1   Thumb Code   236  graphics.o(.text)
    initializeGrid                           0x08004911   Thumb Code   170  initializegrid.o(.text)
    simulateStraight                         0x080049c5   Thumb Code  1662  floodsearch.o(.text)
    willTurn                                 0x08005043   Thumb Code    56  floodsearch.o(.text)
    updateDistanceToCenter                   0x0800507b   Thumb Code   100  floodsearch.o(.text)
    detectWalls                              0x080050df   Thumb Code   354  floodsearch.o(.text)
    floodCenter                              0x08005241   Thumb Code  2176  floodsearch.o(.text)
    updateDistanceToStart                    0x08005ac1   Thumb Code    84  floodsearch.o(.text)
    floodStart                               0x08005b15   Thumb Code  2200  floodsearch.o(.text)
    writeFlash                               0x08006401   Thumb Code    92  stm32f4flash.o(.text)
    readFlash                                0x0800645d   Thumb Code    44  stm32f4flash.o(.text)
    Reset_Handler                            0x08006491   Thumb Code     8  startup_stm32f4xx.o(.text)
    ADC_IRQHandler                           0x080064ab   Thumb Code     0  startup_stm32f4xx.o(.text)
    CAN1_RX0_IRQHandler                      0x080064ab   Thumb Code     0  startup_stm32f4xx.o(.text)
    CAN1_RX1_IRQHandler                      0x080064ab   Thumb Code     0  startup_stm32f4xx.o(.text)
    CAN1_SCE_IRQHandler                      0x080064ab   Thumb Code     0  startup_stm32f4xx.o(.text)
    CAN1_TX_IRQHandler                       0x080064ab   Thumb Code     0  startup_stm32f4xx.o(.text)
    CAN2_RX0_IRQHandler                      0x080064ab   Thumb Code     0  startup_stm32f4xx.o(.text)
    CAN2_RX1_IRQHandler                      0x080064ab   Thumb Code     0  startup_stm32f4xx.o(.text)
    CAN2_SCE_IRQHandler                      0x080064ab   Thumb Code     0  startup_stm32f4xx.o(.text)
    CAN2_TX_IRQHandler                       0x080064ab   Thumb Code     0  startup_stm32f4xx.o(.text)
    CRYP_IRQHandler                          0x080064ab   Thumb Code     0  startup_stm32f4xx.o(.text)
    DCMI_IRQHandler                          0x080064ab   Thumb Code     0  startup_stm32f4xx.o(.text)
    DMA1_Stream0_IRQHandler                  0x080064ab   Thumb Code     0  startup_stm32f4xx.o(.text)
    DMA1_Stream1_IRQHandler                  0x080064ab   Thumb Code     0  startup_stm32f4xx.o(.text)
    DMA1_Stream2_IRQHandler                  0x080064ab   Thumb Code     0  startup_stm32f4xx.o(.text)
    DMA1_Stream3_IRQHandler                  0x080064ab   Thumb Code     0  startup_stm32f4xx.o(.text)
    DMA1_Stream4_IRQHandler                  0x080064ab   Thumb Code     0  startup_stm32f4xx.o(.text)
    DMA1_Stream5_IRQHandler                  0x080064ab   Thumb Code     0  startup_stm32f4xx.o(.text)
    DMA1_Stream6_IRQHandler                  0x080064ab   Thumb Code     0  startup_stm32f4xx.o(.text)
    DMA1_Stream7_IRQHandler                  0x080064ab   Thumb Code     0  startup_stm32f4xx.o(.text)
    DMA2_Stream0_IRQHandler                  0x080064ab   Thumb Code     0  startup_stm32f4xx.o(.text)
    DMA2_Stream1_IRQHandler                  0x080064ab   Thumb Code     0  startup_stm32f4xx.o(.text)
    DMA2_Stream2_IRQHandler                  0x080064ab   Thumb Code     0  startup_stm32f4xx.o(.text)
    DMA2_Stream3_IRQHandler                  0x080064ab   Thumb Code     0  startup_stm32f4xx.o(.text)
    DMA2_Stream4_IRQHandler                  0x080064ab   Thumb Code     0  startup_stm32f4xx.o(.text)
    DMA2_Stream5_IRQHandler                  0x080064ab   Thumb Code     0  startup_stm32f4xx.o(.text)
    DMA2_Stream6_IRQHandler                  0x080064ab   Thumb Code     0  startup_stm32f4xx.o(.text)
    DMA2_Stream7_IRQHandler                  0x080064ab   Thumb Code     0  startup_stm32f4xx.o(.text)
    ETH_IRQHandler                           0x080064ab   Thumb Code     0  startup_stm32f4xx.o(.text)
    ETH_WKUP_IRQHandler                      0x080064ab   Thumb Code     0  startup_stm32f4xx.o(.text)
    EXTI0_IRQHandler                         0x080064ab   Thumb Code     0  startup_stm32f4xx.o(.text)
    EXTI1_IRQHandler                         0x080064ab   Thumb Code     0  startup_stm32f4xx.o(.text)
    EXTI2_IRQHandler                         0x080064ab   Thumb Code     0  startup_stm32f4xx.o(.text)
    EXTI3_IRQHandler                         0x080064ab   Thumb Code     0  startup_stm32f4xx.o(.text)
    EXTI4_IRQHandler                         0x080064ab   Thumb Code     0  startup_stm32f4xx.o(.text)
    FLASH_IRQHandler                         0x080064ab   Thumb Code     0  startup_stm32f4xx.o(.text)
    FPU_IRQHandler                           0x080064ab   Thumb Code     0  startup_stm32f4xx.o(.text)
    FSMC_IRQHandler                          0x080064ab   Thumb Code     0  startup_stm32f4xx.o(.text)
    HASH_RNG_IRQHandler                      0x080064ab   Thumb Code     0  startup_stm32f4xx.o(.text)
    I2C1_ER_IRQHandler                       0x080064ab   Thumb Code     0  startup_stm32f4xx.o(.text)
    I2C1_EV_IRQHandler                       0x080064ab   Thumb Code     0  startup_stm32f4xx.o(.text)
    I2C2_ER_IRQHandler                       0x080064ab   Thumb Code     0  startup_stm32f4xx.o(.text)
    I2C2_EV_IRQHandler                       0x080064ab   Thumb Code     0  startup_stm32f4xx.o(.text)
    I2C3_ER_IRQHandler                       0x080064ab   Thumb Code     0  startup_stm32f4xx.o(.text)
    I2C3_EV_IRQHandler                       0x080064ab   Thumb Code     0  startup_stm32f4xx.o(.text)
    OTG_FS_IRQHandler                        0x080064ab   Thumb Code     0  startup_stm32f4xx.o(.text)
    OTG_FS_WKUP_IRQHandler                   0x080064ab   Thumb Code     0  startup_stm32f4xx.o(.text)
    OTG_HS_EP1_IN_IRQHandler                 0x080064ab   Thumb Code     0  startup_stm32f4xx.o(.text)
    OTG_HS_EP1_OUT_IRQHandler                0x080064ab   Thumb Code     0  startup_stm32f4xx.o(.text)
    OTG_HS_IRQHandler                        0x080064ab   Thumb Code     0  startup_stm32f4xx.o(.text)
    OTG_HS_WKUP_IRQHandler                   0x080064ab   Thumb Code     0  startup_stm32f4xx.o(.text)
    PVD_IRQHandler                           0x080064ab   Thumb Code     0  startup_stm32f4xx.o(.text)
    RCC_IRQHandler                           0x080064ab   Thumb Code     0  startup_stm32f4xx.o(.text)
    RTC_Alarm_IRQHandler                     0x080064ab   Thumb Code     0  startup_stm32f4xx.o(.text)
    RTC_WKUP_IRQHandler                      0x080064ab   Thumb Code     0  startup_stm32f4xx.o(.text)
    SDIO_IRQHandler                          0x080064ab   Thumb Code     0  startup_stm32f4xx.o(.text)
    SPI1_IRQHandler                          0x080064ab   Thumb Code     0  startup_stm32f4xx.o(.text)
    SPI2_IRQHandler                          0x080064ab   Thumb Code     0  startup_stm32f4xx.o(.text)
    SPI3_IRQHandler                          0x080064ab   Thumb Code     0  startup_stm32f4xx.o(.text)
    TAMP_STAMP_IRQHandler                    0x080064ab   Thumb Code     0  startup_stm32f4xx.o(.text)
    TIM1_BRK_TIM9_IRQHandler                 0x080064ab   Thumb Code     0  startup_stm32f4xx.o(.text)
    TIM1_CC_IRQHandler                       0x080064ab   Thumb Code     0  startup_stm32f4xx.o(.text)
    TIM1_TRG_COM_TIM11_IRQHandler            0x080064ab   Thumb Code     0  startup_stm32f4xx.o(.text)
    TIM1_UP_TIM10_IRQHandler                 0x080064ab   Thumb Code     0  startup_stm32f4xx.o(.text)
    TIM2_IRQHandler                          0x080064ab   Thumb Code     0  startup_stm32f4xx.o(.text)
    TIM3_IRQHandler                          0x080064ab   Thumb Code     0  startup_stm32f4xx.o(.text)
    TIM4_IRQHandler                          0x080064ab   Thumb Code     0  startup_stm32f4xx.o(.text)
    TIM5_IRQHandler                          0x080064ab   Thumb Code     0  startup_stm32f4xx.o(.text)
    TIM6_DAC_IRQHandler                      0x080064ab   Thumb Code     0  startup_stm32f4xx.o(.text)
    TIM7_IRQHandler                          0x080064ab   Thumb Code     0  startup_stm32f4xx.o(.text)
    TIM8_BRK_TIM12_IRQHandler                0x080064ab   Thumb Code     0  startup_stm32f4xx.o(.text)
    TIM8_CC_IRQHandler                       0x080064ab   Thumb Code     0  startup_stm32f4xx.o(.text)
    TIM8_TRG_COM_TIM14_IRQHandler            0x080064ab   Thumb Code     0  startup_stm32f4xx.o(.text)
    TIM8_UP_TIM13_IRQHandler                 0x080064ab   Thumb Code     0  startup_stm32f4xx.o(.text)
    UART4_IRQHandler                         0x080064ab   Thumb Code     0  startup_stm32f4xx.o(.text)
    UART5_IRQHandler                         0x080064ab   Thumb Code     0  startup_stm32f4xx.o(.text)
    USART1_IRQHandler                        0x080064ab   Thumb Code     0  startup_stm32f4xx.o(.text)
    USART2_IRQHandler                        0x080064ab   Thumb Code     0  startup_stm32f4xx.o(.text)
    USART3_IRQHandler                        0x080064ab   Thumb Code     0  startup_stm32f4xx.o(.text)
    USART6_IRQHandler                        0x080064ab   Thumb Code     0  startup_stm32f4xx.o(.text)
    WWDG_IRQHandler                          0x080064ab   Thumb Code     0  startup_stm32f4xx.o(.text)
    __user_initial_stackheap                 0x080064ad   Thumb Code     0  startup_stm32f4xx.o(.text)
    SystemInit                               0x080065d5   Thumb Code    74  system_stm32f4xx.o(.text)
    SystemCoreClockUpdate                    0x0800661f   Thumb Code   106  system_stm32f4xx.o(.text)
    __use_no_semihosting                     0x080066b5   Thumb Code     2  use_no_semi_2.o(.text)
    __2printf                                0x080066b9   Thumb Code    20  noretval__2printf.o(.text)
    _printf_pre_padding                      0x080066d1   Thumb Code    46  _printf_pad.o(.text)
    _printf_post_padding                     0x080066ff   Thumb Code    36  _printf_pad.o(.text)
    _printf_str                              0x08006723   Thumb Code    82  _printf_str.o(.text)
    _printf_int_dec                          0x08006775   Thumb Code   102  _printf_dec.o(.text)
    __printf                                 0x080067ed   Thumb Code   270  __printf_wp.o(.text)
    __0scanf                                 0x080068fd   Thumb Code    26  __0scanf.o(.text)
    _scanf_int                               0x0800691d   Thumb Code   336  _scanf_int.o(.text)
    _scanf_string                            0x08006a6d   Thumb Code   218  _scanf_str.o(.text)
    __aeabi_memclr4                          0x08006b47   Thumb Code     0  rt_memclr_w.o(.text)
    __aeabi_memclr8                          0x08006b47   Thumb Code     0  rt_memclr_w.o(.text)
    __rt_memclr_w                            0x08006b47   Thumb Code    78  rt_memclr_w.o(.text)
    _memset_w                                0x08006b4b   Thumb Code     0  rt_memclr_w.o(.text)
    strcmp                                   0x08006b95   Thumb Code   128  strcmpv7m.o(.text)
    __use_two_region_memory                  0x08006c15   Thumb Code     2  heapauxi.o(.text)
    __rt_heap_escrow$2region                 0x08006c17   Thumb Code     2  heapauxi.o(.text)
    __rt_heap_expand$2region                 0x08006c19   Thumb Code     2  heapauxi.o(.text)
    __I$use$semihosting                      0x08006c1b   Thumb Code     0  use_no_semi.o(.text)
    __use_no_semihosting_swi                 0x08006c1b   Thumb Code     2  use_no_semi.o(.text)
    _printf_int_common                       0x08006c1d   Thumb Code   184  _printf_intcommon.o(.text)
    _printf_cs_common                        0x08006cd5   Thumb Code    20  _printf_char.o(.text)
    _printf_char                             0x08006ce9   Thumb Code    16  _printf_char.o(.text)
    _printf_string                           0x08006cf9   Thumb Code     8  _printf_char.o(.text)
    _printf_char_file                        0x08006d01   Thumb Code    32  _printf_char_file.o(.text)
    _chval                                   0x08006d25   Thumb Code    28  _chval.o(.text)
    __vfscanf_char_file                      0x08006d41   Thumb Code    16  scanf_char_file.o(.text)
    _printf_char_common                      0x08006d63   Thumb Code    32  _printf_char_common.o(.text)
    __vfscanf_char                           0x08006d95   Thumb Code    24  scanf_char.o(.text)
    ___backspace$unlocked                    0x08006db5   Thumb Code     2  backspace.o(.text)
    __backspace                              0x08006db7   Thumb Code    70  backspace.o(.text)
    ferror                                   0x08006dfd   Thumb Code     8  ferror.o(.text)
    __user_setup_stackheap                   0x08006e05   Thumb Code    74  sys_stackheap_outer.o(.text)
    isspace                                  0x08006e4f   Thumb Code    18  isspace.o(.text)
    __vfscanf                                0x08006e61   Thumb Code   876  _scanf.o(.text)
    _ungetc_internal                         0x080071d1   Thumb Code    60  ungetc.o(.text)
    ungetc                                   0x080071d1   Thumb Code     0  ungetc.o(.text)
    exit                                     0x08007219   Thumb Code    12  exit.o(.text)
    __user_libspace                          0x08007225   Thumb Code     8  libspace.o(.text)
    __user_perproc_libspace                  0x08007225   Thumb Code     0  libspace.o(.text)
    __user_perthread_libspace                0x08007225   Thumb Code     0  libspace.o(.text)
    __rt_ctype_table                         0x0800722d   Thumb Code    16  rt_ctype_table.o(.text)
    __rt_locale                              0x0800723d   Thumb Code     8  rt_locale_intlibspace.o(.text)
    _is_digit                                0x08007245   Thumb Code    14  __printf_wp.o(i._is_digit)
    _get_lc_ctype                            0x08007255   Thumb Code    44  lc_ctype_c.o(locale$$code)
    __aeabi_d2f                              0x08007281   Thumb Code     0  d2f.o(x$fpl$d2f)
    _d2f                                     0x08007281   Thumb Code    98  d2f.o(x$fpl$d2f)
    __aeabi_dadd                             0x080072e5   Thumb Code     0  daddsub_clz.o(x$fpl$dadd)
    _dadd                                    0x080072e5   Thumb Code   332  daddsub_clz.o(x$fpl$dadd)
    __aeabi_ddiv                             0x08007435   Thumb Code     0  ddiv.o(x$fpl$ddiv)
    _ddiv                                    0x08007435   Thumb Code   552  ddiv.o(x$fpl$ddiv)
    __aeabi_d2iz                             0x080076e5   Thumb Code     0  dfix.o(x$fpl$dfix)
    _dfix                                    0x080076e5   Thumb Code    94  dfix.o(x$fpl$dfix)
    __aeabi_i2d                              0x08007743   Thumb Code     0  dflt_clz.o(x$fpl$dflt)
    _dflt                                    0x08007743   Thumb Code    46  dflt_clz.o(x$fpl$dflt)
    __aeabi_ui2d                             0x08007771   Thumb Code     0  dflt_clz.o(x$fpl$dfltu)
    _dfltu                                   0x08007771   Thumb Code    38  dflt_clz.o(x$fpl$dfltu)
    __aeabi_dmul                             0x08007799   Thumb Code     0  dmul.o(x$fpl$dmul)
    _dmul                                    0x08007799   Thumb Code   332  dmul.o(x$fpl$dmul)
    __fpl_dnaninf                            0x080078ed   Thumb Code   156  dnaninf.o(x$fpl$dnaninf)
    __fpl_dretinf                            0x08007989   Thumb Code    12  dretinf.o(x$fpl$dretinf)
    __aeabi_drsub                            0x08007995   Thumb Code     0  daddsub_clz.o(x$fpl$drsb)
    _drsb                                    0x08007995   Thumb Code    22  daddsub_clz.o(x$fpl$drsb)
    __aeabi_dsub                             0x080079ad   Thumb Code     0  daddsub_clz.o(x$fpl$dsub)
    _dsub                                    0x080079ad   Thumb Code   464  daddsub_clz.o(x$fpl$dsub)
    __aeabi_f2d                              0x08007b81   Thumb Code     0  f2d.o(x$fpl$f2d)
    _f2d                                     0x08007b81   Thumb Code    86  f2d.o(x$fpl$f2d)
    __fpl_fnaninf                            0x08007bd7   Thumb Code   140  fnaninf.o(x$fpl$fnaninf)
    _fp_init                                 0x08007c63   Thumb Code    10  fpinit.o(x$fpl$fpinit)
    __fplib_config_fpu_vfp                   0x08007c6b   Thumb Code     0  fpinit.o(x$fpl$fpinit)
    __fplib_config_pureend_doubles           0x08007c6b   Thumb Code     0  fpinit.o(x$fpl$fpinit)
    __fpl_fretinf                            0x08007c6d   Thumb Code    10  fretinf.o(x$fpl$fretinf)
    __I$use$fp                               0x08007c76   Number         0  usenofp.o(x$fpl$usenofp)
    Region$$Table$$Base                      0x08007cdc   Number         0  anon$$obj.o(Region$$Table)
    Region$$Table$$Limit                     0x08007cfc   Number         0  anon$$obj.o(Region$$Table)
    __ctype                                  0x08007d09   Data           0  lc_ctype_c.o(locale$$data)
    xPos                                     0x20000010   Data           4  main.o(.data)
    yPos                                     0x20000014   Data           4  main.o(.data)
    traceCount                               0x20000018   Data           4  main.o(.data)
    hasFrontWall                             0x2000001c   Data           1  main.o(.data)
    hasLeftWall                              0x2000001d   Data           1  main.o(.data)
    hasRightWall                             0x2000001e   Data           1  main.o(.data)
    nextMove                                 0x20000020   Data           4  main.o(.data)
    orientation                              0x20000024   Data           1  main.o(.data)
    useIRSensors                             0x20000028   Data           1  main.o(.data)
    useGyro                                  0x20000029   Data           1  main.o(.data)
    useSpeedProfile                          0x2000002a   Data           1  main.o(.data)
    isWaiting                                0x2000002b   Data           1  main.o(.data)
    encResolution                            0x2000002c   Data           4  main.o(.data)
    gearRatio                                0x20000030   Data           4  main.o(.data)
    postScale                                0x20000034   Data           4  main.o(.data)
    select                                   0x20000038   Data           4  main.o(.data)
    maxPwm                                   0x2000003c   Data           4  main.o(.data)
    alignPwm                                 0x20000040   Data           4  main.o(.data)
    alignTime                                0x20000044   Data           4  main.o(.data)
    turnDelay                                0x20000048   Data           4  main.o(.data)
    moveSpeed                                0x2000004c   Data           4  main.o(.data)
    maxSpeed                                 0x20000050   Data           4  main.o(.data)
    turnSpeed                                0x20000054   Data           4  main.o(.data)
    searchSpeed                              0x20000058   Data           4  main.o(.data)
    stopSpeed                                0x2000005c   Data           4  main.o(.data)
    turnLeft90                               0x20000060   Data           4  main.o(.data)
    turnRight90                              0x20000064   Data           4  main.o(.data)
    turnLeft180                              0x20000068   Data           4  main.o(.data)
    turnRight180                             0x2000006c   Data           4  main.o(.data)
    turnLeft45                               0x20000070   Data           4  main.o(.data)
    turnRight45                              0x20000074   Data           4  main.o(.data)
    curveLeft90                              0x20000078   Data           4  main.o(.data)
    curveRight90                             0x2000007c   Data           4  main.o(.data)
    speedW                                   0x20000080   Data           4  main.o(.data)
    t0                                       0x20000084   Data           4  main.o(.data)
    t1                                       0x20000088   Data           4  main.o(.data)
    t2                                       0x2000008c   Data           4  main.o(.data)
    t3                                       0x20000090   Data           4  main.o(.data)
    t4                                       0x20000094   Data           4  main.o(.data)
    cellDistance                             0x20000098   Data           4  main.o(.data)
    countspermm                              0x2000009c   Data           4  main.o(.data)
    motorToBackDist                          0x200000a0   Data           4  main.o(.data)
    useGyroCorrection                        0x200000a4   Data           1  main.o(.data)
    isSearching                              0x200000a5   Data           1  main.o(.data)
    isSpeedRunning                           0x200000a6   Data           1  main.o(.data)
    isCurveTurning                           0x200000a7   Data           1  main.o(.data)
    frontWallThresholdL                      0x200000a8   Data           4  main.o(.data)
    frontWallThresholdR                      0x200000ac   Data           4  main.o(.data)
    leftWallThreshold                        0x200000b0   Data           4  main.o(.data)
    rightWallThreshold                       0x200000b4   Data           4  main.o(.data)
    LDMiddleValue                            0x200000b8   Data           4  main.o(.data)
    RDMiddleValue                            0x200000bc   Data           4  main.o(.data)
    leftPostThreshold                        0x200000c0   Data           4  main.o(.data)
    rightPostThreshold                       0x200000c4   Data           4  main.o(.data)
    LFvalue1                                 0x200000c8   Data           4  main.o(.data)
    RFvalue1                                 0x200000cc   Data           4  main.o(.data)
    LFvalue2                                 0x200000d0   Data           4  main.o(.data)
    RFvalue2                                 0x200000d4   Data           4  main.o(.data)
    aSpeedScale                              0x200000d8   Data           4  main.o(.data)
    Micros                                   0x200000dc   Data           4  delay.o(.data)
    Millis                                   0x200000e0   Data           4  delay.o(.data)
    __stdout                                 0x200000e4   Data           4  usart.o(.data)
    __stdin                                  0x200000e8   Data           4  usart.o(.data)
    CCR1_Val                                 0x200000ec   Data           2  pwm.o(.data)
    CCR2_Val                                 0x200000ee   Data           2  pwm.o(.data)
    CCR3_Val                                 0x200000f0   Data           2  pwm.o(.data)
    CCR4_Val                                 0x200000f2   Data           2  pwm.o(.data)
    buzzerTime                               0x200000f4   Data           4  buzzer.o(.data)
    reflectionRate                           0x200000f8   Data           4  sensor_function.o(.data)
    volMeter                                 0x200000fc   Data           4  sensor_function.o(.data)
    voltage                                  0x20000100   Data           4  sensor_function.o(.data)
    LFSensor                                 0x20000104   Data           4  sensor_function.o(.data)
    RFSensor                                 0x20000108   Data           4  sensor_function.o(.data)
    LDSensor                                 0x2000010c   Data           4  sensor_function.o(.data)
    RDSensor                                 0x20000110   Data           4  sensor_function.o(.data)
    aSpeed                                   0x20000114   Data           4  sensor_function.o(.data)
    angle                                    0x20000118   Data           4  sensor_function.o(.data)
    actualAngle                              0x2000011c   Data           4  sensor_function.o(.data)
    expectedAngle                            0x20000120   Data           4  sensor_function.o(.data)
    curSpeedX                                0x20000124   Data           4  speedprofile.o(.data)
    curSpeedW                                0x20000128   Data           4  speedprofile.o(.data)
    targetSpeedX                             0x2000012c   Data           4  speedprofile.o(.data)
    targetSpeedW                             0x20000130   Data           4  speedprofile.o(.data)
    encoderFeedbackX                         0x20000134   Data           4  speedprofile.o(.data)
    encoderFeedbackW                         0x20000138   Data           4  speedprofile.o(.data)
    pidInputX                                0x2000013c   Data           4  speedprofile.o(.data)
    pidInputW                                0x20000140   Data           4  speedprofile.o(.data)
    posErrorX                                0x20000144   Data           4  speedprofile.o(.data)
    posErrorW                                0x20000148   Data           4  speedprofile.o(.data)
    oldPosErrorX                             0x2000014c   Data           4  speedprofile.o(.data)
    oldPosErrorW                             0x20000150   Data           4  speedprofile.o(.data)
    posPwmX                                  0x20000154   Data           4  speedprofile.o(.data)
    posPwmW                                  0x20000158   Data           4  speedprofile.o(.data)
    kpX                                      0x2000015c   Data           4  speedprofile.o(.data)
    kdX                                      0x20000160   Data           4  speedprofile.o(.data)
    kpW                                      0x20000164   Data           4  speedprofile.o(.data)
    kdW                                      0x20000168   Data           4  speedprofile.o(.data)
    accX                                     0x2000016c   Data           4  speedprofile.o(.data)
    decX                                     0x20000170   Data           4  speedprofile.o(.data)
    accW                                     0x20000174   Data           4  speedprofile.o(.data)
    decW                                     0x20000178   Data           4  speedprofile.o(.data)
    leftBaseSpeed                            0x2000017c   Data           4  speedprofile.o(.data)
    rightBaseSpeed                           0x20000180   Data           4  speedprofile.o(.data)
    leftEncCount                             0x20000184   Data           4  speedprofile.o(.data)
    rightEncCount                            0x20000188   Data           4  speedprofile.o(.data)
    leftEncOld                               0x2000018c   Data           4  speedprofile.o(.data)
    rightEncOld                              0x20000190   Data           4  speedprofile.o(.data)
    leftEncChange                            0x20000194   Data           4  speedprofile.o(.data)
    rightEncChange                           0x20000198   Data           4  speedprofile.o(.data)
    encChange                                0x2000019c   Data           4  speedprofile.o(.data)
    distanceLeft                             0x200001a0   Data           4  speedprofile.o(.data)
    encCount                                 0x200001a4   Data           4  speedprofile.o(.data)
    oldEncCount                              0x200001a8   Data           4  speedprofile.o(.data)
    sensorError                              0x200001ac   Data           4  speedprofile.o(.data)
    sensorScale                              0x200001b0   Data           4  speedprofile.o(.data)
    gyroFeedbackRatio                        0x200001b4   Data           4  speedprofile.o(.data)
    startAddress                             0x200001b8   Data           4  stm32f4flash.o(.data)
    SystemCoreClock                          0x200001bc   Data           4  system_stm32f4xx.o(.data)
    AHBPrescTable                            0x200001c0   Data          16  system_stm32f4xx.o(.data)
    cell                                     0x200001d0   Data         144  main.o(.bss)
    distance                                 0x20000260   Data         144  main.o(.bss)
    distances                                0x200002f0   Data         400  main.o(.bss)
    __libspace_start                         0x20000480   Data          96  libspace.o(.bss)
    __temporary_stack_top$libspace           0x200004e0   Data           0  libspace.o(.bss)



==============================================================================

Memory Map of the image

  Image Entry point : 0x08000189

  Load Region LR_IROM1 (Base: 0x08000000, Size: 0x00007fdc, Max: 0x00100000, ABSOLUTE, COMPRESSED[0x00007e80])

    Execution Region ER_IROM1 (Base: 0x08000000, Size: 0x00007e0c, Max: 0x00100000, ABSOLUTE)

    Base Addr    Size         Type   Attr      Idx    E Section Name        Object

    0x08000000   0x00000188   Data   RO          903    RESET               startup_stm32f4xx.o
    0x08000188   0x00000008   Code   RO          987  * !!!main             c_w.l(__main.o)
    0x08000190   0x00000034   Code   RO         1259    !!!scatter          c_w.l(__scatter.o)
    0x080001c4   0x0000003a   Code   RO         1257    !!dczerorl          c_w.l(__dczerorl.o)
    0x080001fe   0x00000002   PAD
    0x08000200   0x0000001c   Code   RO         1261    !!handler_zi        c_w.l(__scatter_zi.o)
    0x0800021c   0x00000000   Code   RO          974    .ARM.Collect$$_printf_percent$$00000000  c_w.l(_printf_percent.o)
    0x0800021c   0x00000006   Code   RO          973    .ARM.Collect$$_printf_percent$$00000009  c_w.l(_printf_d.o)
    0x08000222   0x00000006   Code   RO          971    .ARM.Collect$$_printf_percent$$00000013  c_w.l(_printf_c.o)
    0x08000228   0x00000006   Code   RO          972    .ARM.Collect$$_printf_percent$$00000014  c_w.l(_printf_s.o)
    0x0800022e   0x00000004   Code   RO         1024    .ARM.Collect$$_printf_percent$$00000017  c_w.l(_printf_percent_end.o)
    0x08000232   0x00000002   Code   RO         1082    .ARM.Collect$$libinit$$00000000  c_w.l(libinit.o)
    0x08000234   0x00000004   Code   RO         1090    .ARM.Collect$$libinit$$00000001  c_w.l(libinit2.o)
    0x08000238   0x00000000   Code   RO         1094    .ARM.Collect$$libinit$$00000008  c_w.l(libinit2.o)
    0x08000238   0x00000000   Code   RO         1096    .ARM.Collect$$libinit$$0000000A  c_w.l(libinit2.o)
    0x08000238   0x00000000   Code   RO         1098    .ARM.Collect$$libinit$$0000000C  c_w.l(libinit2.o)
    0x08000238   0x00000006   Code   RO         1099    .ARM.Collect$$libinit$$0000000D  c_w.l(libinit2.o)
    0x0800023e   0x00000000   Code   RO         1101    .ARM.Collect$$libinit$$0000000F  c_w.l(libinit2.o)
    0x0800023e   0x0000000c   Code   RO         1102    .ARM.Collect$$libinit$$00000010  c_w.l(libinit2.o)
    0x0800024a   0x00000000   Code   RO         1103    .ARM.Collect$$libinit$$00000011  c_w.l(libinit2.o)
    0x0800024a   0x00000000   Code   RO         1105    .ARM.Collect$$libinit$$00000013  c_w.l(libinit2.o)
    0x0800024a   0x00000000   Code   RO         1107    .ARM.Collect$$libinit$$00000015  c_w.l(libinit2.o)
    0x0800024a   0x00000000   Code   RO         1109    .ARM.Collect$$libinit$$00000017  c_w.l(libinit2.o)
    0x0800024a   0x00000000   Code   RO         1111    .ARM.Collect$$libinit$$00000019  c_w.l(libinit2.o)
    0x0800024a   0x00000000   Code   RO         1113    .ARM.Collect$$libinit$$0000001B  c_w.l(libinit2.o)
    0x0800024a   0x00000000   Code   RO         1115    .ARM.Collect$$libinit$$0000001D  c_w.l(libinit2.o)
    0x0800024a   0x00000000   Code   RO         1117    .ARM.Collect$$libinit$$0000001F  c_w.l(libinit2.o)
    0x0800024a   0x00000000   Code   RO         1119    .ARM.Collect$$libinit$$00000021  c_w.l(libinit2.o)
    0x0800024a   0x00000000   Code   RO         1121    .ARM.Collect$$libinit$$00000023  c_w.l(libinit2.o)
    0x0800024a   0x00000000   Code   RO         1125    .ARM.Collect$$libinit$$0000002A  c_w.l(libinit2.o)
    0x0800024a   0x00000000   Code   RO         1127    .ARM.Collect$$libinit$$0000002C  c_w.l(libinit2.o)
    0x0800024a   0x00000000   Code   RO         1129    .ARM.Collect$$libinit$$0000002E  c_w.l(libinit2.o)
    0x0800024a   0x00000000   Code   RO         1131    .ARM.Collect$$libinit$$00000030  c_w.l(libinit2.o)
    0x0800024a   0x00000002   Code   RO         1132    .ARM.Collect$$libinit$$00000031  c_w.l(libinit2.o)
    0x0800024c   0x00000002   Code   RO         1196    .ARM.Collect$$libshutdown$$00000000  c_w.l(libshutdown.o)
    0x0800024e   0x00000000   Code   RO         1211    .ARM.Collect$$libshutdown$$00000003  c_w.l(libshutdown2.o)
    0x0800024e   0x00000000   Code   RO         1214    .ARM.Collect$$libshutdown$$00000006  c_w.l(libshutdown2.o)
    0x0800024e   0x00000000   Code   RO         1217    .ARM.Collect$$libshutdown$$00000009  c_w.l(libshutdown2.o)
    0x0800024e   0x00000000   Code   RO         1219    .ARM.Collect$$libshutdown$$0000000B  c_w.l(libshutdown2.o)
    0x0800024e   0x00000000   Code   RO         1222    .ARM.Collect$$libshutdown$$0000000E  c_w.l(libshutdown2.o)
    0x0800024e   0x00000002   Code   RO         1223    .ARM.Collect$$libshutdown$$0000000F  c_w.l(libshutdown2.o)
    0x08000250   0x00000000   Code   RO         1017    .ARM.Collect$$rtentry$$00000000  c_w.l(rtentry.o)
    0x08000250   0x00000000   Code   RO         1039    .ARM.Collect$$rtentry$$00000002  c_w.l(rtentry2.o)
    0x08000250   0x00000006   Code   RO         1051    .ARM.Collect$$rtentry$$00000004  c_w.l(rtentry4.o)
    0x08000256   0x00000000   Code   RO         1041    .ARM.Collect$$rtentry$$00000009  c_w.l(rtentry2.o)
    0x08000256   0x00000004   Code   RO         1042    .ARM.Collect$$rtentry$$0000000A  c_w.l(rtentry2.o)
    0x0800025a   0x00000000   Code   RO         1044    .ARM.Collect$$rtentry$$0000000C  c_w.l(rtentry2.o)
    0x0800025a   0x00000008   Code   RO         1045    .ARM.Collect$$rtentry$$0000000D  c_w.l(rtentry2.o)
    0x08000262   0x00000002   Code   RO         1086    .ARM.Collect$$rtexit$$00000000  c_w.l(rtexit.o)
    0x08000264   0x00000000   Code   RO         1134    .ARM.Collect$$rtexit$$00000002  c_w.l(rtexit2.o)
    0x08000264   0x00000004   Code   RO         1135    .ARM.Collect$$rtexit$$00000003  c_w.l(rtexit2.o)
    0x08000268   0x00000006   Code   RO         1136    .ARM.Collect$$rtexit$$00000004  c_w.l(rtexit2.o)
    0x0800026e   0x00000002   PAD
    0x08000270   0x000000b0   Code   RO            3    .text               misc.o
    0x08000320   0x00000348   Code   RO          130    .text               stm32f4xx_adc.o
    0x08000668   0x000000e8   Code   RO          170    .text               stm32f4xx_exti.o
    0x08000750   0x0000037c   Code   RO          190    .text               stm32f4xx_flash.o
    0x08000acc   0x00000210   Code   RO          211    .text               stm32f4xx_gpio.o
    0x08000cdc   0x000003d0   Code   RO          231    .text               stm32f4xx_rcc.o
    0x080010ac   0x0000006c   Code   RO          273    .text               stm32f4xx_syscfg.o
    0x08001118   0x000009da   Code   RO          293    .text               stm32f4xx_tim.o
    0x08001af2   0x00000002   PAD
    0x08001af4   0x00000344   Code   RO          314    .text               stm32f4xx_usart.o
    0x08001e38   0x000007d8   Code   RO          334    .text               main.o
    0x08002610   0x000000fc   Code   RO          466    .text               stm32f4xx_it.o
    0x0800270c   0x000000e8   Code   RO          497    .text               delay.o
    0x080027f4   0x000000a0   Code   RO          528    .text               led.o
    0x08002894   0x00000154   Code   RO          548    .text               button.o
    0x080029e8   0x000002e4   Code   RO          568    .text               usart.o
    0x08002ccc   0x00000174   Code   RO          599    .text               pwm.o
    0x08002e40   0x00000108   Code   RO          622    .text               buzzer.o
    0x08002f48   0x000000e0   Code   RO          648    .text               encoder.o
    0x08003028   0x000000f4   Code   RO          668    .text               adc.o
    0x0800311c   0x0000028c   Code   RO          688    .text               sensor_function.o
    0x080033a8   0x00000820   Code   RO          719    .text               test.o
    0x08003bc8   0x000002fc   Code   RO          739    .text               turn.o
    0x08003ec4   0x000000ac   Code   RO          759    .text               align.o
    0x08003f70   0x00000500   Code   RO          779    .text               speedprofile.o
    0x08004470   0x00000138   Code   RO          809    .text               move.o
    0x080045a8   0x00000218   Code   RO          821    .text               lookup.o
    0x080047c0   0x00000150   Code   RO          833    .text               graphics.o
    0x08004910   0x000000b4   Code   RO          845    .text               initializegrid.o
    0x080049c4   0x00001a3c   Code   RO          859    .text               floodsearch.o
    0x08006400   0x00000090   Code   RO          879    .text               stm32f4flash.o
    0x08006490   0x00000040   Code   RO          904    .text               startup_stm32f4xx.o
    0x080064d0   0x000001e4   Code   RO          910    .text               system_stm32f4xx.o
    0x080066b4   0x00000002   Code   RO          937    .text               c_w.l(use_no_semi_2.o)
    0x080066b6   0x00000002   PAD
    0x080066b8   0x00000018   Code   RO          941    .text               c_w.l(noretval__2printf.o)
    0x080066d0   0x00000052   Code   RO          945    .text               c_w.l(_printf_pad.o)
    0x08006722   0x00000052   Code   RO          947    .text               c_w.l(_printf_str.o)
    0x08006774   0x00000078   Code   RO          949    .text               c_w.l(_printf_dec.o)
    0x080067ec   0x0000010e   Code   RO          959    .text               c_w.l(__printf_wp.o)
    0x080068fa   0x00000002   PAD
    0x080068fc   0x00000020   Code   RO          975    .text               c_w.l(__0scanf.o)
    0x0800691c   0x00000150   Code   RO          977    .text               c_w.l(_scanf_int.o)
    0x08006a6c   0x000000da   Code   RO          979    .text               c_w.l(_scanf_str.o)
    0x08006b46   0x0000004e   Code   RO          981    .text               c_w.l(rt_memclr_w.o)
    0x08006b94   0x00000080   Code   RO          983    .text               c_w.l(strcmpv7m.o)
    0x08006c14   0x00000006   Code   RO          985    .text               c_w.l(heapauxi.o)
    0x08006c1a   0x00000002   Code   RO         1015    .text               c_w.l(use_no_semi.o)
    0x08006c1c   0x000000b8   Code   RO         1018    .text               c_w.l(_printf_intcommon.o)
    0x08006cd4   0x0000002c   Code   RO         1020    .text               c_w.l(_printf_char.o)
    0x08006d00   0x00000024   Code   RO         1022    .text               c_w.l(_printf_char_file.o)
    0x08006d24   0x0000001c   Code   RO         1025    .text               c_w.l(_chval.o)
    0x08006d40   0x00000018   Code   RO         1027    .text               c_w.l(scanf_char_file.o)
    0x08006d58   0x00000030   Code   RO         1053    .text               c_w.l(_printf_char_common.o)
    0x08006d88   0x0000002c   Code   RO         1055    .text               c_w.l(scanf_char.o)
    0x08006db4   0x00000048   Code   RO         1057    .text               c_w.l(backspace.o)
    0x08006dfc   0x00000008   Code   RO         1059    .text               c_w.l(ferror.o)
    0x08006e04   0x0000004a   Code   RO         1065    .text               c_w.l(sys_stackheap_outer.o)
    0x08006e4e   0x00000012   Code   RO         1067    .text               c_w.l(isspace.o)
    0x08006e60   0x00000370   Code   RO         1071    .text               c_w.l(_scanf.o)
    0x080071d0   0x00000048   Code   RO         1073    .text               c_w.l(ungetc.o)
    0x08007218   0x0000000c   Code   RO         1075    .text               c_w.l(exit.o)
    0x08007224   0x00000008   Code   RO         1083    .text               c_w.l(libspace.o)
    0x0800722c   0x00000010   Code   RO         1088    .text               c_w.l(rt_ctype_table.o)
    0x0800723c   0x00000008   Code   RO         1143    .text               c_w.l(rt_locale_intlibspace.o)
    0x08007244   0x0000000e   Code   RO          961    i._is_digit         c_w.l(__printf_wp.o)
    0x08007252   0x00000002   PAD
    0x08007254   0x0000002c   Code   RO         1155    locale$$code        c_w.l(lc_ctype_c.o)
    0x08007280   0x00000062   Code   RO          989    x$fpl$d2f           fz_wm.l(d2f.o)
    0x080072e2   0x00000002   PAD
    0x080072e4   0x00000150   Code   RO          991    x$fpl$dadd          fz_wm.l(daddsub_clz.o)
    0x08007434   0x000002b0   Code   RO          998    x$fpl$ddiv          fz_wm.l(ddiv.o)
    0x080076e4   0x0000005e   Code   RO         1001    x$fpl$dfix          fz_wm.l(dfix.o)
    0x08007742   0x0000002e   Code   RO         1006    x$fpl$dflt          fz_wm.l(dflt_clz.o)
    0x08007770   0x00000026   Code   RO         1005    x$fpl$dfltu         fz_wm.l(dflt_clz.o)
    0x08007796   0x00000002   PAD
    0x08007798   0x00000154   Code   RO         1011    x$fpl$dmul          fz_wm.l(dmul.o)
    0x080078ec   0x0000009c   Code   RO         1029    x$fpl$dnaninf       fz_wm.l(dnaninf.o)
    0x08007988   0x0000000c   Code   RO         1031    x$fpl$dretinf       fz_wm.l(dretinf.o)
    0x08007994   0x00000016   Code   RO          992    x$fpl$drsb          fz_wm.l(daddsub_clz.o)
    0x080079aa   0x00000002   PAD
    0x080079ac   0x000001d4   Code   RO          993    x$fpl$dsub          fz_wm.l(daddsub_clz.o)
    0x08007b80   0x00000056   Code   RO         1013    x$fpl$f2d           fz_wm.l(f2d.o)
    0x08007bd6   0x0000008c   Code   RO         1033    x$fpl$fnaninf       fz_wm.l(fnaninf.o)
    0x08007c62   0x0000000a   Code   RO         1162    x$fpl$fpinit        fz_wm.l(fpinit.o)
    0x08007c6c   0x0000000a   Code   RO         1035    x$fpl$fretinf       fz_wm.l(fretinf.o)
    0x08007c76   0x00000000   Code   RO         1037    x$fpl$usenofp       fz_wm.l(usenofp.o)
    0x08007c76   0x00000002   PAD
    0x08007c78   0x00000061   Data   RO          341    .constdata          main.o
    0x08007cd9   0x00000003   PAD
    0x08007cdc   0x00000020   Data   RO         1255    Region$$Table       anon$$obj.o
    0x08007cfc   0x00000110   Data   RO         1154    locale$$data        c_w.l(lc_ctype_c.o)


    Execution Region RW_IRAM1 (Base: 0x20000000, Size: 0x00000ae0, Max: 0x00020000, ABSOLUTE, COMPRESSED[0x00000074])

    Base Addr    Size         Type   Attr      Idx    E Section Name        Object

    0x20000000   0x00000010   Data   RW          232    .data               stm32f4xx_rcc.o
    0x20000010   0x00000004   Data   RW          342    .data               main.o
    0x20000014   0x00000004   Data   RW          343    .data               main.o
    0x20000018   0x00000004   Data   RW          345    .data               main.o
    0x2000001c   0x00000001   Data   RW          346    .data               main.o
    0x2000001d   0x00000001   Data   RW          347    .data               main.o
    0x2000001e   0x00000001   Data   RW          348    .data               main.o
    0x2000001f   0x00000001   PAD
    0x20000020   0x00000004   Data   RW          349    .data               main.o
    0x20000024   0x00000001   Data   RW          350    .data               main.o
    0x20000025   0x00000003   PAD
    0x20000028   0x00000070   Data   RW          351    .data               main.o
    0x20000098   0x00000004   Data   RW          354    .data               main.o
    0x2000009c   0x00000004   Data   RW          355    .data               main.o
    0x200000a0   0x00000004   Data   RW          356    .data               main.o
    0x200000a4   0x00000001   Data   RW          357    .data               main.o
    0x200000a5   0x00000001   Data   RW          359    .data               main.o
    0x200000a6   0x00000001   Data   RW          360    .data               main.o
    0x200000a7   0x00000001   Data   RW          361    .data               main.o
    0x200000a8   0x00000004   Data   RW          362    .data               main.o
    0x200000ac   0x00000004   Data   RW          363    .data               main.o
    0x200000b0   0x00000004   Data   RW          364    .data               main.o
    0x200000b4   0x00000004   Data   RW          365    .data               main.o
    0x200000b8   0x00000004   Data   RW          366    .data               main.o
    0x200000bc   0x00000004   Data   RW          367    .data               main.o
    0x200000c0   0x00000004   Data   RW          368    .data               main.o
    0x200000c4   0x00000004   Data   RW          369    .data               main.o
    0x200000c8   0x00000004   Data   RW          370    .data               main.o
    0x200000cc   0x00000004   Data   RW          371    .data               main.o
    0x200000d0   0x00000004   Data   RW          372    .data               main.o
    0x200000d4   0x00000004   Data   RW          373    .data               main.o
    0x200000d8   0x00000004   Data   RW          376    .data               main.o
    0x200000dc   0x00000008   Data   RW          498    .data               delay.o
    0x200000e4   0x00000004   Data   RW          569    .data               usart.o
    0x200000e8   0x00000004   Data   RW          570    .data               usart.o
    0x200000ec   0x00000008   Data   RW          600    .data               pwm.o
    0x200000f4   0x00000004   Data   RW          623    .data               buzzer.o
    0x200000f8   0x00000028   Data   RW          689    .data               sensor_function.o
    0x20000120   0x00000004   Data   RW          693    .data               sensor_function.o
    0x20000124   0x00000094   Data   RW          780    .data               speedprofile.o
    0x200001b8   0x00000004   Data   RW          881    .data               stm32f4flash.o
    0x200001bc   0x00000014   Data   RW          912    .data               system_stm32f4xx.o
    0x200001d0   0x00000090   Zero   RW          335    .bss                main.o
    0x20000260   0x00000090   Zero   RW          336    .bss                main.o
    0x200002f0   0x00000190   Zero   RW          337    .bss                main.o
    0x20000480   0x00000060   Zero   RW         1084    .bss                c_w.l(libspace.o)
    0x200004e0   0x00000200   Zero   RW          902    HEAP                startup_stm32f4xx.o
    0x200006e0   0x00000400   Zero   RW          901    STACK               startup_stm32f4xx.o


==============================================================================

Image component sizes


      Code (inc. data)   RO Data    RW Data    ZI Data      Debug   Object Name

       244         20          0          0          0       1185   adc.o
       172         28          0          0          0        769   align.o
       340         10          0          0          0        899   button.o
       264         18          0          4          0       1335   buzzer.o
       232         18          0          8          0      28631   delay.o
       224         12          0          0          0       1479   encoder.o
      6716        448          0          0          0       7912   floodsearch.o
       336        100          0          0          0        860   graphics.o
       180         10          0          0          0        809   initializegrid.o
       160         14          0          0          0        572   led.o
       536         22          0          0          0       2359   lookup.o
      2008        214         97        200        688       5995   main.o
       176         16          0          0          0     281205   misc.o
       312         22          0          0          0       1151   move.o
       372         16          0          8          0       1699   pwm.o
       652         58          0         44          0       2090   sensor_function.o
      1280        114          0        148          0       5401   speedprofile.o
        64         26        392          0       1536        820   startup_stm32f4xx.o
       144          8          0          4          0       1117   stm32f4flash.o
       840         24          0          0          0       9162   stm32f4xx_adc.o
       232          8          0          0          0       2203   stm32f4xx_exti.o
       892         20          0          0          0       6611   stm32f4xx_flash.o
       528         38          0          0          0       3757   stm32f4xx_gpio.o
       252         14          0          0          0       1806   stm32f4xx_it.o
       976         42          0         16          0       9879   stm32f4xx_rcc.o
       108         14          0          0          0       1615   stm32f4xx_syscfg.o
      2522         52          0          0          0      18770   stm32f4xx_tim.o
       836         26          0          0          0       6768   stm32f4xx_usart.o
       484         44          0         20          0       2037   system_stm32f4xx.o
      2080        156          0          0          0       3212   test.o
       764        104          0          0          0       1349   turn.o
       740        280          0          8          0       4124   usart.o

    ----------------------------------------------------------------------
     25668       1996        524        464       2224     417581   Object Totals
         0          0         32          0          0          0   (incl. Generated)
         2          0          3          4          0          0   (incl. Padding)

    ----------------------------------------------------------------------

      Code (inc. data)   RO Data    RW Data    ZI Data      Debug   Library Member Name

        32          6          0          0          0         84   __0scanf.o
        58          0          0          0          0          0   __dczerorl.o
         8          0          0          0          0         68   __main.o
       284          0          0          0          0        156   __printf_wp.o
        52          8          0          0          0          0   __scatter.o
        28          0          0          0          0          0   __scatter_zi.o
        28          0          0          0          0         68   _chval.o
         6          0          0          0          0          0   _printf_c.o
        44          0          0          0          0        108   _printf_char.o
        48          6          0          0          0         96   _printf_char_common.o
        36          4          0          0          0         80   _printf_char_file.o
         6          0          0          0          0          0   _printf_d.o
       120         18          0          0          0         92   _printf_dec.o
       184          0          0          0          0         88   _printf_intcommon.o
        82          0          0          0          0        108   _printf_pad.o
         0          0          0          0          0          0   _printf_percent.o
         4          0          0          0          0          0   _printf_percent_end.o
         6          0          0          0          0          0   _printf_s.o
        82          0          0          0          0         80   _printf_str.o
       880          4          0          0          0        100   _scanf.o
       336          0          0          0          0         92   _scanf_int.o
       218          0          0          0          0         92   _scanf_str.o
        72          0          0          0          0         92   backspace.o
        12          0          0          0          0         72   exit.o
         8          0          0          0          0         68   ferror.o
         6          0          0          0          0        152   heapauxi.o
        18          0          0          0          0         76   isspace.o
        44         10        272          0          0         76   lc_ctype_c.o
         2          0          0          0          0          0   libinit.o
        24          0          0          0          0          0   libinit2.o
         2          0          0          0          0          0   libshutdown.o
         2          0          0          0          0          0   libshutdown2.o
         8          4          0          0         96         68   libspace.o
        24          4          0          0          0         84   noretval__2printf.o
        16          4          0          0          0         76   rt_ctype_table.o
         8          4          0          0          0         68   rt_locale_intlibspace.o
        78          0          0          0          0         80   rt_memclr_w.o
         0          0          0          0          0          0   rtentry.o
        12          0          0          0          0          0   rtentry2.o
         6          0          0          0          0          0   rtentry4.o
         2          0          0          0          0          0   rtexit.o
        10          0          0          0          0          0   rtexit2.o
        44          8          0          0          0         84   scanf_char.o
        24          8          0          0          0         68   scanf_char_file.o
       128          0          0          0          0         68   strcmpv7m.o
        74          0          0          0          0         80   sys_stackheap_outer.o
        72         12          0          0          0         68   ungetc.o
         2          0          0          0          0         68   use_no_semi.o
         2          0          0          0          0         68   use_no_semi_2.o
        98          4          0          0          0        140   d2f.o
       826         16          0          0          0        500   daddsub_clz.o
       688        140          0          0          0        260   ddiv.o
        94          4          0          0          0        140   dfix.o
        84          0          0          0          0        232   dflt_clz.o
       340         12          0          0          0        152   dmul.o
       156          4          0          0          0        140   dnaninf.o
        12          0          0          0          0        116   dretinf.o
        86          4          0          0          0        132   f2d.o
       140          4          0          0          0        132   fnaninf.o
        10          0          0          0          0        116   fpinit.o
        10          0          0          0          0        116   fretinf.o
         0          0          0          0          0          0   usenofp.o

    ----------------------------------------------------------------------
      5804        288        272          0         96       4904   Library Totals
        18          0          0          0          0          0   (incl. Padding)

    ----------------------------------------------------------------------

      Code (inc. data)   RO Data    RW Data    ZI Data      Debug   Library Name

      3242        100        272          0         96       2728   c_w.l
      2544        188          0          0          0       2176   fz_wm.l

    ----------------------------------------------------------------------
      5804        288        272          0         96       4904   Library Totals

    ----------------------------------------------------------------------

==============================================================================


      Code (inc. data)   RO Data    RW Data    ZI Data      Debug   

     31472       2284        796        464       2320     412273   Grand Totals
     31472       2284        796        116       2320     412273   ELF Image Totals (compressed)
     31472       2284        796        116          0          0   ROM Totals

==============================================================================

    Total RO  Size (Code + RO Data)                32268 (  31.51kB)
    Total RW  Size (RW Data + ZI Data)              2784 (   2.72kB)
    Total ROM Size (Code + RO Data + RW Data)      32384 (  31.63kB)

==============================================================================

