<html>
<body>
<pre>
<h1>µVision Build Log</h1>
<h2>Project:</h2>
C:\Keil_v4\Projects\Whisker\FuturaProject\project\micromouse_test.uvproj
Project File Date:  04/10/2016

<h2>Output:</h2>
Build target 'Target 1'
compiling floodSearch.c...
linking...
Program Size: Code=31508 RO-data=796 RW-data=460 ZI-data=2612  
FromELF: creating hex file...
"..\obj\micromouse_test.axf" - 0 Error(s), 0 Warning(s).
Build target 'Target 1'
compiling floodSearch.c...
linking...
Program Size: Code=31508 RO-data=796 RW-data=460 ZI-data=2612  
FromELF: creating hex file...
"..\obj\micromouse_test.axf" - 0 Error(s), 0 Warning(s).
Load "..\\obj\\micromouse_test.AXF" 
Load "..\\obj\\micromouse_test.AXF" 
Erase Done.
Programming Done.
Application running ...
Build target 'Target 1'
compiling floodSearch.c...
linking...
Program Size: Code=31508 RO-data=796 RW-data=460 ZI-data=2612  
FromELF: creating hex file...
"..\obj\micromouse_test.axf" - 0 Error(s), 0 Warning(s).
Build target 'Target 1'
compiling floodSearch.c...
linking...
..\obj\micromouse_test.axf: error: L6047U: The size of this image (32784 bytes) exceeds the maximum allowed for this version of the linker
Target not created
Build target 'Target 1'
linking...
..\obj\micromouse_test.axf: error: L6047U: The size of this image (32784 bytes) exceeds the maximum allowed for this version of the linker
Target not created
Load "..\\obj\\micromouse_test.AXF" 
_____^
*** error 56: cannot open file
Build target 'Target 1'
compiling main.c...
compiling stm32f4xx_it.c...
compiling adc.c...
compiling test.c...
..\user_Libraries\src\test.c(304): warning:  #1035-D: single-precision operand implicitly converted to double-precision
compiling floodSearch.c...
linking...
Program Size: Code=31460 RO-data=796 RW-data=460 ZI-data=2612  
FromELF: creating hex file...
"..\obj\micromouse_test.axf" - 0 Error(s), 1 Warning(s).
Load "..\\obj\\micromouse_test.AXF" 
Erase Done.
Programming Done.
Application running ...
Build target 'Target 1'
compiling test.c...
..\user_Libraries\src\test.c(304): warning:  #1035-D: single-precision operand implicitly converted to double-precision
compiling floodSearch.c...
linking...
Program Size: Code=31460 RO-data=796 RW-data=460 ZI-data=2612  
FromELF: creating hex file...
"..\obj\micromouse_test.axf" - 0 Error(s), 1 Warning(s).
Load "..\\obj\\micromouse_test.AXF" 
Erase Done.
Programming Done.
Application running ...
Build target 'Target 1'
compiling main.c...
linking...
Program Size: Code=31456 RO-data=796 RW-data=460 ZI-data=2612  
FromELF: creating hex file...
"..\obj\micromouse_test.axf" - 0 Error(s), 0 Warning(s).
Load "..\\obj\\micromouse_test.AXF" 
Erase Done.
Programming Done.
Application running ...
Build target 'Target 1'
compiling speedProfile.c...
compiling floodSearch.c...
linking...
Program Size: Code=31472 RO-data=796 RW-data=460 ZI-data=2612  
FromELF: creating hex file...
"..\obj\micromouse_test.axf" - 0 Error(s), 0 Warning(s).
Load "..\\obj\\micromouse_test.AXF" 
Erase Done.
Programming Done.
Application running ...
Build target 'Target 1'
compiling floodSearch.c...
linking...
Program Size: Code=31468 RO-data=796 RW-data=460 ZI-data=2612  
FromELF: creating hex file...
"..\obj\micromouse_test.axf" - 0 Error(s), 0 Warning(s).
Load "..\\obj\\micromouse_test.AXF" 
Erase Done.
Programming Done.
Application running ...
Build target 'Target 1'
compiling floodSearch.c...
linking...
..\obj\micromouse_test.axf: error: L6047U: The size of this image (32780 bytes) exceeds the maximum allowed for this version of the linker
Target not created
Build target 'Target 1'
compiling floodSearch.c...
linking...
..\obj\micromouse_test.axf: error: L6047U: The size of this image (32776 bytes) exceeds the maximum allowed for this version of the linker
Target not created
Load "..\\obj\\micromouse_test.AXF" 
_____^
*** error 56: cannot open file
Build target 'Target 1'
compiling main.c...
compiling stm32f4xx_it.c...
compiling adc.c...
compiling floodSearch.c...
linking...
..\obj\micromouse_test.axf: error: L6047U: The size of this image (32776 bytes) exceeds the maximum allowed for this version of the linker
Target not created
Build target 'Target 1'
compiling main.c...
compiling stm32f4xx_it.c...
compiling adc.c...
compiling test.c...
..\user_Libraries\src\test.c(281): warning:  #1035-D: single-precision operand implicitly converted to double-precision
compiling floodSearch.c...
linking...
Program Size: Code=31380 RO-data=796 RW-data=460 ZI-data=2612  
FromELF: creating hex file...
"..\obj\micromouse_test.axf" - 0 Error(s), 1 Warning(s).
Load "..\\obj\\micromouse_test.AXF" 
Erase Done.
Programming Done.
Application running ...
Build target 'Target 1'
compiling floodSearch.c...
linking...
Program Size: Code=31328 RO-data=796 RW-data=460 ZI-data=2612  
FromELF: creating hex file...
"..\obj\micromouse_test.axf" - 0 Error(s), 0 Warning(s).
Load "..\\obj\\micromouse_test.AXF" 
Erase Done.
Programming Done.
Application running ...
Build target 'Target 1'
compiling floodSearch.c...
linking...
Program Size: Code=31332 RO-data=796 RW-data=460 ZI-data=2612  
FromELF: creating hex file...
"..\obj\micromouse_test.axf" - 0 Error(s), 0 Warning(s).
Load "..\\obj\\micromouse_test.AXF" 
Erase Done.
Programming Done.
Application running ...
Build target 'Target 1'
compiling floodSearch.c...
linking...
Program Size: Code=31348 RO-data=796 RW-data=460 ZI-data=2612  
FromELF: creating hex file...
"..\obj\micromouse_test.axf" - 0 Error(s), 0 Warning(s).
Load "..\\obj\\micromouse_test.AXF" 
Erase Done.
Programming Done.
Application running ...
Build target 'Target 1'
compiling floodSearch.c...
linking...
Program Size: Code=31348 RO-data=796 RW-data=460 ZI-data=2612  
FromELF: creating hex file...
"..\obj\micromouse_test.axf" - 0 Error(s), 0 Warning(s).
Build target 'Target 1'
compiling floodSearch.c...
..\user_Libraries\src\floodSearch.c(936): error: At end of source:  #67: expected a "}"
Target not created
Build target 'Target 1'
compiling floodSearch.c...
..\user_Libraries\src\floodSearch.c(936): error: At end of source:  #67: expected a "}"
Target not created
Load "..\\obj\\micromouse_test.AXF" 
_____^
*** error 56: cannot open file
Load "..\\obj\\micromouse_test.AXF" 
_____^
*** error 56: cannot open file
Build target 'Target 1'
compiling floodSearch.c...
..\user_Libraries\src\floodSearch.c(936): error: At end of source:  #67: expected a "}"
Target not created
Load "..\\obj\\micromouse_test.AXF" 
_____^
*** error 56: cannot open file
Load "..\\obj\\micromouse_test.AXF" 
_____^
*** error 56: cannot open file
Load "..\\obj\\micromouse_test.AXF" 
_____^
*** error 56: cannot open file
Build target 'Target 1'
compiling floodSearch.c...
..\user_Libraries\src\floodSearch.c(936): error: At end of source:  #67: expected a "}"
Target not created
Build target 'Target 1'
compiling floodSearch.c...
linking...
Program Size: Code=31328 RO-data=796 RW-data=460 ZI-data=2612  
FromELF: creating hex file...
"..\obj\micromouse_test.axf" - 0 Error(s), 0 Warning(s).
Load "..\\obj\\micromouse_test.AXF" 
Erase Done.
Programming Done.
Application running ...
Build target 'Target 1'
compiling floodSearch.c...
linking...
Program Size: Code=31332 RO-data=796 RW-data=460 ZI-data=2612  
FromELF: creating hex file...
"..\obj\micromouse_test.axf" - 0 Error(s), 0 Warning(s).
Load "..\\obj\\micromouse_test.AXF" 
Erase Done.
Programming Done.
Application running ...
Build target 'Target 1'
compiling floodSearch.c...
linking...
Program Size: Code=31332 RO-data=796 RW-data=460 ZI-data=2612  
FromELF: creating hex file...
"..\obj\micromouse_test.axf" - 0 Error(s), 0 Warning(s).
Build target 'Target 1'
compiling floodSearch.c...
linking...
Program Size: Code=31328 RO-data=796 RW-data=460 ZI-data=2612  
FromELF: creating hex file...
"..\obj\micromouse_test.axf" - 0 Error(s), 0 Warning(s).
Load "..\\obj\\micromouse_test.AXF" 
Erase Done.
Programming Done.
Application running ...
Build target 'Target 1'
compiling floodSearch.c...
linking...
Program Size: Code=31328 RO-data=796 RW-data=460 ZI-data=2612  
FromELF: creating hex file...
"..\obj\micromouse_test.axf" - 0 Error(s), 0 Warning(s).
Build target 'Target 1'
compiling floodSearch.c...
linking...
Program Size: Code=31328 RO-data=796 RW-data=460 ZI-data=2612  
FromELF: creating hex file...
"..\obj\micromouse_test.axf" - 0 Error(s), 0 Warning(s).
Build target 'Target 1'
compiling floodSearch.c...
linking...
Program Size: Code=31328 RO-data=796 RW-data=460 ZI-data=2612  
FromELF: creating hex file...
"..\obj\micromouse_test.axf" - 0 Error(s), 0 Warning(s).
Build target 'Target 1'
compiling floodSearch.c...
linking...
Program Size: Code=31328 RO-data=796 RW-data=460 ZI-data=2612  
FromELF: creating hex file...
"..\obj\micromouse_test.axf" - 0 Error(s), 0 Warning(s).
Build target 'Target 1'
compiling floodSearch.c...
linking...
Program Size: Code=31324 RO-data=796 RW-data=460 ZI-data=2612  
FromELF: creating hex file...
"..\obj\micromouse_test.axf" - 0 Error(s), 0 Warning(s).
Build target 'Target 1'
compiling floodSearch.c...
linking...
Program Size: Code=31324 RO-data=796 RW-data=460 ZI-data=2612  
FromELF: creating hex file...
"..\obj\micromouse_test.axf" - 0 Error(s), 0 Warning(s).
Load "..\\obj\\micromouse_test.AXF" 
Erase Done.
Programming Done.
Application running ...
Build target 'Target 1'
compiling floodSearch.c...
linking...
Program Size: Code=31348 RO-data=796 RW-data=460 ZI-data=2612  
FromELF: creating hex file...
"..\obj\micromouse_test.axf" - 0 Error(s), 0 Warning(s).
Build target 'Target 1'
compiling floodSearch.c...
linking...
Program Size: Code=31328 RO-data=796 RW-data=460 ZI-data=2612  
FromELF: creating hex file...
"..\obj\micromouse_test.axf" - 0 Error(s), 0 Warning(s).
Load "..\\obj\\micromouse_test.AXF" 
Erase Done.
Programming Done.
Application running ...
Build target 'Target 1'
compiling floodSearch.c...
linking...
Program Size: Code=31460 RO-data=796 RW-data=460 ZI-data=2612  
FromELF: creating hex file...
"..\obj\micromouse_test.axf" - 0 Error(s), 0 Warning(s).
Build target 'Target 1'
compiling floodSearch.c...
linking...
Program Size: Code=31384 RO-data=796 RW-data=460 ZI-data=2612  
FromELF: creating hex file...
"..\obj\micromouse_test.axf" - 0 Error(s), 0 Warning(s).
Build target 'Target 1'
compiling floodSearch.c...
linking...
Program Size: Code=31384 RO-data=796 RW-data=460 ZI-data=2612  
FromELF: creating hex file...
"..\obj\micromouse_test.axf" - 0 Error(s), 0 Warning(s).
Load "..\\obj\\micromouse_test.AXF" 
Erase Done.
Programming Done.
Application running ...
Build target 'Target 1'
compiling floodSearch.c...
linking...
Program Size: Code=31384 RO-data=796 RW-data=460 ZI-data=2612  
FromELF: creating hex file...
"..\obj\micromouse_test.axf" - 0 Error(s), 0 Warning(s).
Load "..\\obj\\micromouse_test.AXF" 
Erase Done.
Programming Done.
Application running ...
Build target 'Target 1'
compiling floodSearch.c...
linking...
Program Size: Code=31384 RO-data=796 RW-data=460 ZI-data=2612  
FromELF: creating hex file...
"..\obj\micromouse_test.axf" - 0 Error(s), 0 Warning(s).
Load "..\\obj\\micromouse_test.AXF" 
Erase Done.
Programming Done.
Application running ...
