<html>
<body>
<pre>
<h1>µVision Build Log</h1>
<h2>Project:</h2>
C:\Keil_v4\Projects\Whisker\FuturaProject\project\micromouse_test.uvproj
Project File Date:  04/10/2016

<h2>Output:</h2>
Build target 'Target 1'
compiling main.c...
..\user\main.c(418): error:  #20: identifier "dexW" is undefined
..\user\main.c(537): error:  #20: identifier "dexW" is undefined
Target not created
Build target 'Target 1'
compiling main.c...
..\user\main.c(461): error:  #20: identifier "dexW" is undefined
Target not created
Build target 'Target 1'
compiling main.c...
linking...
Program Size: Code=29648 RO-data=796 RW-data=436 ZI-data=2612  
FromELF: creating hex file...
"..\obj\micromouse_test.axf" - 0 Error(s), 0 Warning(s).
Load "..\\obj\\micromouse_test.AXF" 
Load "..\\obj\\micromouse_test.AXF" 
Erase Done.
Programming Done.
Application running ...
Build target 'Target 1'
compiling main.c...
linking...
Program Size: Code=29644 RO-data=796 RW-data=436 ZI-data=2612  
FromELF: creating hex file...
"..\obj\micromouse_test.axf" - 0 Error(s), 0 Warning(s).
Build target 'Target 1'
compiling main.c...
linking...
Program Size: Code=29644 RO-data=796 RW-data=436 ZI-data=2612  
FromELF: creating hex file...
"..\obj\micromouse_test.axf" - 0 Error(s), 0 Warning(s).
Load "..\\obj\\micromouse_test.AXF" 
Load "..\\obj\\micromouse_test.AXF" 
Erase Done.
Programming Done.
Application running ...
Build target 'Target 1'
compiling main.c...
linking...
Program Size: Code=29648 RO-data=796 RW-data=436 ZI-data=2612  
FromELF: creating hex file...
"..\obj\micromouse_test.axf" - 0 Error(s), 0 Warning(s).
Load "..\\obj\\micromouse_test.AXF" 
Erase Done.
Programming Done.
Application running ...
Load "..\\obj\\micromouse_test.AXF" 
Erase Done.
Programming Done.
Application running ...
Load "..\\obj\\micromouse_test.AXF" 
Erase Done.
Programming Done.
Application running ...
Build target 'Target 1'
compiling main.c...
linking...
Program Size: Code=29672 RO-data=796 RW-data=436 ZI-data=2612  
FromELF: creating hex file...
"..\obj\micromouse_test.axf" - 0 Error(s), 0 Warning(s).
Load "..\\obj\\micromouse_test.AXF" 
Erase Done.
Programming Done.
Application running ...
Build target 'Target 1'
compiling main.c...
linking...
Program Size: Code=29672 RO-data=796 RW-data=436 ZI-data=2612  
FromELF: creating hex file...
"..\obj\micromouse_test.axf" - 0 Error(s), 0 Warning(s).
Load "..\\obj\\micromouse_test.AXF" 
Erase Done.
Programming Done.
Application running ...
Build target 'Target 1'
compiling main.c...
linking...
Program Size: Code=29676 RO-data=796 RW-data=436 ZI-data=2612  
FromELF: creating hex file...
"..\obj\micromouse_test.axf" - 0 Error(s), 0 Warning(s).
Build target 'Target 1'
compiling main.c...
linking...
Program Size: Code=29672 RO-data=796 RW-data=436 ZI-data=2612  
FromELF: creating hex file...
"..\obj\micromouse_test.axf" - 0 Error(s), 0 Warning(s).
Load "..\\obj\\micromouse_test.AXF" 
Erase Done.
Programming Done.
Application running ...
Build target 'Target 1'
compiling main.c...
linking...
Program Size: Code=29672 RO-data=796 RW-data=436 ZI-data=2612  
FromELF: creating hex file...
"..\obj\micromouse_test.axf" - 0 Error(s), 0 Warning(s).
Load "..\\obj\\micromouse_test.AXF" 
Erase Done.
Programming Done.
Application running ...
Build target 'Target 1'
compiling main.c...
linking...
Program Size: Code=29668 RO-data=796 RW-data=436 ZI-data=2612  
FromELF: creating hex file...
"..\obj\micromouse_test.axf" - 0 Error(s), 0 Warning(s).
Load "..\\obj\\micromouse_test.AXF" 
Erase Done.
Programming Done.
Application running ...
Build target 'Target 1'
compiling main.c...
linking...
Program Size: Code=29672 RO-data=796 RW-data=436 ZI-data=2612  
FromELF: creating hex file...
"..\obj\micromouse_test.axf" - 0 Error(s), 0 Warning(s).
Load "..\\obj\\micromouse_test.AXF" 
Erase Done.
Programming Done.
Application running ...
Build target 'Target 1'
compiling main.c...
linking...
Program Size: Code=29672 RO-data=796 RW-data=436 ZI-data=2612  
FromELF: creating hex file...
"..\obj\micromouse_test.axf" - 0 Error(s), 0 Warning(s).
Load "..\\obj\\micromouse_test.AXF" 
Erase Done.
Programming Done.
Application running ...
Build target 'Target 1'
compiling main.c...
linking...
Program Size: Code=29672 RO-data=796 RW-data=436 ZI-data=2612  
FromELF: creating hex file...
"..\obj\micromouse_test.axf" - 0 Error(s), 0 Warning(s).
Load "..\\obj\\micromouse_test.AXF" 
Erase Done.
Programming Done.
Application running ...
Build target 'Target 1'
compiling main.c...
linking...
Program Size: Code=29668 RO-data=796 RW-data=436 ZI-data=2612  
FromELF: creating hex file...
"..\obj\micromouse_test.axf" - 0 Error(s), 0 Warning(s).
Load "..\\obj\\micromouse_test.AXF" 
Erase Done.
Programming Done.
Application running ...
Build target 'Target 1'
compiling main.c...
linking...
Program Size: Code=29668 RO-data=796 RW-data=436 ZI-data=2612  
FromELF: creating hex file...
"..\obj\micromouse_test.axf" - 0 Error(s), 0 Warning(s).
Load "..\\obj\\micromouse_test.AXF" 
Erase Done.
Programming Done.
Application running ...
Build target 'Target 1'
compiling main.c...
linking...
Program Size: Code=29668 RO-data=796 RW-data=436 ZI-data=2612  
FromELF: creating hex file...
"..\obj\micromouse_test.axf" - 0 Error(s), 0 Warning(s).
Build target 'Target 1'
compiling main.c...
linking...
Program Size: Code=29668 RO-data=796 RW-data=436 ZI-data=2612  
FromELF: creating hex file...
"..\obj\micromouse_test.axf" - 0 Error(s), 0 Warning(s).
Build target 'Target 1'
compiling main.c...
linking...
Program Size: Code=29668 RO-data=796 RW-data=436 ZI-data=2612  
FromELF: creating hex file...
"..\obj\micromouse_test.axf" - 0 Error(s), 0 Warning(s).
Load "..\\obj\\micromouse_test.AXF" 
Erase Done.
Programming Done.
Application running ...
Build target 'Target 1'
compiling main.c...
linking...
Program Size: Code=29672 RO-data=796 RW-data=436 ZI-data=2612  
FromELF: creating hex file...
"..\obj\micromouse_test.axf" - 0 Error(s), 0 Warning(s).
Load "..\\obj\\micromouse_test.AXF" 
Erase Done.
Programming Done.
Application running ...
Build target 'Target 1'
compiling main.c...
linking...
Program Size: Code=29668 RO-data=796 RW-data=436 ZI-data=2612  
FromELF: creating hex file...
"..\obj\micromouse_test.axf" - 0 Error(s), 0 Warning(s).
Load "..\\obj\\micromouse_test.AXF" 
Erase Done.
Programming Done.
Application running ...
Load "..\\obj\\micromouse_test.AXF" 
Build target 'Target 1'
compiling main.c...
linking...
Program Size: Code=29668 RO-data=796 RW-data=436 ZI-data=2612  
FromELF: creating hex file...
"..\obj\micromouse_test.axf" - 0 Error(s), 0 Warning(s).
Build target 'Target 1'
compiling main.c...
linking...
Program Size: Code=29668 RO-data=796 RW-data=436 ZI-data=2612  
FromELF: creating hex file...
"..\obj\micromouse_test.axf" - 0 Error(s), 0 Warning(s).
Build target 'Target 1'
compiling main.c...
linking...
Program Size: Code=29624 RO-data=796 RW-data=436 ZI-data=2612  
FromELF: creating hex file...
"..\obj\micromouse_test.axf" - 0 Error(s), 0 Warning(s).
Build target 'Target 1'
compiling main.c...
linking...
Program Size: Code=29624 RO-data=796 RW-data=436 ZI-data=2612  
FromELF: creating hex file...
"..\obj\micromouse_test.axf" - 0 Error(s), 0 Warning(s).
Build target 'Target 1'
compiling main.c...
linking...
Program Size: Code=29636 RO-data=796 RW-data=436 ZI-data=2612  
FromELF: creating hex file...
"..\obj\micromouse_test.axf" - 0 Error(s), 0 Warning(s).
Load "..\\obj\\micromouse_test.AXF" 
Erase Done.
Programming Done.
Application running ...
Build target 'Target 1'
compiling main.c...
compiling stm32f4xx_it.c...
compiling adc.c...
compiling test.c...
..\user_Libraries\src\test.c(320): warning:  #1035-D: single-precision operand implicitly converted to double-precision
..\user_Libraries\src\test.c(548): error:  #20: identifier "useIRSensor" is undefined
compiling floodSearch.c...
..\user_Libraries\src\floodSearch.c(569): warning:  #550-D: variable "threeQuarterCellFlag" was set but never used
Target not created
Build target 'Target 1'
compiling main.c...
compiling test.c...
..\user_Libraries\src\test.c(320): warning:  #1035-D: single-precision operand implicitly converted to double-precision
..\user_Libraries\src\test.c(548): error:  #20: identifier "useIRSensor" is undefined
Target not created
Build target 'Target 1'
compiling test.c...
..\user_Libraries\src\test.c(320): warning:  #1035-D: single-precision operand implicitly converted to double-precision
..\user_Libraries\src\test.c(558): error:  #20: identifier "useIRSensor" is undefined
Target not created
Build target 'Target 1'
compiling test.c...
..\user_Libraries\src\test.c(320): warning:  #1035-D: single-precision operand implicitly converted to double-precision
linking...
Program Size: Code=29680 RO-data=796 RW-data=436 ZI-data=2612  
FromELF: creating hex file...
"..\obj\micromouse_test.axf" - 0 Error(s), 1 Warning(s).
Build target 'Target 1'
compiling main.c...
linking...
Program Size: Code=29692 RO-data=796 RW-data=436 ZI-data=2612  
FromELF: creating hex file...
"..\obj\micromouse_test.axf" - 0 Error(s), 0 Warning(s).
Load "..\\obj\\micromouse_test.AXF" 
Load "..\\obj\\micromouse_test.AXF" 
Erase Done.
Programming Done.
Application running ...
Build target 'Target 1'
compiling main.c...
compiling test.c...
..\user_Libraries\src\test.c(320): warning:  #1035-D: single-precision operand implicitly converted to double-precision
linking...
Program Size: Code=29692 RO-data=796 RW-data=436 ZI-data=2612  
FromELF: creating hex file...
"..\obj\micromouse_test.axf" - 0 Error(s), 1 Warning(s).
Build target 'Target 1'
compiling test.c...
..\user_Libraries\src\test.c(320): warning:  #1035-D: single-precision operand implicitly converted to double-precision
linking...
Program Size: Code=29704 RO-data=796 RW-data=436 ZI-data=2612  
FromELF: creating hex file...
"..\obj\micromouse_test.axf" - 0 Error(s), 1 Warning(s).
Load "..\\obj\\micromouse_test.AXF" 
Erase Done.
Programming Done.
Application running ...
Build target 'Target 1'
compiling test.c...
..\user_Libraries\src\test.c(320): warning:  #1035-D: single-precision operand implicitly converted to double-precision
linking...
Program Size: Code=29712 RO-data=796 RW-data=436 ZI-data=2612  
FromELF: creating hex file...
"..\obj\micromouse_test.axf" - 0 Error(s), 1 Warning(s).
Load "..\\obj\\micromouse_test.AXF" 
Erase Done.
Programming Done.
Application running ...
Build target 'Target 1'
compiling main.c...
compiling stm32f4xx_it.c...
compiling adc.c...
compiling test.c...
..\user_Libraries\src\test.c(320): warning:  #1035-D: single-precision operand implicitly converted to double-precision
compiling turn.c...
compiling speedProfile.c...
compiling move.c...
compiling lookup.c...
compiling graphics.c...
compiling initializeGrid.c...
compiling floodSearch.c...
..\user_Libraries\src\floodSearch.c(569): warning:  #550-D: variable "threeQuarterCellFlag" was set but never used
linking...
Program Size: Code=29160 RO-data=796 RW-data=436 ZI-data=3060  
FromELF: creating hex file...
"..\obj\micromouse_test.axf" - 0 Error(s), 2 Warning(s).
Load "..\\obj\\micromouse_test.AXF" 
Erase Done.
Programming Done.
Application running ...
Build target 'Target 1'
compiling test.c...
..\user_Libraries\src\test.c(320): warning:  #1035-D: single-precision operand implicitly converted to double-precision
linking...
Program Size: Code=29160 RO-data=796 RW-data=436 ZI-data=3060  
FromELF: creating hex file...
"..\obj\micromouse_test.axf" - 0 Error(s), 1 Warning(s).
Load "..\\obj\\micromouse_test.AXF" 
Erase Done.
Programming Done.
Application running ...
Build target 'Target 1'
compiling main.c...
linking...
Program Size: Code=29156 RO-data=796 RW-data=436 ZI-data=3060  
FromELF: creating hex file...
"..\obj\micromouse_test.axf" - 0 Error(s), 0 Warning(s).
Load "..\\obj\\micromouse_test.AXF" 
Erase Done.
Programming Done.
Application running ...
Build target 'Target 1'
compiling main.c...
linking...
Program Size: Code=29072 RO-data=796 RW-data=436 ZI-data=3060  
FromELF: creating hex file...
"..\obj\micromouse_test.axf" - 0 Error(s), 0 Warning(s).
Build target 'Target 1'
compiling main.c...
compiling test.c...
..\user_Libraries\src\test.c(320): warning:  #1035-D: single-precision operand implicitly converted to double-precision
linking...
Program Size: Code=29036 RO-data=796 RW-data=436 ZI-data=3060  
FromELF: creating hex file...
"..\obj\micromouse_test.axf" - 0 Error(s), 1 Warning(s).
Build target 'Target 1'
compiling main.c...
linking...
Program Size: Code=29036 RO-data=796 RW-data=436 ZI-data=3060  
FromELF: creating hex file...
"..\obj\micromouse_test.axf" - 0 Error(s), 0 Warning(s).
